
==========================================================================
global place report_tns
--------------------------------------------------------------------------
tns -272.88

==========================================================================
global place report_wns
--------------------------------------------------------------------------
wns -22.50

==========================================================================
global place report_worst_slack
--------------------------------------------------------------------------
worst slack -22.50

==========================================================================
global place report_checks -path_delay min
--------------------------------------------------------------------------
Startpoint: dpath.a_reg.out[11]$_DFFE_PP_
            (rising edge-triggered flip-flop clocked by core_clock)
Endpoint: dpath.a_reg.out[11]$_DFFE_PP_
          (rising edge-triggered flip-flop clocked by core_clock)
Path Group: core_clock
Path Type: min

Fanout     Cap    Slew   Delay    Time   Description
-----------------------------------------------------------------------------
                  0.00    0.00    0.00   clock core_clock (rise edge)
                          0.00    0.00   clock network delay (ideal)
                  0.00    0.00    0.00 ^ dpath.a_reg.out[11]$_DFFE_PP_/CLK (DFFHQNx1_ASAP7_75t_R)
     2    1.58   18.06   36.07   36.07 ^ dpath.a_reg.out[11]$_DFFE_PP_/QN (DFFHQNx1_ASAP7_75t_R)
                                         _043_ (net)
                 18.06    0.02   36.09 ^ _408_/A1 (AOI22x1_ASAP7_75t_R)
     1    0.60    8.75    7.23   43.32 v _408_/Y (AOI22x1_ASAP7_75t_R)
                                         _054_ (net)
                  8.75    0.01   43.33 v dpath.a_reg.out[11]$_DFFE_PP_/D (DFFHQNx1_ASAP7_75t_R)
                                 43.33   data arrival time

                  0.00    0.00    0.00   clock core_clock (rise edge)
                          0.00    0.00   clock network delay (ideal)
                          0.00    0.00   clock reconvergence pessimism
                                  0.00 ^ dpath.a_reg.out[11]$_DFFE_PP_/CLK (DFFHQNx1_ASAP7_75t_R)
                          8.40    8.40   library hold time
                                  8.40   data required time
-----------------------------------------------------------------------------
                                  8.40   data required time
                                -43.33   data arrival time
-----------------------------------------------------------------------------
                                 34.93   slack (MET)



==========================================================================
global place report_checks -path_delay max
--------------------------------------------------------------------------
Startpoint: dpath.b_reg.out[4]$_DFFE_PP_
            (rising edge-triggered flip-flop clocked by core_clock)
Endpoint: resp_msg[13] (output port clocked by core_clock)
Path Group: core_clock
Path Type: max

Fanout     Cap    Slew   Delay    Time   Description
-----------------------------------------------------------------------------
                  0.00    0.00    0.00   clock core_clock (rise edge)
                          0.00    0.00   clock network delay (ideal)
                  0.00    0.00    0.00 ^ dpath.b_reg.out[4]$_DFFE_PP_/CLK (DFFHQNx1_ASAP7_75t_R)
     4    3.65   29.06   42.35   42.35 v dpath.b_reg.out[4]$_DFFE_PP_/QN (DFFHQNx1_ASAP7_75t_R)
                                         _291_ (net)
                 29.06    0.13   42.48 v _572_/B (HAxp5_ASAP7_75t_R)
     5    3.76   76.88   68.57  111.05 v _572_/SN (HAxp5_ASAP7_75t_R)
                                         _022_ (net)
                 76.88    0.03  111.08 v _394_/B (OR3x1_ASAP7_75t_R)
     1    0.44    9.88   34.93  146.01 v _394_/Y (OR3x1_ASAP7_75t_R)
                                         _155_ (net)
                  9.88    0.00  146.01 v _395_/B (OA211x2_ASAP7_75t_R)
     3    2.73   14.51   29.63  175.64 v _395_/Y (OA211x2_ASAP7_75t_R)
                                         _156_ (net)
                 14.52    0.18  175.82 v _400_/A1 (OA21x2_ASAP7_75t_R)
     3    2.75   11.51   21.22  197.04 v _400_/Y (OA21x2_ASAP7_75t_R)
                                         _161_ (net)
                 11.52    0.17  197.21 v _402_/A2 (AO21x1_ASAP7_75t_R)
     3    2.60   16.47   20.45  217.66 v _402_/Y (AO21x1_ASAP7_75t_R)
                                         _163_ (net)
                 16.48    0.04  217.70 v _417_/A2 (AO32x1_ASAP7_75t_R)
     1    1.12   11.11   24.24  241.94 v _417_/Y (AO32x1_ASAP7_75t_R)
                                         _175_ (net)
                 11.11    0.02  241.95 v _418_/B (XOR2x2_ASAP7_75t_R)
     2    0.99    9.69   28.51  270.46 ^ _418_/Y (XOR2x2_ASAP7_75t_R)
                                         resp_msg[13] (net)
                  9.69    0.03  270.50 ^ resp_msg[13] (out)
                                270.50   data arrival time

                  0.00  310.00  310.00   clock core_clock (rise edge)
                          0.00  310.00   clock network delay (ideal)
                          0.00  310.00   clock reconvergence pessimism
                        -62.00  248.00   output external delay
                                248.00   data required time
-----------------------------------------------------------------------------
                                248.00   data required time
                               -270.50   data arrival time
-----------------------------------------------------------------------------
                                -22.50   slack (VIOLATED)



==========================================================================
global place report_checks -unconstrained
--------------------------------------------------------------------------
Startpoint: dpath.b_reg.out[4]$_DFFE_PP_
            (rising edge-triggered flip-flop clocked by core_clock)
Endpoint: resp_msg[13] (output port clocked by core_clock)
Path Group: core_clock
Path Type: max

Fanout     Cap    Slew   Delay    Time   Description
-----------------------------------------------------------------------------
                  0.00    0.00    0.00   clock core_clock (rise edge)
                          0.00    0.00   clock network delay (ideal)
                  0.00    0.00    0.00 ^ dpath.b_reg.out[4]$_DFFE_PP_/CLK (DFFHQNx1_ASAP7_75t_R)
     4    3.65   29.06   42.35   42.35 v dpath.b_reg.out[4]$_DFFE_PP_/QN (DFFHQNx1_ASAP7_75t_R)
                                         _291_ (net)
                 29.06    0.13   42.48 v _572_/B (HAxp5_ASAP7_75t_R)
     5    3.76   76.88   68.57  111.05 v _572_/SN (HAxp5_ASAP7_75t_R)
                                         _022_ (net)
                 76.88    0.03  111.08 v _394_/B (OR3x1_ASAP7_75t_R)
     1    0.44    9.88   34.93  146.01 v _394_/Y (OR3x1_ASAP7_75t_R)
                                         _155_ (net)
                  9.88    0.00  146.01 v _395_/B (OA211x2_ASAP7_75t_R)
     3    2.73   14.51   29.63  175.64 v _395_/Y (OA211x2_ASAP7_75t_R)
                                         _156_ (net)
                 14.52    0.18  175.82 v _400_/A1 (OA21x2_ASAP7_75t_R)
     3    2.75   11.51   21.22  197.04 v _400_/Y (OA21x2_ASAP7_75t_R)
                                         _161_ (net)
                 11.52    0.17  197.21 v _402_/A2 (AO21x1_ASAP7_75t_R)
     3    2.60   16.47   20.45  217.66 v _402_/Y (AO21x1_ASAP7_75t_R)
                                         _163_ (net)
                 16.48    0.04  217.70 v _417_/A2 (AO32x1_ASAP7_75t_R)
     1    1.12   11.11   24.24  241.94 v _417_/Y (AO32x1_ASAP7_75t_R)
                                         _175_ (net)
                 11.11    0.02  241.95 v _418_/B (XOR2x2_ASAP7_75t_R)
     2    0.99    9.69   28.51  270.46 ^ _418_/Y (XOR2x2_ASAP7_75t_R)
                                         resp_msg[13] (net)
                  9.69    0.03  270.50 ^ resp_msg[13] (out)
                                270.50   data arrival time

                  0.00  310.00  310.00   clock core_clock (rise edge)
                          0.00  310.00   clock network delay (ideal)
                          0.00  310.00   clock reconvergence pessimism
                        -62.00  248.00   output external delay
                                248.00   data required time
-----------------------------------------------------------------------------
                                248.00   data required time
                               -270.50   data arrival time
-----------------------------------------------------------------------------
                                -22.50   slack (VIOLATED)



==========================================================================
global place report_power
--------------------------------------------------------------------------
Group                  Internal  Switching    Leakage      Total
                          Power      Power      Power      Power (Watts)
----------------------------------------------------------------
Sequential             2.11e-04   2.37e-05   5.34e-09   2.35e-04  42.0%
Combinational          1.70e-04   1.54e-04   2.17e-08   3.24e-04  58.0%
Clock                  0.00e+00   0.00e+00   0.00e+00   0.00e+00   0.0%
Macro                  0.00e+00   0.00e+00   0.00e+00   0.00e+00   0.0%
Pad                    0.00e+00   0.00e+00   0.00e+00   0.00e+00   0.0%
----------------------------------------------------------------
Total                  3.81e-04   1.78e-04   2.70e-08   5.59e-04 100.0%
                          68.2%      31.8%       0.0%
