
==========================================================================
global place report_tns
--------------------------------------------------------------------------
tns -244.71

==========================================================================
global place report_wns
--------------------------------------------------------------------------
wns -22.06

==========================================================================
global place report_worst_slack
--------------------------------------------------------------------------
worst slack -22.06

==========================================================================
global place report_checks -path_delay min
--------------------------------------------------------------------------
Startpoint: dpath.a_reg.out[11]$_DFFE_PP_
            (rising edge-triggered flip-flop clocked by core_clock)
Endpoint: dpath.a_reg.out[11]$_DFFE_PP_
          (rising edge-triggered flip-flop clocked by core_clock)
Path Group: core_clock
Path Type: min

Fanout     Cap    Slew   Delay    Time   Description
-----------------------------------------------------------------------------
                  0.00    0.00    0.00   clock core_clock (rise edge)
                          0.00    0.00   clock network delay (ideal)
                  0.00    0.00    0.00 ^ dpath.a_reg.out[11]$_DFFE_PP_/CLK (DFFHQNx1_ASAP7_75t_R)
     2    1.56   17.92   35.99   35.99 ^ dpath.a_reg.out[11]$_DFFE_PP_/QN (DFFHQNx1_ASAP7_75t_R)
                                         _043_ (net)
                 17.92    0.02   36.01 ^ _408_/A1 (AOI22x1_ASAP7_75t_R)
     1    0.59    8.70    7.19   43.21 v _408_/Y (AOI22x1_ASAP7_75t_R)
                                         _054_ (net)
                  8.70    0.00   43.21 v dpath.a_reg.out[11]$_DFFE_PP_/D (DFFHQNx1_ASAP7_75t_R)
                                 43.21   data arrival time

                  0.00    0.00    0.00   clock core_clock (rise edge)
                          0.00    0.00   clock network delay (ideal)
                          0.00    0.00   clock reconvergence pessimism
                                  0.00 ^ dpath.a_reg.out[11]$_DFFE_PP_/CLK (DFFHQNx1_ASAP7_75t_R)
                          8.40    8.40   library hold time
                                  8.40   data required time
-----------------------------------------------------------------------------
                                  8.40   data required time
                                -43.21   data arrival time
-----------------------------------------------------------------------------
                                 34.81   slack (MET)



==========================================================================
global place report_checks -path_delay max
--------------------------------------------------------------------------
Startpoint: dpath.b_reg.out[4]$_DFFE_PP_
            (rising edge-triggered flip-flop clocked by core_clock)
Endpoint: resp_msg[13] (output port clocked by core_clock)
Path Group: core_clock
Path Type: max

Fanout     Cap    Slew   Delay    Time   Description
-----------------------------------------------------------------------------
                  0.00    0.00    0.00   clock core_clock (rise edge)
                          0.00    0.00   clock network delay (ideal)
                  0.00    0.00    0.00 ^ dpath.b_reg.out[4]$_DFFE_PP_/CLK (DFFHQNx1_ASAP7_75t_R)
     4    3.61   28.82   42.23   42.23 v dpath.b_reg.out[4]$_DFFE_PP_/QN (DFFHQNx1_ASAP7_75t_R)
                                         _291_ (net)
                 28.82    0.12   42.34 v _572_/B (HAxp5_ASAP7_75t_R)
     5    3.76   76.99   68.54  110.89 v _572_/SN (HAxp5_ASAP7_75t_R)
                                         _022_ (net)
                 76.99    0.03  110.92 v _394_/B (OR3x1_ASAP7_75t_R)
     1    0.46    9.71   35.00  145.92 v _394_/Y (OR3x1_ASAP7_75t_R)
                                         _155_ (net)
                  9.71    0.00  145.92 v _395_/B (OA211x2_ASAP7_75t_R)
     3    2.70   14.42   29.50  175.42 v _395_/Y (OA211x2_ASAP7_75t_R)
                                         _156_ (net)
                 14.43    0.17  175.59 v _400_/A1 (OA21x2_ASAP7_75t_R)
     3    2.79   11.60   21.26  196.86 v _400_/Y (OA21x2_ASAP7_75t_R)
                                         _161_ (net)
                 11.61    0.18  197.04 v _402_/A2 (AO21x1_ASAP7_75t_R)
     3    2.61   16.51   20.50  217.54 v _402_/Y (AO21x1_ASAP7_75t_R)
                                         _163_ (net)
                 16.51    0.04  217.58 v _417_/A2 (AO32x1_ASAP7_75t_R)
     1    1.11   11.10   24.21  241.79 v _417_/Y (AO32x1_ASAP7_75t_R)
                                         _175_ (net)
                 11.10    0.01  241.80 v _418_/B (XOR2x2_ASAP7_75t_R)
     2    0.86    9.31   28.24  270.05 ^ _418_/Y (XOR2x2_ASAP7_75t_R)
                                         resp_msg[13] (net)
                  9.31    0.01  270.06 ^ resp_msg[13] (out)
                                270.06   data arrival time

                  0.00  310.00  310.00   clock core_clock (rise edge)
                          0.00  310.00   clock network delay (ideal)
                          0.00  310.00   clock reconvergence pessimism
                        -62.00  248.00   output external delay
                                248.00   data required time
-----------------------------------------------------------------------------
                                248.00   data required time
                               -270.06   data arrival time
-----------------------------------------------------------------------------
                                -22.06   slack (VIOLATED)



==========================================================================
global place report_checks -unconstrained
--------------------------------------------------------------------------
Startpoint: dpath.b_reg.out[4]$_DFFE_PP_
            (rising edge-triggered flip-flop clocked by core_clock)
Endpoint: resp_msg[13] (output port clocked by core_clock)
Path Group: core_clock
Path Type: max

Fanout     Cap    Slew   Delay    Time   Description
-----------------------------------------------------------------------------
                  0.00    0.00    0.00   clock core_clock (rise edge)
                          0.00    0.00   clock network delay (ideal)
                  0.00    0.00    0.00 ^ dpath.b_reg.out[4]$_DFFE_PP_/CLK (DFFHQNx1_ASAP7_75t_R)
     4    3.61   28.82   42.23   42.23 v dpath.b_reg.out[4]$_DFFE_PP_/QN (DFFHQNx1_ASAP7_75t_R)
                                         _291_ (net)
                 28.82    0.12   42.34 v _572_/B (HAxp5_ASAP7_75t_R)
     5    3.76   76.99   68.54  110.89 v _572_/SN (HAxp5_ASAP7_75t_R)
                                         _022_ (net)
                 76.99    0.03  110.92 v _394_/B (OR3x1_ASAP7_75t_R)
     1    0.46    9.71   35.00  145.92 v _394_/Y (OR3x1_ASAP7_75t_R)
                                         _155_ (net)
                  9.71    0.00  145.92 v _395_/B (OA211x2_ASAP7_75t_R)
     3    2.70   14.42   29.50  175.42 v _395_/Y (OA211x2_ASAP7_75t_R)
                                         _156_ (net)
                 14.43    0.17  175.59 v _400_/A1 (OA21x2_ASAP7_75t_R)
     3    2.79   11.60   21.26  196.86 v _400_/Y (OA21x2_ASAP7_75t_R)
                                         _161_ (net)
                 11.61    0.18  197.04 v _402_/A2 (AO21x1_ASAP7_75t_R)
     3    2.61   16.51   20.50  217.54 v _402_/Y (AO21x1_ASAP7_75t_R)
                                         _163_ (net)
                 16.51    0.04  217.58 v _417_/A2 (AO32x1_ASAP7_75t_R)
     1    1.11   11.10   24.21  241.79 v _417_/Y (AO32x1_ASAP7_75t_R)
                                         _175_ (net)
                 11.10    0.01  241.80 v _418_/B (XOR2x2_ASAP7_75t_R)
     2    0.86    9.31   28.24  270.05 ^ _418_/Y (XOR2x2_ASAP7_75t_R)
                                         resp_msg[13] (net)
                  9.31    0.01  270.06 ^ resp_msg[13] (out)
                                270.06   data arrival time

                  0.00  310.00  310.00   clock core_clock (rise edge)
                          0.00  310.00   clock network delay (ideal)
                          0.00  310.00   clock reconvergence pessimism
                        -62.00  248.00   output external delay
                                248.00   data required time
-----------------------------------------------------------------------------
                                248.00   data required time
                               -270.06   data arrival time
-----------------------------------------------------------------------------
                                -22.06   slack (VIOLATED)



==========================================================================
global place report_power
--------------------------------------------------------------------------
Group                  Internal  Switching    Leakage      Total
                          Power      Power      Power      Power (Watts)
----------------------------------------------------------------
Sequential             2.11e-04   2.39e-05   5.34e-09   2.35e-04  41.8%
Combinational          1.70e-04   1.57e-04   2.17e-08   3.27e-04  58.2%
Clock                  0.00e+00   0.00e+00   0.00e+00   0.00e+00   0.0%
Macro                  0.00e+00   0.00e+00   0.00e+00   0.00e+00   0.0%
Pad                    0.00e+00   0.00e+00   0.00e+00   0.00e+00   0.0%
----------------------------------------------------------------
Total                  3.81e-04   1.81e-04   2.70e-08   5.62e-04 100.0%
                          67.8%      32.2%       0.0%
