
==========================================================================
global place report_tns
--------------------------------------------------------------------------
tns -258.11

==========================================================================
global place report_wns
--------------------------------------------------------------------------
wns -21.03

==========================================================================
global place report_worst_slack
--------------------------------------------------------------------------
worst slack -21.03

==========================================================================
global place report_checks -path_delay min
--------------------------------------------------------------------------
Startpoint: dpath.a_reg.out[11]$_DFFE_PP_
            (rising edge-triggered flip-flop clocked by core_clock)
Endpoint: dpath.a_reg.out[11]$_DFFE_PP_
          (rising edge-triggered flip-flop clocked by core_clock)
Path Group: core_clock
Path Type: min

Fanout     Cap    Slew   Delay    Time   Description
-----------------------------------------------------------------------------
                  0.00    0.00    0.00   clock core_clock (rise edge)
                          0.00    0.00   clock network delay (ideal)
                  0.00    0.00    0.00 ^ dpath.a_reg.out[11]$_DFFE_PP_/CLK (DFFHQNx1_ASAP7_75t_R)
     2    1.56   17.92   35.99   35.99 ^ dpath.a_reg.out[11]$_DFFE_PP_/QN (DFFHQNx1_ASAP7_75t_R)
                                         _043_ (net)
                 17.92    0.02   36.01 ^ _408_/A1 (AOI22x1_ASAP7_75t_R)
     1    0.59    8.69    7.19   43.20 v _408_/Y (AOI22x1_ASAP7_75t_R)
                                         _054_ (net)
                  8.69    0.00   43.21 v dpath.a_reg.out[11]$_DFFE_PP_/D (DFFHQNx1_ASAP7_75t_R)
                                 43.21   data arrival time

                  0.00    0.00    0.00   clock core_clock (rise edge)
                          0.00    0.00   clock network delay (ideal)
                          0.00    0.00   clock reconvergence pessimism
                                  0.00 ^ dpath.a_reg.out[11]$_DFFE_PP_/CLK (DFFHQNx1_ASAP7_75t_R)
                          8.40    8.40   library hold time
                                  8.40   data required time
-----------------------------------------------------------------------------
                                  8.40   data required time
                                -43.21   data arrival time
-----------------------------------------------------------------------------
                                 34.80   slack (MET)



==========================================================================
global place report_checks -path_delay max
--------------------------------------------------------------------------
Startpoint: dpath.b_reg.out[8]$_DFFE_PP_
            (rising edge-triggered flip-flop clocked by core_clock)
Endpoint: resp_msg[13] (output port clocked by core_clock)
Path Group: core_clock
Path Type: max

Fanout     Cap    Slew   Delay    Time   Description
-----------------------------------------------------------------------------
                  0.00    0.00    0.00   clock core_clock (rise edge)
                          0.00    0.00   clock network delay (ideal)
                  0.00    0.00    0.00 ^ dpath.b_reg.out[8]$_DFFE_PP_/CLK (DFFHQNx1_ASAP7_75t_R)
     4    3.68   29.28   42.45   42.45 v dpath.b_reg.out[8]$_DFFE_PP_/QN (DFFHQNx1_ASAP7_75t_R)
                                         _287_ (net)
                 29.28    0.11   42.57 v _568_/A (HAxp5_ASAP7_75t_R)
     5    3.70   75.51   68.10  110.67 v _568_/SN (HAxp5_ASAP7_75t_R)
                                         _016_ (net)
                 75.51    0.10  110.76 v _314_/A (OR3x1_ASAP7_75t_R)
     3    2.19   19.37   42.54  153.31 v _314_/Y (OR3x1_ASAP7_75t_R)
                                         _098_ (net)
                 19.37    0.01  153.32 v _396_/B (OR2x2_ASAP7_75t_R)
     1    0.66    8.77   21.94  175.26 v _396_/Y (OR2x2_ASAP7_75t_R)
                                         _157_ (net)
                  8.77    0.00  175.26 v _400_/A2 (OA21x2_ASAP7_75t_R)
     3    2.88   11.83   20.29  195.55 v _400_/Y (OA21x2_ASAP7_75t_R)
                                         _161_ (net)
                 11.85    0.23  195.78 v _402_/A2 (AO21x1_ASAP7_75t_R)
     3    2.53   16.08   20.37  216.15 v _402_/Y (AO21x1_ASAP7_75t_R)
                                         _163_ (net)
                 16.08    0.02  216.16 v _417_/A2 (AO32x1_ASAP7_75t_R)
     1    1.16   11.33   24.29  240.45 v _417_/Y (AO32x1_ASAP7_75t_R)
                                         _175_ (net)
                 11.33    0.02  240.47 v _418_/B (XOR2x2_ASAP7_75t_R)
     2    0.96    9.61   28.53  269.01 ^ _418_/Y (XOR2x2_ASAP7_75t_R)
                                         resp_msg[13] (net)
                  9.61    0.02  269.03 ^ resp_msg[13] (out)
                                269.03   data arrival time

                  0.00  310.00  310.00   clock core_clock (rise edge)
                          0.00  310.00   clock network delay (ideal)
                          0.00  310.00   clock reconvergence pessimism
                        -62.00  248.00   output external delay
                                248.00   data required time
-----------------------------------------------------------------------------
                                248.00   data required time
                               -269.03   data arrival time
-----------------------------------------------------------------------------
                                -21.03   slack (VIOLATED)



==========================================================================
global place report_checks -unconstrained
--------------------------------------------------------------------------
Startpoint: dpath.b_reg.out[8]$_DFFE_PP_
            (rising edge-triggered flip-flop clocked by core_clock)
Endpoint: resp_msg[13] (output port clocked by core_clock)
Path Group: core_clock
Path Type: max

Fanout     Cap    Slew   Delay    Time   Description
-----------------------------------------------------------------------------
                  0.00    0.00    0.00   clock core_clock (rise edge)
                          0.00    0.00   clock network delay (ideal)
                  0.00    0.00    0.00 ^ dpath.b_reg.out[8]$_DFFE_PP_/CLK (DFFHQNx1_ASAP7_75t_R)
     4    3.68   29.28   42.45   42.45 v dpath.b_reg.out[8]$_DFFE_PP_/QN (DFFHQNx1_ASAP7_75t_R)
                                         _287_ (net)
                 29.28    0.11   42.57 v _568_/A (HAxp5_ASAP7_75t_R)
     5    3.70   75.51   68.10  110.67 v _568_/SN (HAxp5_ASAP7_75t_R)
                                         _016_ (net)
                 75.51    0.10  110.76 v _314_/A (OR3x1_ASAP7_75t_R)
     3    2.19   19.37   42.54  153.31 v _314_/Y (OR3x1_ASAP7_75t_R)
                                         _098_ (net)
                 19.37    0.01  153.32 v _396_/B (OR2x2_ASAP7_75t_R)
     1    0.66    8.77   21.94  175.26 v _396_/Y (OR2x2_ASAP7_75t_R)
                                         _157_ (net)
                  8.77    0.00  175.26 v _400_/A2 (OA21x2_ASAP7_75t_R)
     3    2.88   11.83   20.29  195.55 v _400_/Y (OA21x2_ASAP7_75t_R)
                                         _161_ (net)
                 11.85    0.23  195.78 v _402_/A2 (AO21x1_ASAP7_75t_R)
     3    2.53   16.08   20.37  216.15 v _402_/Y (AO21x1_ASAP7_75t_R)
                                         _163_ (net)
                 16.08    0.02  216.16 v _417_/A2 (AO32x1_ASAP7_75t_R)
     1    1.16   11.33   24.29  240.45 v _417_/Y (AO32x1_ASAP7_75t_R)
                                         _175_ (net)
                 11.33    0.02  240.47 v _418_/B (XOR2x2_ASAP7_75t_R)
     2    0.96    9.61   28.53  269.01 ^ _418_/Y (XOR2x2_ASAP7_75t_R)
                                         resp_msg[13] (net)
                  9.61    0.02  269.03 ^ resp_msg[13] (out)
                                269.03   data arrival time

                  0.00  310.00  310.00   clock core_clock (rise edge)
                          0.00  310.00   clock network delay (ideal)
                          0.00  310.00   clock reconvergence pessimism
                        -62.00  248.00   output external delay
                                248.00   data required time
-----------------------------------------------------------------------------
                                248.00   data required time
                               -269.03   data arrival time
-----------------------------------------------------------------------------
                                -21.03   slack (VIOLATED)



==========================================================================
global place report_power
--------------------------------------------------------------------------
Group                  Internal  Switching    Leakage      Total
                          Power      Power      Power      Power (Watts)
----------------------------------------------------------------
Sequential             2.11e-04   2.34e-05   5.34e-09   2.34e-04  42.0%
Combinational          1.70e-04   1.54e-04   2.17e-08   3.24e-04  58.0%
Clock                  0.00e+00   0.00e+00   0.00e+00   0.00e+00   0.0%
Macro                  0.00e+00   0.00e+00   0.00e+00   0.00e+00   0.0%
Pad                    0.00e+00   0.00e+00   0.00e+00   0.00e+00   0.0%
----------------------------------------------------------------
Total                  3.81e-04   1.78e-04   2.70e-08   5.59e-04 100.0%
                          68.2%      31.8%       0.0%
