
==========================================================================
detailed place report_tns
--------------------------------------------------------------------------
tns -296.45

==========================================================================
detailed place report_wns
--------------------------------------------------------------------------
wns -0.39

==========================================================================
detailed place report_worst_slack
--------------------------------------------------------------------------
worst slack -0.39

==========================================================================
detailed place report_checks -path_delay min
--------------------------------------------------------------------------
Startpoint: rst_ni (input port clocked by core_clock)
Endpoint: gen_regfile_ff.register_file_i.rf_reg_q[566]$_DFFE_PN0P_
          (removal check against rising-edge clock core_clock)
Path Group: asynchronous
Path Type: min

Fanout     Cap    Slew   Delay    Time   Description
-----------------------------------------------------------------------------
                  0.00    0.00    0.00   clock core_clock (rise edge)
                          0.00    0.00   clock network delay (ideal)
                          0.44    0.44 ^ input external delay
  1658 3504.31    0.00    0.00    0.44 ^ rst_ni (in)
                                         rst_ni (net)
                  1.82    1.49    1.93 ^ gen_regfile_ff.register_file_i.rf_reg_q[566]$_DFFE_PN0P_/RN (DFFR_X1)
                                  1.93   data arrival time

                  0.00    0.00    0.00   clock core_clock (rise edge)
                          0.00    0.00   clock network delay (ideal)
                          0.00    0.00   clock reconvergence pessimism
                                  0.00 ^ gen_regfile_ff.register_file_i.rf_reg_q[566]$_DFFE_PN0P_/CK (DFFR_X1)
                          2.46    2.46   library removal time
                                  2.46   data required time
-----------------------------------------------------------------------------
                                  2.46   data required time
                                 -1.93   data arrival time
-----------------------------------------------------------------------------
                                 -0.53   slack (VIOLATED)


Startpoint: core_clock_gate_i.en_latch$_DLATCH_N_
            (negative level-sensitive latch clocked by core_clock)
Endpoint: _29919_ (rising clock gating-check end-point clocked by core_clock)
Path Group: gated clock
Path Type: min

Fanout     Cap    Slew   Delay    Time   Description
-----------------------------------------------------------------------------
                  0.00    1.10    1.10   clock core_clock (fall edge)
                          0.00    1.10   clock network delay (ideal)
                  0.00    0.00    1.10 v core_clock_gate_i.en_latch$_DLATCH_N_/GN (DLL_X1)
     1    1.05    0.01    0.04    1.14 ^ core_clock_gate_i.en_latch$_DLATCH_N_/Q (DLL_X1)
                                         core_clock_gate_i.en_latch (net)
                  0.01    0.00    1.14 ^ _29919_/A2 (AND2_X1)
                                  1.14   data arrival time

                  0.00    1.10    1.10   clock core_clock (fall edge)
                          0.00    1.10   clock network delay (ideal)
                          0.00    1.10   clock reconvergence pessimism
                                  1.10 v _29919_/A1 (AND2_X1)
                          0.00    1.10   clock gating hold time
                                  1.10   data required time
-----------------------------------------------------------------------------
                                  1.10   data required time
                                 -1.14   data arrival time
-----------------------------------------------------------------------------
                                  0.04   slack (MET)


Startpoint: cs_registers_i.u_dcsr_csr.rdata_q[2]$_DFFE_PN0P_
            (rising edge-triggered flip-flop clocked by core_clock)
Endpoint: cs_registers_i.u_dcsr_csr.rdata_q[8]$_DFFE_PN0P_
          (rising edge-triggered flip-flop clocked by core_clock)
Path Group: core_clock
Path Type: min

Fanout     Cap    Slew   Delay    Time   Description
-----------------------------------------------------------------------------
                  0.00    0.00    0.00   clock core_clock (rise edge)
                          0.00    0.00   clock network delay (ideal)
                  0.00    0.00    0.00 ^ cs_registers_i.u_dcsr_csr.rdata_q[2]$_DFFE_PN0P_/CK (DFFR_X1)
     2    3.81    0.01    0.07    0.07 ^ cs_registers_i.u_dcsr_csr.rdata_q[2]$_DFFE_PN0P_/QN (DFFR_X1)
                                         _01164_ (net)
                  0.01    0.00    0.07 ^ _28337_/A1 (OAI22_X1)
     1    1.37    0.01    0.01    0.08 v _28337_/ZN (OAI22_X1)
                                         _02831_ (net)
                  0.01    0.00    0.08 v cs_registers_i.u_dcsr_csr.rdata_q[8]$_DFFE_PN0P_/D (DFFR_X1)
                                  0.08   data arrival time

                  0.00    0.00    0.00   clock core_clock (rise edge)
                          0.00    0.00   clock network delay (ideal)
                          0.00    0.00   clock reconvergence pessimism
                                  0.00 ^ cs_registers_i.u_dcsr_csr.rdata_q[8]$_DFFE_PN0P_/CK (DFFR_X1)
                          0.00    0.00   library hold time
                                  0.00   data required time
-----------------------------------------------------------------------------
                                  0.00   data required time
                                 -0.08   data arrival time
-----------------------------------------------------------------------------
                                  0.08   slack (MET)



==========================================================================
detailed place report_checks -path_delay max
--------------------------------------------------------------------------
Startpoint: rst_ni (input port clocked by core_clock)
Endpoint: gen_regfile_ff.register_file_i.rf_reg_q[566]$_DFFE_PN0P_
          (recovery check against rising-edge clock core_clock)
Path Group: asynchronous
Path Type: max

Fanout     Cap    Slew   Delay    Time   Description
-----------------------------------------------------------------------------
                  0.00    0.00    0.00   clock core_clock (rise edge)
                          0.00    0.00   clock network delay (ideal)
                          0.44    0.44 ^ input external delay
  1658 3504.31    0.00    0.00    0.44 ^ rst_ni (in)
                                         rst_ni (net)
                  1.82    1.49    1.93 ^ gen_regfile_ff.register_file_i.rf_reg_q[566]$_DFFE_PN0P_/RN (DFFR_X1)
                                  1.93   data arrival time

                  0.00    2.20    2.20   clock core_clock (rise edge)
                          0.00    2.20   clock network delay (ideal)
                          0.00    2.20   clock reconvergence pessimism
                                  2.20 ^ gen_regfile_ff.register_file_i.rf_reg_q[566]$_DFFE_PN0P_/CK (DFFR_X1)
                         -0.38    1.82   library recovery time
                                  1.82   data required time
-----------------------------------------------------------------------------
                                  1.82   data required time
                                 -1.93   data arrival time
-----------------------------------------------------------------------------
                                 -0.11   slack (VIOLATED)


Startpoint: core_clock_gate_i.en_latch$_DLATCH_N_
            (negative level-sensitive latch clocked by core_clock)
Endpoint: _29919_ (rising clock gating-check end-point clocked by core_clock)
Path Group: gated clock
Path Type: max

Fanout     Cap    Slew   Delay    Time   Description
-----------------------------------------------------------------------------
                  0.00    1.10    1.10   clock core_clock (fall edge)
                          0.00    1.10   clock network delay (ideal)
                  0.00    0.00    1.10 v core_clock_gate_i.en_latch$_DLATCH_N_/GN (DLL_X1)
     1    0.97    0.01    0.07    1.17 v core_clock_gate_i.en_latch$_DLATCH_N_/Q (DLL_X1)
                                         core_clock_gate_i.en_latch (net)
                  0.01    0.00    1.17 v _29919_/A2 (AND2_X1)
                                  1.17   data arrival time

                  0.00    2.20    2.20   clock core_clock (rise edge)
                          0.00    2.20   clock network delay (ideal)
                          0.00    2.20   clock reconvergence pessimism
                                  2.20 ^ _29919_/A1 (AND2_X1)
                          0.00    2.20   clock gating setup time
                                  2.20   data required time
-----------------------------------------------------------------------------
                                  2.20   data required time
                                 -1.17   data arrival time
-----------------------------------------------------------------------------
                                  1.03   slack (MET)


Startpoint: if_stage_i.instr_rdata_alu_id_o[20]$_DFFE_PN_
            (rising edge-triggered flip-flop clocked by core_clock)
Endpoint: gen_regfile_ff.register_file_i.rf_reg_q[157]$_DFFE_PN0P_
          (rising edge-triggered flip-flop clocked by core_clock)
Path Group: core_clock
Path Type: max

Fanout     Cap    Slew   Delay    Time   Description
-----------------------------------------------------------------------------
                  0.00    0.00    0.00   clock core_clock (rise edge)
                          0.00    0.00   clock network delay (ideal)
                  0.00    0.00    0.00 ^ if_stage_i.instr_rdata_alu_id_o[20]$_DFFE_PN_/CK (DFF_X1)
     1    3.54    0.01    0.09    0.09 ^ if_stage_i.instr_rdata_alu_id_o[20]$_DFFE_PN_/Q (DFF_X1)
                                         gen_regfile_ff.register_file_i.raddr_b_i[0] (net)
                  0.01    0.00    0.09 ^ _16524_/A (BUF_X4)
     9   24.00    0.02    0.03    0.12 ^ _16524_/Z (BUF_X4)
                                         _10708_ (net)
                  0.02    0.00    0.12 ^ _16525_/A (BUF_X4)
    10   46.50    0.03    0.04    0.16 ^ _16525_/Z (BUF_X4)
                                         _10709_ (net)
                  0.03    0.01    0.18 ^ _16526_/A (BUF_X2)
    10   38.61    0.04    0.06    0.24 ^ _16526_/Z (BUF_X2)
                                         _10710_ (net)
                  0.05    0.01    0.25 ^ _16527_/A (BUF_X2)
    19   55.01    0.06    0.09    0.34 ^ _16527_/Z (BUF_X2)
                                         _10711_ (net)
                  0.06    0.01    0.35 ^ _18242_/A (BUF_X2)
    10   17.06    0.02    0.05    0.40 ^ _18242_/Z (BUF_X2)
                                         _12359_ (net)
                  0.02    0.00    0.40 ^ _18271_/A (BUF_X2)
    10   34.36    0.04    0.06    0.46 ^ _18271_/Z (BUF_X2)
                                         _12388_ (net)
                  0.04    0.00    0.46 ^ _18325_/A (BUF_X1)
    10   31.81    0.07    0.10    0.56 ^ _18325_/Z (BUF_X1)
                                         _12440_ (net)
                  0.07    0.01    0.57 ^ _18355_/S (MUX2_X1)
     1    0.96    0.01    0.06    0.63 v _18355_/Z (MUX2_X1)
                                         _12470_ (net)
                  0.01    0.00    0.63 v _18356_/B (MUX2_X1)
     1    1.13    0.01    0.06    0.69 v _18356_/Z (MUX2_X1)
                                         _12471_ (net)
                  0.01    0.00    0.69 v _18357_/B (MUX2_X1)
     1    3.45    0.01    0.06    0.75 v _18357_/Z (MUX2_X1)
                                         _12472_ (net)
                  0.01    0.00    0.75 v _18358_/B1 (AOI21_X1)
     8   35.95    0.17    0.19    0.94 ^ _18358_/ZN (AOI21_X1)
                                         _12473_ (net)
                  0.17    0.02    0.96 ^ _20581_/A1 (AND2_X1)
     1    1.81    0.01    0.05    1.01 ^ _20581_/ZN (AND2_X1)
                                         _03899_ (net)
                  0.01    0.00    1.01 ^ _20582_/A (AOI21_X1)
     2   11.04    0.04    0.03    1.04 v _20582_/ZN (AOI21_X1)
                                         _03900_ (net)
                  0.04    0.00    1.04 v _20583_/A (BUF_X1)
    10   22.91    0.03    0.07    1.11 v _20583_/Z (BUF_X1)
                                         _03901_ (net)
                  0.03    0.00    1.11 v _20725_/A2 (NOR2_X1)
     1    3.62    0.03    0.04    1.15 ^ _20725_/ZN (NOR2_X1)
                                         _15300_ (net)
                  0.03    0.00    1.15 ^ _30277_/B (FA_X1)
     1    1.83    0.01    0.10    1.25 v _30277_/S (FA_X1)
                                         _15303_ (net)
                  0.01    0.00    1.25 v _21190_/A (INV_X1)
     1    3.96    0.01    0.02    1.27 ^ _21190_/ZN (INV_X1)
                                         _15304_ (net)
                  0.01    0.00    1.27 ^ _30278_/A (FA_X1)
     1    3.99    0.02    0.09    1.36 v _30278_/S (FA_X1)
                                         _15306_ (net)
                  0.02    0.00    1.36 v _30281_/A (FA_X1)
     1    5.37    0.02    0.11    1.47 v _30281_/S (FA_X1)
                                         _15316_ (net)
                  0.02    0.00    1.47 v _30285_/B (FA_X1)
     1    3.61    0.01    0.13    1.60 ^ _30285_/S (FA_X1)
                                         _15329_ (net)
                  0.01    0.00    1.60 ^ _30289_/B (FA_X1)
     1    3.79    0.02    0.10    1.70 v _30289_/S (FA_X1)
                                         _15344_ (net)
                  0.02    0.00    1.70 v _30290_/A (FA_X1)
     1    6.50    0.02    0.13    1.82 ^ _30290_/S (FA_X1)
                                         _15347_ (net)
                  0.02    0.00    1.82 ^ _21516_/A (INV_X1)
     1    3.22    0.01    0.01    1.84 v _21516_/ZN (INV_X1)
                                         _16168_ (net)
                  0.01    0.00    1.84 v _30548_/A (HA_X1)
     4    6.42    0.02    0.06    1.89 v _30548_/S (HA_X1)
                                         _16171_ (net)
                  0.02    0.00    1.90 v _23764_/B2 (AOI21_X1)
     1    1.89    0.02    0.03    1.93 ^ _23764_/ZN (AOI21_X1)
                                         _06266_ (net)
                  0.02    0.00    1.93 ^ _23766_/B1 (OAI21_X1)
     3    4.81    0.01    0.02    1.95 v _23766_/ZN (OAI21_X1)
                                         _06268_ (net)
                  0.01    0.00    1.95 v _23841_/B1 (AOI21_X1)
     1    1.79    0.02    0.03    1.98 ^ _23841_/ZN (AOI21_X1)
                                         _06340_ (net)
                  0.02    0.00    1.98 ^ _23842_/B1 (OAI21_X1)
     1    1.61    0.01    0.02    2.00 v _23842_/ZN (OAI21_X1)
                                         _06341_ (net)
                  0.01    0.00    2.00 v _23843_/B1 (AOI21_X1)
     1    1.77    0.02    0.03    2.03 ^ _23843_/ZN (AOI21_X1)
                                         _06342_ (net)
                  0.02    0.00    2.03 ^ _23844_/A (INV_X1)
     3    4.73    0.01    0.02    2.04 v _23844_/ZN (INV_X1)
                                         _06343_ (net)
                  0.01    0.00    2.04 v _23909_/A3 (NAND3_X1)
     1    1.85    0.01    0.02    2.06 ^ _23909_/ZN (NAND3_X1)
                                         _06406_ (net)
                  0.01    0.00    2.06 ^ _23911_/A (OAI21_X1)
     2    3.31    0.01    0.02    2.09 v _23911_/ZN (OAI21_X1)
                                         _06408_ (net)
                  0.01    0.00    2.09 v _23912_/A3 (NOR3_X1)
     1    2.52    0.03    0.06    2.14 ^ _23912_/ZN (NOR3_X1)
                                         _06409_ (net)
                  0.03    0.00    2.14 ^ _23913_/B (XOR2_X1)
     1    3.14    0.03    0.06    2.20 ^ _23913_/Z (XOR2_X1)
                                         _06410_ (net)
                  0.03    0.00    2.20 ^ _23914_/B (MUX2_X1)
     2    4.24    0.01    0.05    2.25 ^ _23914_/Z (MUX2_X1)
                                         _06411_ (net)
                  0.01    0.00    2.25 ^ _23915_/A2 (NAND2_X1)
     1    8.74    0.02    0.03    2.28 v _23915_/ZN (NAND2_X1)
                                         _06412_ (net)
                  0.02    0.00    2.28 v _23924_/B2 (AOI221_X1)
     1    6.37    0.07    0.12    2.40 ^ _23924_/ZN (AOI221_X1)
                                         _06421_ (net)
                  0.07    0.00    2.40 ^ _23925_/B1 (AOI21_X1)
     4    4.62    0.02    0.03    2.43 v _23925_/ZN (AOI21_X1)
                                         _06422_ (net)
                  0.02    0.00    2.43 v _23926_/A (BUF_X1)
    10   13.67    0.02    0.05    2.49 v _23926_/Z (BUF_X1)
                                         _06423_ (net)
                  0.02    0.00    2.49 v _24159_/B (MUX2_X1)
     1    1.46    0.01    0.06    2.55 v _24159_/Z (MUX2_X1)
                                         _01343_ (net)
                  0.01    0.00    2.55 v gen_regfile_ff.register_file_i.rf_reg_q[157]$_DFFE_PN0P_/D (DFFR_X1)
                                  2.55   data arrival time

                  0.00    2.20    2.20   clock core_clock (rise edge)
                          0.00    2.20   clock network delay (ideal)
                          0.00    2.20   clock reconvergence pessimism
                                  2.20 ^ gen_regfile_ff.register_file_i.rf_reg_q[157]$_DFFE_PN0P_/CK (DFFR_X1)
                         -0.04    2.16   library setup time
                                  2.16   data required time
-----------------------------------------------------------------------------
                                  2.16   data required time
                                 -2.55   data arrival time
-----------------------------------------------------------------------------
                                 -0.39   slack (VIOLATED)



==========================================================================
detailed place report_checks -unconstrained
--------------------------------------------------------------------------
Startpoint: rst_ni (input port clocked by core_clock)
Endpoint: gen_regfile_ff.register_file_i.rf_reg_q[566]$_DFFE_PN0P_
          (recovery check against rising-edge clock core_clock)
Path Group: asynchronous
Path Type: max

Fanout     Cap    Slew   Delay    Time   Description
-----------------------------------------------------------------------------
                  0.00    0.00    0.00   clock core_clock (rise edge)
                          0.00    0.00   clock network delay (ideal)
                          0.44    0.44 ^ input external delay
  1658 3504.31    0.00    0.00    0.44 ^ rst_ni (in)
                                         rst_ni (net)
                  1.82    1.49    1.93 ^ gen_regfile_ff.register_file_i.rf_reg_q[566]$_DFFE_PN0P_/RN (DFFR_X1)
                                  1.93   data arrival time

                  0.00    2.20    2.20   clock core_clock (rise edge)
                          0.00    2.20   clock network delay (ideal)
                          0.00    2.20   clock reconvergence pessimism
                                  2.20 ^ gen_regfile_ff.register_file_i.rf_reg_q[566]$_DFFE_PN0P_/CK (DFFR_X1)
                         -0.38    1.82   library recovery time
                                  1.82   data required time
-----------------------------------------------------------------------------
                                  1.82   data required time
                                 -1.93   data arrival time
-----------------------------------------------------------------------------
                                 -0.11   slack (VIOLATED)


Startpoint: core_clock_gate_i.en_latch$_DLATCH_N_
            (negative level-sensitive latch clocked by core_clock)
Endpoint: _29919_ (rising clock gating-check end-point clocked by core_clock)
Path Group: gated clock
Path Type: max

Fanout     Cap    Slew   Delay    Time   Description
-----------------------------------------------------------------------------
                  0.00    1.10    1.10   clock core_clock (fall edge)
                          0.00    1.10   clock network delay (ideal)
                  0.00    0.00    1.10 v core_clock_gate_i.en_latch$_DLATCH_N_/GN (DLL_X1)
     1    0.97    0.01    0.07    1.17 v core_clock_gate_i.en_latch$_DLATCH_N_/Q (DLL_X1)
                                         core_clock_gate_i.en_latch (net)
                  0.01    0.00    1.17 v _29919_/A2 (AND2_X1)
                                  1.17   data arrival time

                  0.00    2.20    2.20   clock core_clock (rise edge)
                          0.00    2.20   clock network delay (ideal)
                          0.00    2.20   clock reconvergence pessimism
                                  2.20 ^ _29919_/A1 (AND2_X1)
                          0.00    2.20   clock gating setup time
                                  2.20   data required time
-----------------------------------------------------------------------------
                                  2.20   data required time
                                 -1.17   data arrival time
-----------------------------------------------------------------------------
                                  1.03   slack (MET)


Startpoint: if_stage_i.instr_rdata_alu_id_o[20]$_DFFE_PN_
            (rising edge-triggered flip-flop clocked by core_clock)
Endpoint: gen_regfile_ff.register_file_i.rf_reg_q[157]$_DFFE_PN0P_
          (rising edge-triggered flip-flop clocked by core_clock)
Path Group: core_clock
Path Type: max

Fanout     Cap    Slew   Delay    Time   Description
-----------------------------------------------------------------------------
                  0.00    0.00    0.00   clock core_clock (rise edge)
                          0.00    0.00   clock network delay (ideal)
                  0.00    0.00    0.00 ^ if_stage_i.instr_rdata_alu_id_o[20]$_DFFE_PN_/CK (DFF_X1)
     1    3.54    0.01    0.09    0.09 ^ if_stage_i.instr_rdata_alu_id_o[20]$_DFFE_PN_/Q (DFF_X1)
                                         gen_regfile_ff.register_file_i.raddr_b_i[0] (net)
                  0.01    0.00    0.09 ^ _16524_/A (BUF_X4)
     9   24.00    0.02    0.03    0.12 ^ _16524_/Z (BUF_X4)
                                         _10708_ (net)
                  0.02    0.00    0.12 ^ _16525_/A (BUF_X4)
    10   46.50    0.03    0.04    0.16 ^ _16525_/Z (BUF_X4)
                                         _10709_ (net)
                  0.03    0.01    0.18 ^ _16526_/A (BUF_X2)
    10   38.61    0.04    0.06    0.24 ^ _16526_/Z (BUF_X2)
                                         _10710_ (net)
                  0.05    0.01    0.25 ^ _16527_/A (BUF_X2)
    19   55.01    0.06    0.09    0.34 ^ _16527_/Z (BUF_X2)
                                         _10711_ (net)
                  0.06    0.01    0.35 ^ _18242_/A (BUF_X2)
    10   17.06    0.02    0.05    0.40 ^ _18242_/Z (BUF_X2)
                                         _12359_ (net)
                  0.02    0.00    0.40 ^ _18271_/A (BUF_X2)
    10   34.36    0.04    0.06    0.46 ^ _18271_/Z (BUF_X2)
                                         _12388_ (net)
                  0.04    0.00    0.46 ^ _18325_/A (BUF_X1)
    10   31.81    0.07    0.10    0.56 ^ _18325_/Z (BUF_X1)
                                         _12440_ (net)
                  0.07    0.01    0.57 ^ _18355_/S (MUX2_X1)
     1    0.96    0.01    0.06    0.63 v _18355_/Z (MUX2_X1)
                                         _12470_ (net)
                  0.01    0.00    0.63 v _18356_/B (MUX2_X1)
     1    1.13    0.01    0.06    0.69 v _18356_/Z (MUX2_X1)
                                         _12471_ (net)
                  0.01    0.00    0.69 v _18357_/B (MUX2_X1)
     1    3.45    0.01    0.06    0.75 v _18357_/Z (MUX2_X1)
                                         _12472_ (net)
                  0.01    0.00    0.75 v _18358_/B1 (AOI21_X1)
     8   35.95    0.17    0.19    0.94 ^ _18358_/ZN (AOI21_X1)
                                         _12473_ (net)
                  0.17    0.02    0.96 ^ _20581_/A1 (AND2_X1)
     1    1.81    0.01    0.05    1.01 ^ _20581_/ZN (AND2_X1)
                                         _03899_ (net)
                  0.01    0.00    1.01 ^ _20582_/A (AOI21_X1)
     2   11.04    0.04    0.03    1.04 v _20582_/ZN (AOI21_X1)
                                         _03900_ (net)
                  0.04    0.00    1.04 v _20583_/A (BUF_X1)
    10   22.91    0.03    0.07    1.11 v _20583_/Z (BUF_X1)
                                         _03901_ (net)
                  0.03    0.00    1.11 v _20725_/A2 (NOR2_X1)
     1    3.62    0.03    0.04    1.15 ^ _20725_/ZN (NOR2_X1)
                                         _15300_ (net)
                  0.03    0.00    1.15 ^ _30277_/B (FA_X1)
     1    1.83    0.01    0.10    1.25 v _30277_/S (FA_X1)
                                         _15303_ (net)
                  0.01    0.00    1.25 v _21190_/A (INV_X1)
     1    3.96    0.01    0.02    1.27 ^ _21190_/ZN (INV_X1)
                                         _15304_ (net)
                  0.01    0.00    1.27 ^ _30278_/A (FA_X1)
     1    3.99    0.02    0.09    1.36 v _30278_/S (FA_X1)
                                         _15306_ (net)
                  0.02    0.00    1.36 v _30281_/A (FA_X1)
     1    5.37    0.02    0.11    1.47 v _30281_/S (FA_X1)
                                         _15316_ (net)
                  0.02    0.00    1.47 v _30285_/B (FA_X1)
     1    3.61    0.01    0.13    1.60 ^ _30285_/S (FA_X1)
                                         _15329_ (net)
                  0.01    0.00    1.60 ^ _30289_/B (FA_X1)
     1    3.79    0.02    0.10    1.70 v _30289_/S (FA_X1)
                                         _15344_ (net)
                  0.02    0.00    1.70 v _30290_/A (FA_X1)
     1    6.50    0.02    0.13    1.82 ^ _30290_/S (FA_X1)
                                         _15347_ (net)
                  0.02    0.00    1.82 ^ _21516_/A (INV_X1)
     1    3.22    0.01    0.01    1.84 v _21516_/ZN (INV_X1)
                                         _16168_ (net)
                  0.01    0.00    1.84 v _30548_/A (HA_X1)
     4    6.42    0.02    0.06    1.89 v _30548_/S (HA_X1)
                                         _16171_ (net)
                  0.02    0.00    1.90 v _23764_/B2 (AOI21_X1)
     1    1.89    0.02    0.03    1.93 ^ _23764_/ZN (AOI21_X1)
                                         _06266_ (net)
                  0.02    0.00    1.93 ^ _23766_/B1 (OAI21_X1)
     3    4.81    0.01    0.02    1.95 v _23766_/ZN (OAI21_X1)
                                         _06268_ (net)
                  0.01    0.00    1.95 v _23841_/B1 (AOI21_X1)
     1    1.79    0.02    0.03    1.98 ^ _23841_/ZN (AOI21_X1)
                                         _06340_ (net)
                  0.02    0.00    1.98 ^ _23842_/B1 (OAI21_X1)
     1    1.61    0.01    0.02    2.00 v _23842_/ZN (OAI21_X1)
                                         _06341_ (net)
                  0.01    0.00    2.00 v _23843_/B1 (AOI21_X1)
     1    1.77    0.02    0.03    2.03 ^ _23843_/ZN (AOI21_X1)
                                         _06342_ (net)
                  0.02    0.00    2.03 ^ _23844_/A (INV_X1)
     3    4.73    0.01    0.02    2.04 v _23844_/ZN (INV_X1)
                                         _06343_ (net)
                  0.01    0.00    2.04 v _23909_/A3 (NAND3_X1)
     1    1.85    0.01    0.02    2.06 ^ _23909_/ZN (NAND3_X1)
                                         _06406_ (net)
                  0.01    0.00    2.06 ^ _23911_/A (OAI21_X1)
     2    3.31    0.01    0.02    2.09 v _23911_/ZN (OAI21_X1)
                                         _06408_ (net)
                  0.01    0.00    2.09 v _23912_/A3 (NOR3_X1)
     1    2.52    0.03    0.06    2.14 ^ _23912_/ZN (NOR3_X1)
                                         _06409_ (net)
                  0.03    0.00    2.14 ^ _23913_/B (XOR2_X1)
     1    3.14    0.03    0.06    2.20 ^ _23913_/Z (XOR2_X1)
                                         _06410_ (net)
                  0.03    0.00    2.20 ^ _23914_/B (MUX2_X1)
     2    4.24    0.01    0.05    2.25 ^ _23914_/Z (MUX2_X1)
                                         _06411_ (net)
                  0.01    0.00    2.25 ^ _23915_/A2 (NAND2_X1)
     1    8.74    0.02    0.03    2.28 v _23915_/ZN (NAND2_X1)
                                         _06412_ (net)
                  0.02    0.00    2.28 v _23924_/B2 (AOI221_X1)
     1    6.37    0.07    0.12    2.40 ^ _23924_/ZN (AOI221_X1)
                                         _06421_ (net)
                  0.07    0.00    2.40 ^ _23925_/B1 (AOI21_X1)
     4    4.62    0.02    0.03    2.43 v _23925_/ZN (AOI21_X1)
                                         _06422_ (net)
                  0.02    0.00    2.43 v _23926_/A (BUF_X1)
    10   13.67    0.02    0.05    2.49 v _23926_/Z (BUF_X1)
                                         _06423_ (net)
                  0.02    0.00    2.49 v _24159_/B (MUX2_X1)
     1    1.46    0.01    0.06    2.55 v _24159_/Z (MUX2_X1)
                                         _01343_ (net)
                  0.01    0.00    2.55 v gen_regfile_ff.register_file_i.rf_reg_q[157]$_DFFE_PN0P_/D (DFFR_X1)
                                  2.55   data arrival time

                  0.00    2.20    2.20   clock core_clock (rise edge)
                          0.00    2.20   clock network delay (ideal)
                          0.00    2.20   clock reconvergence pessimism
                                  2.20 ^ gen_regfile_ff.register_file_i.rf_reg_q[157]$_DFFE_PN0P_/CK (DFFR_X1)
                         -0.04    2.16   library setup time
                                  2.16   data required time
-----------------------------------------------------------------------------
                                  2.16   data required time
                                 -2.55   data arrival time
-----------------------------------------------------------------------------
                                 -0.39   slack (VIOLATED)



==========================================================================
detailed place report_check_types -max_slew -max_cap -max_fanout -violators
--------------------------------------------------------------------------
max slew

Pin                                    Limit    Slew   Slack
------------------------------------------------------------
_20440_/ZN                              0.20    0.27   -0.07 (VIOLATED)
_17048_/Z                               0.20    0.23   -0.03 (VIOLATED)
_20328_/ZN                              0.20    0.23   -0.03 (VIOLATED)
_22911_/ZN                              0.20    0.21   -0.02 (VIOLATED)
_20147_/ZN                              0.20    0.21   -0.02 (VIOLATED)
_19183_/ZN                              0.20    0.20   -0.00 (VIOLATED)
_20890_/ZN                              0.20    0.20   -0.00 (VIOLATED)
_24776_/ZN                              0.20    0.20   -0.00 (VIOLATED)

max capacitance

Pin                                    Limit     Cap   Slack
------------------------------------------------------------
_17048_/Z                              25.33   48.89  -23.56 (VIOLATED)
_19183_/ZN                             26.70   43.74  -17.03 (VIOLATED)
_20440_/ZN                             10.47   26.56  -16.09 (VIOLATED)
_20328_/ZN                             16.02   31.22  -15.20 (VIOLATED)
_19553_/ZN                             26.02   40.22  -14.20 (VIOLATED)
_18028_/ZN                             26.02   40.01  -14.00 (VIOLATED)
_18429_/ZN                             26.02   38.20  -12.19 (VIOLATED)
_19731_/ZN                             26.02   38.16  -12.15 (VIOLATED)
_20890_/ZN                             16.02   27.90  -11.88 (VIOLATED)
_18055_/ZN                             28.99   40.65  -11.66 (VIOLATED)
_18977_/ZN                             26.02   37.64  -11.63 (VIOLATED)
_24776_/ZN                             16.02   27.57  -11.55 (VIOLATED)
_19370_/ZN                             26.02   36.97  -10.96 (VIOLATED)
_18225_/ZN                             26.02   36.77  -10.75 (VIOLATED)
_18358_/ZN                             25.33   35.95  -10.62 (VIOLATED)
_22911_/ZN                             10.47   20.73  -10.26 (VIOLATED)
_20147_/ZN                             10.47   20.68  -10.21 (VIOLATED)
_20319_/Z                              25.33   35.54  -10.21 (VIOLATED)
_22176_/ZN                             23.23   33.13   -9.90 (VIOLATED)
_19924_/ZN                             25.33   35.13   -9.80 (VIOLATED)
_18417_/ZN                             26.02   35.47   -9.46 (VIOLATED)
_20318_/Z                              25.33   34.70   -9.37 (VIOLATED)
_18215_/ZN                             26.02   35.39   -9.37 (VIOLATED)
_17534_/ZN                             13.81   23.14   -9.33 (VIOLATED)
_22344_/ZN                             23.23   32.03   -8.80 (VIOLATED)
_22217_/ZN                             23.23   31.86   -8.63 (VIOLATED)
_18471_/ZN                             25.33   33.60   -8.27 (VIOLATED)
_22284_/ZN                             23.23   31.46   -8.23 (VIOLATED)
_18615_/ZN                             28.99   36.35   -7.36 (VIOLATED)
_22868_/ZN                             10.47   17.77   -7.30 (VIOLATED)
_25831_/ZN                             10.47   17.56   -7.09 (VIOLATED)
_27504_/ZN                             23.23   29.17   -5.94 (VIOLATED)
_20352_/ZN                             16.02   21.75   -5.73 (VIOLATED)
_27740_/ZN                             10.47   15.27   -4.80 (VIOLATED)
_23513_/ZN                             13.81   18.23   -4.42 (VIOLATED)
_27522_/ZN                             23.23   27.48   -4.25 (VIOLATED)
_23147_/ZN                             25.33   29.39   -4.06 (VIOLATED)
_18603_/ZN                             26.02   30.02   -4.01 (VIOLATED)
_22089_/ZN                             23.23   26.88   -3.65 (VIOLATED)
_18303_/ZN                             25.33   28.90   -3.57 (VIOLATED)
_22073_/ZN                             23.23   26.78   -3.54 (VIOLATED)
_23367_/ZN                             16.02   19.30   -3.28 (VIOLATED)
_17917_/ZN                             25.33   28.47   -3.14 (VIOLATED)
_19384_/ZN                             26.70   29.54   -2.83 (VIOLATED)
_27512_/ZN                             23.23   26.00   -2.77 (VIOLATED)
_22133_/ZN                             23.23   25.42   -2.19 (VIOLATED)
_17872_/ZN                             25.33   27.33   -2.00 (VIOLATED)
_21793_/ZN                             10.47   12.44   -1.96 (VIOLATED)
_26289_/ZN                             13.81   15.67   -1.86 (VIOLATED)
_20648_/ZN                             26.70   28.54   -1.84 (VIOLATED)
_28321_/ZN                             16.02   17.77   -1.75 (VIOLATED)
_20148_/ZN                             10.47   12.10   -1.63 (VIOLATED)
_17229_/ZN                             16.02   17.62   -1.60 (VIOLATED)
_22301_/ZN                             10.47   11.82   -1.35 (VIOLATED)
_21836_/ZN                             10.47   11.33   -0.86 (VIOLATED)
_17829_/ZN                             26.05   26.77   -0.71 (VIOLATED)
_19639_/ZN                             26.05   26.54   -0.48 (VIOLATED)
_20612_/ZN                             25.33   25.72   -0.39 (VIOLATED)
_23322_/ZN                             10.47   10.67   -0.20 (VIOLATED)
_26292_/ZN                             26.70   26.88   -0.18 (VIOLATED)
_17619_/ZN                             16.02   16.03   -0.01 (VIOLATED)


==========================================================================
detailed place max_slew_check_slack
--------------------------------------------------------------------------
-0.0688629150390625

==========================================================================
detailed place max_slew_check_limit
--------------------------------------------------------------------------
0.1985349953174591

==========================================================================
detailed place max_slew_check_slack_limit
--------------------------------------------------------------------------
-0.3469

==========================================================================
detailed place max_fanout_check_slack
--------------------------------------------------------------------------
1.0000000150474662e+30

==========================================================================
detailed place max_fanout_check_limit
--------------------------------------------------------------------------
1.0000000150474662e+30

==========================================================================
detailed place max_capacitance_check_slack
--------------------------------------------------------------------------
-23.557165145874023

==========================================================================
detailed place max_capacitance_check_limit
--------------------------------------------------------------------------
25.329599380493164

==========================================================================
detailed place max_capacitance_check_slack_limit
--------------------------------------------------------------------------
-0.9300

==========================================================================
detailed place max_slew_violation_count
--------------------------------------------------------------------------
max slew violation count 8

==========================================================================
detailed place max_fanout_violation_count
--------------------------------------------------------------------------
max fanout violation count 0

==========================================================================
detailed place max_cap_violation_count
--------------------------------------------------------------------------
max cap violation count 61

==========================================================================
detailed place setup_violation_count
--------------------------------------------------------------------------
setup violation count 1594

==========================================================================
detailed place hold_violation_count
--------------------------------------------------------------------------
hold violation count 1657

==========================================================================
detailed place report_checks -path_delay max reg to reg
--------------------------------------------------------------------------
Startpoint: if_stage_i.instr_rdata_alu_id_o[20]$_DFFE_PN_
            (rising edge-triggered flip-flop clocked by core_clock)
Endpoint: gen_regfile_ff.register_file_i.rf_reg_q[157]$_DFFE_PN0P_
          (rising edge-triggered flip-flop clocked by core_clock)
Path Group: core_clock
Path Type: max

  Delay    Time   Description
---------------------------------------------------------
   0.00    0.00   clock core_clock (rise edge)
   0.00    0.00   clock network delay (ideal)
   0.00    0.00 ^ if_stage_i.instr_rdata_alu_id_o[20]$_DFFE_PN_/CK (DFF_X1)
   0.09    0.09 ^ if_stage_i.instr_rdata_alu_id_o[20]$_DFFE_PN_/Q (DFF_X1)
   0.03    0.12 ^ _16524_/Z (BUF_X4)
   0.04    0.16 ^ _16525_/Z (BUF_X4)
   0.08    0.24 ^ _16526_/Z (BUF_X2)
   0.10    0.34 ^ _16527_/Z (BUF_X2)
   0.06    0.40 ^ _18242_/Z (BUF_X2)
   0.06    0.46 ^ _18271_/Z (BUF_X2)
   0.10    0.56 ^ _18325_/Z (BUF_X1)
   0.07    0.63 v _18355_/Z (MUX2_X1)
   0.06    0.69 v _18356_/Z (MUX2_X1)
   0.06    0.75 v _18357_/Z (MUX2_X1)
   0.19    0.94 ^ _18358_/ZN (AOI21_X1)
   0.07    1.01 ^ _20581_/ZN (AND2_X1)
   0.03    1.04 v _20582_/ZN (AOI21_X1)
   0.07    1.11 v _20583_/Z (BUF_X1)
   0.05    1.15 ^ _20725_/ZN (NOR2_X1)
   0.10    1.25 v _30277_/S (FA_X1)
   0.02    1.27 ^ _21190_/ZN (INV_X1)
   0.09    1.36 v _30278_/S (FA_X1)
   0.11    1.47 v _30281_/S (FA_X1)
   0.13    1.60 ^ _30285_/S (FA_X1)
   0.10    1.70 v _30289_/S (FA_X1)
   0.13    1.82 ^ _30290_/S (FA_X1)
   0.01    1.84 v _21516_/ZN (INV_X1)
   0.06    1.89 v _30548_/S (HA_X1)
   0.03    1.93 ^ _23764_/ZN (AOI21_X1)
   0.02    1.95 v _23766_/ZN (OAI21_X1)
   0.03    1.98 ^ _23841_/ZN (AOI21_X1)
   0.02    2.00 v _23842_/ZN (OAI21_X1)
   0.03    2.03 ^ _23843_/ZN (AOI21_X1)
   0.02    2.04 v _23844_/ZN (INV_X1)
   0.02    2.06 ^ _23909_/ZN (NAND3_X1)
   0.02    2.09 v _23911_/ZN (OAI21_X1)
   0.06    2.14 ^ _23912_/ZN (NOR3_X1)
   0.06    2.20 ^ _23913_/Z (XOR2_X1)
   0.05    2.25 ^ _23914_/Z (MUX2_X1)
   0.03    2.28 v _23915_/ZN (NAND2_X1)
   0.12    2.40 ^ _23924_/ZN (AOI221_X1)
   0.03    2.43 v _23925_/ZN (AOI21_X1)
   0.05    2.49 v _23926_/Z (BUF_X1)
   0.06    2.55 v _24159_/Z (MUX2_X1)
   0.00    2.55 v gen_regfile_ff.register_file_i.rf_reg_q[157]$_DFFE_PN0P_/D (DFFR_X1)
           2.55   data arrival time

   2.20    2.20   clock core_clock (rise edge)
   0.00    2.20   clock network delay (ideal)
   0.00    2.20   clock reconvergence pessimism
           2.20 ^ gen_regfile_ff.register_file_i.rf_reg_q[157]$_DFFE_PN0P_/CK (DFFR_X1)
  -0.04    2.16   library setup time
           2.16   data required time
---------------------------------------------------------
           2.16   data required time
          -2.55   data arrival time
---------------------------------------------------------
          -0.39   slack (VIOLATED)



==========================================================================
detailed place report_checks -path_delay min reg to reg
--------------------------------------------------------------------------
Startpoint: cs_registers_i.u_dcsr_csr.rdata_q[2]$_DFFE_PN0P_
            (rising edge-triggered flip-flop clocked by core_clock)
Endpoint: cs_registers_i.u_dcsr_csr.rdata_q[8]$_DFFE_PN0P_
          (rising edge-triggered flip-flop clocked by core_clock)
Path Group: core_clock
Path Type: min

  Delay    Time   Description
---------------------------------------------------------
   0.00    0.00   clock core_clock (rise edge)
   0.00    0.00   clock network delay (ideal)
   0.00    0.00 ^ cs_registers_i.u_dcsr_csr.rdata_q[2]$_DFFE_PN0P_/CK (DFFR_X1)
   0.07    0.07 ^ cs_registers_i.u_dcsr_csr.rdata_q[2]$_DFFE_PN0P_/QN (DFFR_X1)
   0.01    0.08 v _28337_/ZN (OAI22_X1)
   0.00    0.08 v cs_registers_i.u_dcsr_csr.rdata_q[8]$_DFFE_PN0P_/D (DFFR_X1)
           0.08   data arrival time

   0.00    0.00   clock core_clock (rise edge)
   0.00    0.00   clock network delay (ideal)
   0.00    0.00   clock reconvergence pessimism
           0.00 ^ cs_registers_i.u_dcsr_csr.rdata_q[8]$_DFFE_PN0P_/CK (DFFR_X1)
   0.00    0.00   library hold time
           0.00   data required time
---------------------------------------------------------
           0.00   data required time
          -0.08   data arrival time
---------------------------------------------------------
           0.08   slack (MET)



==========================================================================
detailed place critical path target clock latency max path
--------------------------------------------------------------------------
0.0000

==========================================================================
detailed place critical path target clock latency min path
--------------------------------------------------------------------------
0.0000

==========================================================================
detailed place critical path source clock latency min path
--------------------------------------------------------------------------
0.0000

==========================================================================
detailed place critical path delay
--------------------------------------------------------------------------
2.5469

==========================================================================
detailed place critical path slack
--------------------------------------------------------------------------
-0.3879

==========================================================================
detailed place slack div critical path delay
--------------------------------------------------------------------------
-15.230280

==========================================================================
detailed place report_power
--------------------------------------------------------------------------
Group                  Internal  Switching    Leakage      Total
                          Power      Power      Power      Power (Watts)
----------------------------------------------------------------
Sequential             1.14e-02   1.49e-03   1.56e-04   1.31e-02  16.4%
Combinational          2.99e-02   3.58e-02   4.29e-04   6.61e-02  83.1%
Clock                  1.63e-06   3.75e-04   2.97e-08   3.76e-04   0.5%
Macro                  0.00e+00   0.00e+00   0.00e+00   0.00e+00   0.0%
Pad                    0.00e+00   0.00e+00   0.00e+00   0.00e+00   0.0%
----------------------------------------------------------------
Total                  4.14e-02   3.76e-02   5.85e-04   7.96e-02 100.0%
                          52.0%      47.3%       0.7%
