
==========================================================================
global place report_tns
--------------------------------------------------------------------------
tns -42730.93

==========================================================================
global place report_wns
--------------------------------------------------------------------------
wns -231.76

==========================================================================
global place report_worst_slack
--------------------------------------------------------------------------
worst slack -231.76

==========================================================================
global place report_checks -path_delay min
--------------------------------------------------------------------------
Startpoint: rst_ni (input port clocked by core_clock)
Endpoint: ex_block_i.genblk3.gen_multdiv_fast.multdiv_i.op_quotient_q[25]$_DFFE_PN0P_
          (removal check against rising-edge clock core_clock)
Path Group: asynchronous
Path Type: min

Fanout     Cap    Slew   Delay    Time   Description
-----------------------------------------------------------------------------
                  0.00    0.00    0.00   clock core_clock (rise edge)
                          0.00    0.00   clock network delay (ideal)
                        252.00  252.00 ^ input external delay
    72   80.29    0.00    0.00  252.00 ^ rst_ni (in)
                                         rst_ni (net)
                 48.11   15.18  267.18 ^ ex_block_i.genblk3.gen_multdiv_fast.multdiv_i.op_quotient_q[25]$_DFFE_PN0P_/SETN (DFFASRHQNx1_ASAP7_75t_R)
                                267.18   data arrival time

                  0.00    0.00    0.00   clock core_clock (rise edge)
                          0.00    0.00   clock network delay (ideal)
                          0.00    0.00   clock reconvergence pessimism
                                  0.00 ^ ex_block_i.genblk3.gen_multdiv_fast.multdiv_i.op_quotient_q[25]$_DFFE_PN0P_/CLK (DFFASRHQNx1_ASAP7_75t_R)
                         11.07   11.07   library removal time
                                 11.07   data required time
-----------------------------------------------------------------------------
                                 11.07   data required time
                               -267.18   data arrival time
-----------------------------------------------------------------------------
                                256.11   slack (MET)


Startpoint: core_clock_gate_i.en_latch$_DLATCH_N_
            (negative level-sensitive latch clocked by core_clock)
Endpoint: _35046_ (rising clock gating-check end-point clocked by core_clock)
Path Group: gated clock
Path Type: min

Fanout     Cap    Slew   Delay    Time   Description
-----------------------------------------------------------------------------
                  0.00  630.00  630.00   clock core_clock (fall edge)
                          0.00  630.00   clock network delay (ideal)
                  0.00    0.00  630.00 v core_clock_gate_i.en_latch$_DLATCH_N_/CLK (DLLx1_ASAP7_75t_R)
     1    0.37    6.34   17.44  647.44 ^ core_clock_gate_i.en_latch$_DLATCH_N_/Q (DLLx1_ASAP7_75t_R)
                                         core_clock_gate_i.en_latch (net)
                  6.34    0.00  647.44 ^ _35046_/B (AND2x2_ASAP7_75t_R)
                                647.44   data arrival time

                  0.00  630.00  630.00   clock core_clock (fall edge)
                          0.00  630.00   clock network delay (ideal)
                          0.00  630.00   clock reconvergence pessimism
                                630.00 v _35046_/A (AND2x2_ASAP7_75t_R)
                          0.00  630.00   clock gating hold time
                                630.00   data required time
-----------------------------------------------------------------------------
                                630.00   data required time
                               -647.44   data arrival time
-----------------------------------------------------------------------------
                                 17.44   slack (MET)


Startpoint: cs_registers_i.u_mstack_epc_csr.rdata_q[2]$_DFFE_PN0P_
            (rising edge-triggered flip-flop clocked by core_clock)
Endpoint: cs_registers_i.u_mstack_epc_csr.rdata_q[2]$_DFFE_PN0P_
          (rising edge-triggered flip-flop clocked by core_clock)
Path Group: core_clock
Path Type: min

Fanout     Cap    Slew   Delay    Time   Description
-----------------------------------------------------------------------------
                  0.00    0.00    0.00   clock core_clock (rise edge)
                          0.00    0.00   clock network delay (ideal)
                  0.00    0.00    0.00 ^ cs_registers_i.u_mstack_epc_csr.rdata_q[2]$_DFFE_PN0P_/CLK (DFFASRHQNx1_ASAP7_75t_R)
     2    1.25   16.88   38.03   38.03 ^ cs_registers_i.u_mstack_epc_csr.rdata_q[2]$_DFFE_PN0P_/QN (DFFASRHQNx1_ASAP7_75t_R)
                                         _01865_ (net)
                 16.88    0.02   38.05 ^ _27544_/A1 (AOI21x1_ASAP7_75t_R)
     1    0.61    5.36    8.68   46.73 v _27544_/Y (AOI21x1_ASAP7_75t_R)
                                         _02715_ (net)
                  5.36    0.01   46.73 v cs_registers_i.u_mstack_epc_csr.rdata_q[2]$_DFFE_PN0P_/D (DFFASRHQNx1_ASAP7_75t_R)
                                 46.73   data arrival time

                  0.00    0.00    0.00   clock core_clock (rise edge)
                          0.00    0.00   clock network delay (ideal)
                          0.00    0.00   clock reconvergence pessimism
                                  0.00 ^ cs_registers_i.u_mstack_epc_csr.rdata_q[2]$_DFFE_PN0P_/CLK (DFFASRHQNx1_ASAP7_75t_R)
                          9.37    9.37   library hold time
                                  9.37   data required time
-----------------------------------------------------------------------------
                                  9.37   data required time
                                -46.73   data arrival time
-----------------------------------------------------------------------------
                                 37.36   slack (MET)



==========================================================================
global place report_checks -path_delay max
--------------------------------------------------------------------------
Startpoint: rst_ni (input port clocked by core_clock)
Endpoint: gen_regfile_ff.register_file_i.rf_reg_q[742]$_DFFE_PN0P_
          (recovery check against rising-edge clock core_clock)
Path Group: asynchronous
Path Type: max

Fanout     Cap    Slew   Delay    Time   Description
-----------------------------------------------------------------------------
                  0.00    0.00    0.00   clock core_clock (rise edge)
                          0.00    0.00   clock network delay (ideal)
                        252.00  252.00 ^ input external delay
    72   99.63    0.00    0.00  252.00 ^ rst_ni (in)
                                         rst_ni (net)
                 72.77   22.96  274.96 ^ load_slew39/A (BUFx24_ASAP7_75t_R)
    93  125.83   51.92   39.17  314.13 ^ load_slew39/Y (BUFx24_ASAP7_75t_R)
                                         net61 (net)
                158.51   48.32  362.44 ^ load_slew38/A (BUFx16f_ASAP7_75t_R)
    66   94.43   52.56   39.78  402.22 ^ load_slew38/Y (BUFx16f_ASAP7_75t_R)
                                         net60 (net)
                 79.01   17.98  420.20 ^ load_slew29/A (BUFx24_ASAP7_75t_R)
    79  109.81   49.35   37.61  457.81 ^ load_slew29/Y (BUFx24_ASAP7_75t_R)
                                         net51 (net)
                136.61   41.59  499.40 ^ load_slew28/A (BUFx24_ASAP7_75t_R)
    93  121.78   61.04   51.78  551.18 ^ load_slew28/Y (BUFx24_ASAP7_75t_R)
                                         net50 (net)
                 88.44   21.25  572.43 ^ load_slew27/A (BUFx24_ASAP7_75t_R)
    94  122.28   60.97   47.15  619.58 ^ load_slew27/Y (BUFx24_ASAP7_75t_R)
                                         net49 (net)
                 87.02   20.90  640.48 ^ gen_regfile_ff.register_file_i.rf_reg_q[742]$_DFFE_PN0P_/SETN (DFFASRHQNx1_ASAP7_75t_R)
                                640.48   data arrival time

                  0.00 1260.00 1260.00   clock core_clock (rise edge)
                          0.00 1260.00   clock network delay (ideal)
                          0.00 1260.00   clock reconvergence pessimism
                               1260.00 ^ gen_regfile_ff.register_file_i.rf_reg_q[742]$_DFFE_PN0P_/CLK (DFFASRHQNx1_ASAP7_75t_R)
                         -7.69 1252.31   library recovery time
                               1252.31   data required time
-----------------------------------------------------------------------------
                               1252.31   data required time
                               -640.48   data arrival time
-----------------------------------------------------------------------------
                                611.82   slack (MET)


Startpoint: core_clock_gate_i.en_latch$_DLATCH_N_
            (negative level-sensitive latch clocked by core_clock)
Endpoint: _35046_ (rising clock gating-check end-point clocked by core_clock)
Path Group: gated clock
Path Type: max

Fanout     Cap    Slew   Delay    Time   Description
-----------------------------------------------------------------------------
                  0.00  630.00  630.00   clock core_clock (fall edge)
                          0.00  630.00   clock network delay (ideal)
                  0.00    0.00  630.00 v core_clock_gate_i.en_latch$_DLATCH_N_/CLK (DLLx1_ASAP7_75t_R)
     1    0.62    7.59   27.33  657.33 v core_clock_gate_i.en_latch$_DLATCH_N_/Q (DLLx1_ASAP7_75t_R)
                                         core_clock_gate_i.en_latch (net)
                  7.59    0.01  657.33 v _35046_/B (AND2x2_ASAP7_75t_R)
                                657.33   data arrival time

                  0.00 1260.00 1260.00   clock core_clock (rise edge)
                          0.00 1260.00   clock network delay (ideal)
                          0.00 1260.00   clock reconvergence pessimism
                               1260.00 ^ _35046_/A (AND2x2_ASAP7_75t_R)
                          0.00 1260.00   clock gating setup time
                               1260.00   data required time
-----------------------------------------------------------------------------
                               1260.00   data required time
                               -657.33   data arrival time
-----------------------------------------------------------------------------
                                602.67   slack (MET)


Startpoint: if_stage_i.instr_rdata_alu_id_o[20]$_DFFE_PN_
            (rising edge-triggered flip-flop clocked by core_clock)
Endpoint: gen_regfile_ff.register_file_i.rf_reg_q[575]$_DFFE_PN0P_
          (rising edge-triggered flip-flop clocked by core_clock)
Path Group: core_clock
Path Type: max

Fanout     Cap    Slew   Delay    Time   Description
-----------------------------------------------------------------------------
                  0.00    0.00    0.00   clock core_clock (rise edge)
                          0.00    0.00   clock network delay (ideal)
                  0.00    0.00    0.00 ^ if_stage_i.instr_rdata_alu_id_o[20]$_DFFE_PN_/CLK (DFFHQNx2_ASAP7_75t_R)
     6    6.05   30.21   48.20   48.20 ^ if_stage_i.instr_rdata_alu_id_o[20]$_DFFE_PN_/QN (DFFHQNx2_ASAP7_75t_R)
                                         _00368_ (net)
                 30.22    0.32   48.52 ^ _19195_/A (INVx2_ASAP7_75t_R)
     4    3.70   16.28   12.65   61.17 v _19195_/Y (INVx2_ASAP7_75t_R)
                                         _13466_ (net)
                 16.28    0.02   61.19 v _19196_/A (BUFx4f_ASAP7_75t_R)
     6    5.17   10.18   18.07   79.26 v _19196_/Y (BUFx4f_ASAP7_75t_R)
                                         _13467_ (net)
                 10.19    0.20   79.46 v _19197_/A (BUFx3_ASAP7_75t_R)
     6    4.51   11.09   16.95   96.41 v _19197_/Y (BUFx3_ASAP7_75t_R)
                                         _13468_ (net)
                 11.10    0.05   96.46 v _19198_/A (BUFx6f_ASAP7_75t_R)
     6    8.33   11.84   15.69  112.15 v _19198_/Y (BUFx6f_ASAP7_75t_R)
                                         _13469_ (net)
                 13.10    2.04  114.19 v _19199_/A (BUFx6f_ASAP7_75t_R)
     6    8.81   12.21   16.68  130.87 v _19199_/Y (BUFx6f_ASAP7_75t_R)
                                         _13470_ (net)
                 13.51    2.10  132.97 v _21321_/A (BUFx12f_ASAP7_75t_R)
     6   11.04   10.49   15.21  148.18 v _21321_/Y (BUFx12f_ASAP7_75t_R)
                                         _15518_ (net)
                 14.52    3.34  151.53 v clone18/A (BUFx3_ASAP7_75t_R)
     6    6.23   14.63   19.33  170.86 v clone18/Y (BUFx3_ASAP7_75t_R)
                                         net18 (net)
                 15.25    1.62  172.48 v _21567_/A (BUFx3_ASAP7_75t_R)
     5    4.50   11.62   18.27  190.75 v _21567_/Y (BUFx3_ASAP7_75t_R)
                                         _15758_ (net)
                 11.86    0.89  191.64 v _22371_/C (OA211x2_ASAP7_75t_R)
     1    0.65    9.15   27.69  219.33 v _22371_/Y (OA211x2_ASAP7_75t_R)
                                         _16538_ (net)
                  9.15    0.01  219.34 v _22376_/B (OR3x2_ASAP7_75t_R)
     1    2.93   16.42   32.70  252.04 v _22376_/Y (OR3x2_ASAP7_75t_R)
                                         _16543_ (net)
                 16.53    0.77  252.81 v _22377_/B (OA21x2_ASAP7_75t_R)
     1    0.96    6.86   15.43  268.24 v _22377_/Y (OA21x2_ASAP7_75t_R)
                                         _16544_ (net)
                  6.86    0.05  268.29 v _22393_/A2 (AO21x1_ASAP7_75t_R)
     1    1.21    9.62   15.49  283.78 v _22393_/Y (AO21x1_ASAP7_75t_R)
                                         _16560_ (net)
                  9.62    0.03  283.81 v _22425_/A2 (OAI21x1_ASAP7_75t_R)
     8    9.39   63.29   29.31  313.12 ^ _22425_/Y (OAI21x1_ASAP7_75t_R)
                                         _16592_ (net)
                 63.66    2.80  315.92 ^ _24194_/B (NOR2x1_ASAP7_75t_R)
     1    0.65   16.64   15.06  330.97 v _24194_/Y (NOR2x1_ASAP7_75t_R)
                                         _05201_ (net)
                 16.64    0.00  330.97 v _24195_/B (AO21x2_ASAP7_75t_R)
     8    5.81   20.04   27.19  358.17 v _24195_/Y (AO21x2_ASAP7_75t_R)
                                         _05202_ (net)
                 20.12    0.68  358.85 v _24442_/A (AND2x2_ASAP7_75t_R)
     1    1.63    8.70   22.52  381.37 v _24442_/Y (AND2x2_ASAP7_75t_R)
                                         _17911_ (net)
                  8.70    0.01  381.38 v _35401_/CI (FAx1_ASAP7_75t_R)
     8   17.48  262.67  118.92  500.29 ^ _35401_/CON (FAx1_ASAP7_75t_R)
                                         _17962_ (net)
     4    7.76  180.75   92.46  592.75 v _35401_/SN (FAx1_ASAP7_75t_R)
                                         _17914_ (net)
                180.76    0.55  593.31 v _35040_/A (INVx2_ASAP7_75t_R)
     2    3.75   41.56   32.29  625.59 ^ _35040_/Y (INVx2_ASAP7_75t_R)
                                         _17913_ (net)
                 41.56    0.03  625.62 ^ _35461_/CI (FAx1_ASAP7_75t_R)
     7   11.96  190.16  204.95  830.58 v _35461_/SN (FAx1_ASAP7_75t_R)
                                         _18080_ (net)
                190.16    0.22  830.80 v _35462_/A (FAx1_ASAP7_75t_R)
     1    2.51   78.33   62.36  893.16 ^ _35462_/CON (FAx1_ASAP7_75t_R)
                                         _18122_ (net)
     1    0.91   58.68   21.94  915.10 v _35462_/SN (FAx1_ASAP7_75t_R)
                                         _18479_ (net)
                 58.68    0.03  915.14 v _34879_/A (INVx1_ASAP7_75t_R)
     1    2.28   27.40   21.93  937.06 ^ _34879_/Y (INVx1_ASAP7_75t_R)
                                         _18081_ (net)
                 27.40    0.11  937.17 ^ _35463_/A (FAx1_ASAP7_75t_R)
     1    1.00   27.93   41.46  978.64 v _35463_/SN (FAx1_ASAP7_75t_R)
                                         _18480_ (net)
                 27.93    0.05  978.68 v _34816_/A (INVx1_ASAP7_75t_R)
     1    1.70   17.23   14.00  992.68 ^ _34816_/Y (INVx1_ASAP7_75t_R)
                                         _18083_ (net)
                 17.24    0.03  992.71 ^ _35467_/CI (FAx1_ASAP7_75t_R)
     1    0.89   28.11   36.54 1029.25 v _35467_/SN (FAx1_ASAP7_75t_R)
                                         _18484_ (net)
                 28.11    0.03 1029.28 v _34856_/A (INVx1_ASAP7_75t_R)
     1    2.29   20.54   16.12 1045.40 ^ _34856_/Y (INVx1_ASAP7_75t_R)
                                         _18092_ (net)
                 20.54    0.05 1045.45 ^ _35468_/B (FAx1_ASAP7_75t_R)
     1    1.13   32.30   41.13 1086.58 v _35468_/SN (FAx1_ASAP7_75t_R)
                                         _18486_ (net)
                 32.30    0.03 1086.61 v _35578_/B (HAxp5_ASAP7_75t_R)
     4    3.66   75.24   68.61 1155.22 v _35578_/SN (HAxp5_ASAP7_75t_R)
                                         _00252_ (net)
                 75.24    0.03 1155.25 v _29453_/B (AO21x1_ASAP7_75t_R)
     1    0.78    8.85   25.85 1181.11 v _29453_/Y (AO21x1_ASAP7_75t_R)
                                         _09481_ (net)
                  8.85    0.02 1181.13 v _29454_/A2 (AO21x1_ASAP7_75t_R)
     2    1.21   10.55   16.06 1197.19 v _29454_/Y (AO21x1_ASAP7_75t_R)
                                         _09482_ (net)
                 10.55    0.00 1197.19 v _29488_/A2 (AO21x1_ASAP7_75t_R)
     1    0.72    8.19   15.04 1212.23 v _29488_/Y (AO21x1_ASAP7_75t_R)
                                         _09514_ (net)
                  8.19    0.01 1212.24 v _29489_/A2 (AO21x1_ASAP7_75t_R)
     2    1.35   11.21   16.26 1228.50 v _29489_/Y (AO21x1_ASAP7_75t_R)
                                         _09515_ (net)
                 11.21    0.04 1228.54 v _29532_/A2 (AO21x1_ASAP7_75t_R)
     1    0.65    7.86   14.99 1243.54 v _29532_/Y (AO21x1_ASAP7_75t_R)
                                         _09557_ (net)
                  7.86    0.02 1243.55 v _29536_/A2 (AO221x1_ASAP7_75t_R)
     2    2.58   18.47   27.57 1271.12 v _29536_/Y (AO221x1_ASAP7_75t_R)
                                         _09561_ (net)
                 18.47    0.11 1271.23 v _29607_/A1 (OA21x2_ASAP7_75t_R)
     4    3.88   14.54   23.75 1294.98 v _29607_/Y (OA21x2_ASAP7_75t_R)
                                         _09630_ (net)
                 14.54    0.16 1295.14 v _29608_/D (OR4x1_ASAP7_75t_R)
     1    0.72   12.87   32.27 1327.40 v _29608_/Y (OR4x1_ASAP7_75t_R)
                                         _09631_ (net)
                 12.87    0.02 1327.42 v _29613_/B (AND4x2_ASAP7_75t_R)
     2    5.27   19.34   22.10 1349.52 v _29613_/Y (AND4x2_ASAP7_75t_R)
                                         _09636_ (net)
                 20.27    2.28 1351.80 v _29616_/B (OR5x1_ASAP7_75t_R)
     1    1.11   15.45   38.38 1390.18 v _29616_/Y (OR5x1_ASAP7_75t_R)
                                         _09639_ (net)
                 15.45    0.01 1390.19 v _29617_/C (AOI211x1_ASAP7_75t_R)
     1    0.76   15.43   11.43 1401.62 ^ _29617_/Y (AOI211x1_ASAP7_75t_R)
                                         _09640_ (net)
                 15.43    0.01 1401.63 ^ _29620_/A2 (OA21x2_ASAP7_75t_R)
     1    4.26   17.94   22.23 1423.86 ^ _29620_/Y (OA21x2_ASAP7_75t_R)
                                         _09643_ (net)
                 18.21    1.23 1425.09 ^ _29624_/B (NOR2x2_ASAP7_75t_R)
     7    8.59   31.13   18.59 1443.68 v _29624_/Y (NOR2x2_ASAP7_75t_R)
                                         _09647_ (net)
                 32.69    3.76 1447.44 v clone9/A (BUFx3_ASAP7_75t_R)
     5    4.30   11.49   22.77 1470.21 v clone9/Y (BUFx3_ASAP7_75t_R)
                                         net9 (net)
                 11.51    0.25 1470.46 v _30893_/A1 (AO21x1_ASAP7_75t_R)
     1    0.65    6.74   15.96 1486.42 v _30893_/Y (AO21x1_ASAP7_75t_R)
                                         _03385_ (net)
                  6.74    0.00 1486.42 v gen_regfile_ff.register_file_i.rf_reg_q[575]$_DFFE_PN0P_/D (DFFASRHQNx1_ASAP7_75t_R)
                               1486.42   data arrival time

                  0.00 1260.00 1260.00   clock core_clock (rise edge)
                          0.00 1260.00   clock network delay (ideal)
                          0.00 1260.00   clock reconvergence pessimism
                               1260.00 ^ gen_regfile_ff.register_file_i.rf_reg_q[575]$_DFFE_PN0P_/CLK (DFFASRHQNx1_ASAP7_75t_R)
                         -5.34 1254.66   library setup time
                               1254.66   data required time
-----------------------------------------------------------------------------
                               1254.66   data required time
                               -1486.42   data arrival time
-----------------------------------------------------------------------------
                               -231.76   slack (VIOLATED)



==========================================================================
global place report_checks -unconstrained
--------------------------------------------------------------------------
Startpoint: rst_ni (input port clocked by core_clock)
Endpoint: gen_regfile_ff.register_file_i.rf_reg_q[742]$_DFFE_PN0P_
          (recovery check against rising-edge clock core_clock)
Path Group: asynchronous
Path Type: max

Fanout     Cap    Slew   Delay    Time   Description
-----------------------------------------------------------------------------
                  0.00    0.00    0.00   clock core_clock (rise edge)
                          0.00    0.00   clock network delay (ideal)
                        252.00  252.00 ^ input external delay
    72   99.63    0.00    0.00  252.00 ^ rst_ni (in)
                                         rst_ni (net)
                 72.77   22.96  274.96 ^ load_slew39/A (BUFx24_ASAP7_75t_R)
    93  125.83   51.92   39.17  314.13 ^ load_slew39/Y (BUFx24_ASAP7_75t_R)
                                         net61 (net)
                158.51   48.32  362.44 ^ load_slew38/A (BUFx16f_ASAP7_75t_R)
    66   94.43   52.56   39.78  402.22 ^ load_slew38/Y (BUFx16f_ASAP7_75t_R)
                                         net60 (net)
                 79.01   17.98  420.20 ^ load_slew29/A (BUFx24_ASAP7_75t_R)
    79  109.81   49.35   37.61  457.81 ^ load_slew29/Y (BUFx24_ASAP7_75t_R)
                                         net51 (net)
                136.61   41.59  499.40 ^ load_slew28/A (BUFx24_ASAP7_75t_R)
    93  121.78   61.04   51.78  551.18 ^ load_slew28/Y (BUFx24_ASAP7_75t_R)
                                         net50 (net)
                 88.44   21.25  572.43 ^ load_slew27/A (BUFx24_ASAP7_75t_R)
    94  122.28   60.97   47.15  619.58 ^ load_slew27/Y (BUFx24_ASAP7_75t_R)
                                         net49 (net)
                 87.02   20.90  640.48 ^ gen_regfile_ff.register_file_i.rf_reg_q[742]$_DFFE_PN0P_/SETN (DFFASRHQNx1_ASAP7_75t_R)
                                640.48   data arrival time

                  0.00 1260.00 1260.00   clock core_clock (rise edge)
                          0.00 1260.00   clock network delay (ideal)
                          0.00 1260.00   clock reconvergence pessimism
                               1260.00 ^ gen_regfile_ff.register_file_i.rf_reg_q[742]$_DFFE_PN0P_/CLK (DFFASRHQNx1_ASAP7_75t_R)
                         -7.69 1252.31   library recovery time
                               1252.31   data required time
-----------------------------------------------------------------------------
                               1252.31   data required time
                               -640.48   data arrival time
-----------------------------------------------------------------------------
                                611.82   slack (MET)


Startpoint: core_clock_gate_i.en_latch$_DLATCH_N_
            (negative level-sensitive latch clocked by core_clock)
Endpoint: _35046_ (rising clock gating-check end-point clocked by core_clock)
Path Group: gated clock
Path Type: max

Fanout     Cap    Slew   Delay    Time   Description
-----------------------------------------------------------------------------
                  0.00  630.00  630.00   clock core_clock (fall edge)
                          0.00  630.00   clock network delay (ideal)
                  0.00    0.00  630.00 v core_clock_gate_i.en_latch$_DLATCH_N_/CLK (DLLx1_ASAP7_75t_R)
     1    0.62    7.59   27.33  657.33 v core_clock_gate_i.en_latch$_DLATCH_N_/Q (DLLx1_ASAP7_75t_R)
                                         core_clock_gate_i.en_latch (net)
                  7.59    0.01  657.33 v _35046_/B (AND2x2_ASAP7_75t_R)
                                657.33   data arrival time

                  0.00 1260.00 1260.00   clock core_clock (rise edge)
                          0.00 1260.00   clock network delay (ideal)
                          0.00 1260.00   clock reconvergence pessimism
                               1260.00 ^ _35046_/A (AND2x2_ASAP7_75t_R)
                          0.00 1260.00   clock gating setup time
                               1260.00   data required time
-----------------------------------------------------------------------------
                               1260.00   data required time
                               -657.33   data arrival time
-----------------------------------------------------------------------------
                                602.67   slack (MET)


Startpoint: if_stage_i.instr_rdata_alu_id_o[20]$_DFFE_PN_
            (rising edge-triggered flip-flop clocked by core_clock)
Endpoint: gen_regfile_ff.register_file_i.rf_reg_q[575]$_DFFE_PN0P_
          (rising edge-triggered flip-flop clocked by core_clock)
Path Group: core_clock
Path Type: max

Fanout     Cap    Slew   Delay    Time   Description
-----------------------------------------------------------------------------
                  0.00    0.00    0.00   clock core_clock (rise edge)
                          0.00    0.00   clock network delay (ideal)
                  0.00    0.00    0.00 ^ if_stage_i.instr_rdata_alu_id_o[20]$_DFFE_PN_/CLK (DFFHQNx2_ASAP7_75t_R)
     6    6.05   30.21   48.20   48.20 ^ if_stage_i.instr_rdata_alu_id_o[20]$_DFFE_PN_/QN (DFFHQNx2_ASAP7_75t_R)
                                         _00368_ (net)
                 30.22    0.32   48.52 ^ _19195_/A (INVx2_ASAP7_75t_R)
     4    3.70   16.28   12.65   61.17 v _19195_/Y (INVx2_ASAP7_75t_R)
                                         _13466_ (net)
                 16.28    0.02   61.19 v _19196_/A (BUFx4f_ASAP7_75t_R)
     6    5.17   10.18   18.07   79.26 v _19196_/Y (BUFx4f_ASAP7_75t_R)
                                         _13467_ (net)
                 10.19    0.20   79.46 v _19197_/A (BUFx3_ASAP7_75t_R)
     6    4.51   11.09   16.95   96.41 v _19197_/Y (BUFx3_ASAP7_75t_R)
                                         _13468_ (net)
                 11.10    0.05   96.46 v _19198_/A (BUFx6f_ASAP7_75t_R)
     6    8.33   11.84   15.69  112.15 v _19198_/Y (BUFx6f_ASAP7_75t_R)
                                         _13469_ (net)
                 13.10    2.04  114.19 v _19199_/A (BUFx6f_ASAP7_75t_R)
     6    8.81   12.21   16.68  130.87 v _19199_/Y (BUFx6f_ASAP7_75t_R)
                                         _13470_ (net)
                 13.51    2.10  132.97 v _21321_/A (BUFx12f_ASAP7_75t_R)
     6   11.04   10.49   15.21  148.18 v _21321_/Y (BUFx12f_ASAP7_75t_R)
                                         _15518_ (net)
                 14.52    3.34  151.53 v clone18/A (BUFx3_ASAP7_75t_R)
     6    6.23   14.63   19.33  170.86 v clone18/Y (BUFx3_ASAP7_75t_R)
                                         net18 (net)
                 15.25    1.62  172.48 v _21567_/A (BUFx3_ASAP7_75t_R)
     5    4.50   11.62   18.27  190.75 v _21567_/Y (BUFx3_ASAP7_75t_R)
                                         _15758_ (net)
                 11.86    0.89  191.64 v _22371_/C (OA211x2_ASAP7_75t_R)
     1    0.65    9.15   27.69  219.33 v _22371_/Y (OA211x2_ASAP7_75t_R)
                                         _16538_ (net)
                  9.15    0.01  219.34 v _22376_/B (OR3x2_ASAP7_75t_R)
     1    2.93   16.42   32.70  252.04 v _22376_/Y (OR3x2_ASAP7_75t_R)
                                         _16543_ (net)
                 16.53    0.77  252.81 v _22377_/B (OA21x2_ASAP7_75t_R)
     1    0.96    6.86   15.43  268.24 v _22377_/Y (OA21x2_ASAP7_75t_R)
                                         _16544_ (net)
                  6.86    0.05  268.29 v _22393_/A2 (AO21x1_ASAP7_75t_R)
     1    1.21    9.62   15.49  283.78 v _22393_/Y (AO21x1_ASAP7_75t_R)
                                         _16560_ (net)
                  9.62    0.03  283.81 v _22425_/A2 (OAI21x1_ASAP7_75t_R)
     8    9.39   63.29   29.31  313.12 ^ _22425_/Y (OAI21x1_ASAP7_75t_R)
                                         _16592_ (net)
                 63.66    2.80  315.92 ^ _24194_/B (NOR2x1_ASAP7_75t_R)
     1    0.65   16.64   15.06  330.97 v _24194_/Y (NOR2x1_ASAP7_75t_R)
                                         _05201_ (net)
                 16.64    0.00  330.97 v _24195_/B (AO21x2_ASAP7_75t_R)
     8    5.81   20.04   27.19  358.17 v _24195_/Y (AO21x2_ASAP7_75t_R)
                                         _05202_ (net)
                 20.12    0.68  358.85 v _24442_/A (AND2x2_ASAP7_75t_R)
     1    1.63    8.70   22.52  381.37 v _24442_/Y (AND2x2_ASAP7_75t_R)
                                         _17911_ (net)
                  8.70    0.01  381.38 v _35401_/CI (FAx1_ASAP7_75t_R)
     8   17.48  262.67  118.92  500.29 ^ _35401_/CON (FAx1_ASAP7_75t_R)
                                         _17962_ (net)
     4    7.76  180.75   92.46  592.75 v _35401_/SN (FAx1_ASAP7_75t_R)
                                         _17914_ (net)
                180.76    0.55  593.31 v _35040_/A (INVx2_ASAP7_75t_R)
     2    3.75   41.56   32.29  625.59 ^ _35040_/Y (INVx2_ASAP7_75t_R)
                                         _17913_ (net)
                 41.56    0.03  625.62 ^ _35461_/CI (FAx1_ASAP7_75t_R)
     7   11.96  190.16  204.95  830.58 v _35461_/SN (FAx1_ASAP7_75t_R)
                                         _18080_ (net)
                190.16    0.22  830.80 v _35462_/A (FAx1_ASAP7_75t_R)
     1    2.51   78.33   62.36  893.16 ^ _35462_/CON (FAx1_ASAP7_75t_R)
                                         _18122_ (net)
     1    0.91   58.68   21.94  915.10 v _35462_/SN (FAx1_ASAP7_75t_R)
                                         _18479_ (net)
                 58.68    0.03  915.14 v _34879_/A (INVx1_ASAP7_75t_R)
     1    2.28   27.40   21.93  937.06 ^ _34879_/Y (INVx1_ASAP7_75t_R)
                                         _18081_ (net)
                 27.40    0.11  937.17 ^ _35463_/A (FAx1_ASAP7_75t_R)
     1    1.00   27.93   41.46  978.64 v _35463_/SN (FAx1_ASAP7_75t_R)
                                         _18480_ (net)
                 27.93    0.05  978.68 v _34816_/A (INVx1_ASAP7_75t_R)
     1    1.70   17.23   14.00  992.68 ^ _34816_/Y (INVx1_ASAP7_75t_R)
                                         _18083_ (net)
                 17.24    0.03  992.71 ^ _35467_/CI (FAx1_ASAP7_75t_R)
     1    0.89   28.11   36.54 1029.25 v _35467_/SN (FAx1_ASAP7_75t_R)
                                         _18484_ (net)
                 28.11    0.03 1029.28 v _34856_/A (INVx1_ASAP7_75t_R)
     1    2.29   20.54   16.12 1045.40 ^ _34856_/Y (INVx1_ASAP7_75t_R)
                                         _18092_ (net)
                 20.54    0.05 1045.45 ^ _35468_/B (FAx1_ASAP7_75t_R)
     1    1.13   32.30   41.13 1086.58 v _35468_/SN (FAx1_ASAP7_75t_R)
                                         _18486_ (net)
                 32.30    0.03 1086.61 v _35578_/B (HAxp5_ASAP7_75t_R)
     4    3.66   75.24   68.61 1155.22 v _35578_/SN (HAxp5_ASAP7_75t_R)
                                         _00252_ (net)
                 75.24    0.03 1155.25 v _29453_/B (AO21x1_ASAP7_75t_R)
     1    0.78    8.85   25.85 1181.11 v _29453_/Y (AO21x1_ASAP7_75t_R)
                                         _09481_ (net)
                  8.85    0.02 1181.13 v _29454_/A2 (AO21x1_ASAP7_75t_R)
     2    1.21   10.55   16.06 1197.19 v _29454_/Y (AO21x1_ASAP7_75t_R)
                                         _09482_ (net)
                 10.55    0.00 1197.19 v _29488_/A2 (AO21x1_ASAP7_75t_R)
     1    0.72    8.19   15.04 1212.23 v _29488_/Y (AO21x1_ASAP7_75t_R)
                                         _09514_ (net)
                  8.19    0.01 1212.24 v _29489_/A2 (AO21x1_ASAP7_75t_R)
     2    1.35   11.21   16.26 1228.50 v _29489_/Y (AO21x1_ASAP7_75t_R)
                                         _09515_ (net)
                 11.21    0.04 1228.54 v _29532_/A2 (AO21x1_ASAP7_75t_R)
     1    0.65    7.86   14.99 1243.54 v _29532_/Y (AO21x1_ASAP7_75t_R)
                                         _09557_ (net)
                  7.86    0.02 1243.55 v _29536_/A2 (AO221x1_ASAP7_75t_R)
     2    2.58   18.47   27.57 1271.12 v _29536_/Y (AO221x1_ASAP7_75t_R)
                                         _09561_ (net)
                 18.47    0.11 1271.23 v _29607_/A1 (OA21x2_ASAP7_75t_R)
     4    3.88   14.54   23.75 1294.98 v _29607_/Y (OA21x2_ASAP7_75t_R)
                                         _09630_ (net)
                 14.54    0.16 1295.14 v _29608_/D (OR4x1_ASAP7_75t_R)
     1    0.72   12.87   32.27 1327.40 v _29608_/Y (OR4x1_ASAP7_75t_R)
                                         _09631_ (net)
                 12.87    0.02 1327.42 v _29613_/B (AND4x2_ASAP7_75t_R)
     2    5.27   19.34   22.10 1349.52 v _29613_/Y (AND4x2_ASAP7_75t_R)
                                         _09636_ (net)
                 20.27    2.28 1351.80 v _29616_/B (OR5x1_ASAP7_75t_R)
     1    1.11   15.45   38.38 1390.18 v _29616_/Y (OR5x1_ASAP7_75t_R)
                                         _09639_ (net)
                 15.45    0.01 1390.19 v _29617_/C (AOI211x1_ASAP7_75t_R)
     1    0.76   15.43   11.43 1401.62 ^ _29617_/Y (AOI211x1_ASAP7_75t_R)
                                         _09640_ (net)
                 15.43    0.01 1401.63 ^ _29620_/A2 (OA21x2_ASAP7_75t_R)
     1    4.26   17.94   22.23 1423.86 ^ _29620_/Y (OA21x2_ASAP7_75t_R)
                                         _09643_ (net)
                 18.21    1.23 1425.09 ^ _29624_/B (NOR2x2_ASAP7_75t_R)
     7    8.59   31.13   18.59 1443.68 v _29624_/Y (NOR2x2_ASAP7_75t_R)
                                         _09647_ (net)
                 32.69    3.76 1447.44 v clone9/A (BUFx3_ASAP7_75t_R)
     5    4.30   11.49   22.77 1470.21 v clone9/Y (BUFx3_ASAP7_75t_R)
                                         net9 (net)
                 11.51    0.25 1470.46 v _30893_/A1 (AO21x1_ASAP7_75t_R)
     1    0.65    6.74   15.96 1486.42 v _30893_/Y (AO21x1_ASAP7_75t_R)
                                         _03385_ (net)
                  6.74    0.00 1486.42 v gen_regfile_ff.register_file_i.rf_reg_q[575]$_DFFE_PN0P_/D (DFFASRHQNx1_ASAP7_75t_R)
                               1486.42   data arrival time

                  0.00 1260.00 1260.00   clock core_clock (rise edge)
                          0.00 1260.00   clock network delay (ideal)
                          0.00 1260.00   clock reconvergence pessimism
                               1260.00 ^ gen_regfile_ff.register_file_i.rf_reg_q[575]$_DFFE_PN0P_/CLK (DFFASRHQNx1_ASAP7_75t_R)
                         -5.34 1254.66   library setup time
                               1254.66   data required time
-----------------------------------------------------------------------------
                               1254.66   data required time
                               -1486.42   data arrival time
-----------------------------------------------------------------------------
                               -231.76   slack (VIOLATED)



==========================================================================
global place report_power
--------------------------------------------------------------------------
Group                  Internal  Switching    Leakage      Total
                          Power      Power      Power      Power (Watts)
----------------------------------------------------------------
Sequential             3.13e-03   9.24e-04   2.10e-07   4.05e-03   9.9%
Combinational          1.64e-02   2.05e-02   1.78e-06   3.69e-02  89.9%
Clock                  5.95e-07   1.04e-04   1.16e-10   1.04e-04   0.3%
Macro                  0.00e+00   0.00e+00   0.00e+00   0.00e+00   0.0%
Pad                    0.00e+00   0.00e+00   0.00e+00   0.00e+00   0.0%
----------------------------------------------------------------
Total                  1.95e-02   2.15e-02   2.00e-06   4.10e-02 100.0%
                          47.6%      52.4%       0.0%
