
==========================================================================
global place report_tns
--------------------------------------------------------------------------
tns -256.01

==========================================================================
global place report_wns
--------------------------------------------------------------------------
wns -20.08

==========================================================================
global place report_worst_slack
--------------------------------------------------------------------------
worst slack -20.08

==========================================================================
global place report_checks -path_delay min
--------------------------------------------------------------------------
Startpoint: dpath.a_reg.out[11]$_DFFE_PP_
            (rising edge-triggered flip-flop clocked by core_clock)
Endpoint: dpath.a_reg.out[11]$_DFFE_PP_
          (rising edge-triggered flip-flop clocked by core_clock)
Path Group: core_clock
Path Type: min

Fanout     Cap    Slew   Delay    Time   Description
-----------------------------------------------------------------------------
                  0.00    0.00    0.00   clock core_clock (rise edge)
                          0.00    0.00   clock network delay (ideal)
                  0.00    0.00    0.00 ^ dpath.a_reg.out[11]$_DFFE_PP_/CLK (DFFHQNx1_ASAP7_75t_R)
     2    1.52   17.69   35.86   35.86 ^ dpath.a_reg.out[11]$_DFFE_PP_/QN (DFFHQNx1_ASAP7_75t_R)
                                         _043_ (net)
                 17.69    0.01   35.87 ^ _408_/A1 (AOI22x1_ASAP7_75t_R)
     1    0.61    8.74    7.22   43.09 v _408_/Y (AOI22x1_ASAP7_75t_R)
                                         _054_ (net)
                  8.74    0.01   43.10 v dpath.a_reg.out[11]$_DFFE_PP_/D (DFFHQNx1_ASAP7_75t_R)
                                 43.10   data arrival time

                  0.00    0.00    0.00   clock core_clock (rise edge)
                          0.00    0.00   clock network delay (ideal)
                          0.00    0.00   clock reconvergence pessimism
                                  0.00 ^ dpath.a_reg.out[11]$_DFFE_PP_/CLK (DFFHQNx1_ASAP7_75t_R)
                          8.40    8.40   library hold time
                                  8.40   data required time
-----------------------------------------------------------------------------
                                  8.40   data required time
                                -43.10   data arrival time
-----------------------------------------------------------------------------
                                 34.70   slack (MET)



==========================================================================
global place report_checks -path_delay max
--------------------------------------------------------------------------
Startpoint: dpath.b_reg.out[8]$_DFFE_PP_
            (rising edge-triggered flip-flop clocked by core_clock)
Endpoint: resp_msg[13] (output port clocked by core_clock)
Path Group: core_clock
Path Type: max

Fanout     Cap    Slew   Delay    Time   Description
-----------------------------------------------------------------------------
                  0.00    0.00    0.00   clock core_clock (rise edge)
                          0.00    0.00   clock network delay (ideal)
                  0.00    0.00    0.00 ^ dpath.b_reg.out[8]$_DFFE_PP_/CLK (DFFHQNx1_ASAP7_75t_R)
     4    3.81   29.96   42.84   42.84 v dpath.b_reg.out[8]$_DFFE_PP_/QN (DFFHQNx1_ASAP7_75t_R)
                                         _287_ (net)
                 29.96    0.12   42.96 v _568_/A (HAxp5_ASAP7_75t_R)
     5    3.69   75.25   68.19  111.16 v _568_/SN (HAxp5_ASAP7_75t_R)
                                         _016_ (net)
                 75.25    0.09  111.25 v _314_/A (OR3x1_ASAP7_75t_R)
     3    2.07   18.74   42.09  153.33 v _314_/Y (OR3x1_ASAP7_75t_R)
                                         _098_ (net)
                 18.74    0.02  153.35 v _396_/B (OR2x2_ASAP7_75t_R)
     1    0.66    8.64   21.74  175.09 v _396_/Y (OR2x2_ASAP7_75t_R)
                                         _157_ (net)
                  8.64    0.00  175.09 v _400_/A2 (OA21x2_ASAP7_75t_R)
     3    2.68   11.32   19.94  195.04 v _400_/Y (OA21x2_ASAP7_75t_R)
                                         _161_ (net)
                 11.33    0.15  195.18 v _402_/A2 (AO21x1_ASAP7_75t_R)
     3    2.55   16.21   20.28  215.46 v _402_/Y (AO21x1_ASAP7_75t_R)
                                         _163_ (net)
                 16.21    0.06  215.52 v _417_/A2 (AO32x1_ASAP7_75t_R)
     1    1.16   11.31   24.31  239.83 v _417_/Y (AO32x1_ASAP7_75t_R)
                                         _175_ (net)
                 11.31    0.02  239.85 v _418_/B (XOR2x2_ASAP7_75t_R)
     2    0.82    9.15   28.22  268.07 ^ _418_/Y (XOR2x2_ASAP7_75t_R)
                                         resp_msg[13] (net)
                  9.15    0.01  268.08 ^ resp_msg[13] (out)
                                268.08   data arrival time

                  0.00  310.00  310.00   clock core_clock (rise edge)
                          0.00  310.00   clock network delay (ideal)
                          0.00  310.00   clock reconvergence pessimism
                        -62.00  248.00   output external delay
                                248.00   data required time
-----------------------------------------------------------------------------
                                248.00   data required time
                               -268.08   data arrival time
-----------------------------------------------------------------------------
                                -20.08   slack (VIOLATED)



==========================================================================
global place report_checks -unconstrained
--------------------------------------------------------------------------
Startpoint: dpath.b_reg.out[8]$_DFFE_PP_
            (rising edge-triggered flip-flop clocked by core_clock)
Endpoint: resp_msg[13] (output port clocked by core_clock)
Path Group: core_clock
Path Type: max

Fanout     Cap    Slew   Delay    Time   Description
-----------------------------------------------------------------------------
                  0.00    0.00    0.00   clock core_clock (rise edge)
                          0.00    0.00   clock network delay (ideal)
                  0.00    0.00    0.00 ^ dpath.b_reg.out[8]$_DFFE_PP_/CLK (DFFHQNx1_ASAP7_75t_R)
     4    3.81   29.96   42.84   42.84 v dpath.b_reg.out[8]$_DFFE_PP_/QN (DFFHQNx1_ASAP7_75t_R)
                                         _287_ (net)
                 29.96    0.12   42.96 v _568_/A (HAxp5_ASAP7_75t_R)
     5    3.69   75.25   68.19  111.16 v _568_/SN (HAxp5_ASAP7_75t_R)
                                         _016_ (net)
                 75.25    0.09  111.25 v _314_/A (OR3x1_ASAP7_75t_R)
     3    2.07   18.74   42.09  153.33 v _314_/Y (OR3x1_ASAP7_75t_R)
                                         _098_ (net)
                 18.74    0.02  153.35 v _396_/B (OR2x2_ASAP7_75t_R)
     1    0.66    8.64   21.74  175.09 v _396_/Y (OR2x2_ASAP7_75t_R)
                                         _157_ (net)
                  8.64    0.00  175.09 v _400_/A2 (OA21x2_ASAP7_75t_R)
     3    2.68   11.32   19.94  195.04 v _400_/Y (OA21x2_ASAP7_75t_R)
                                         _161_ (net)
                 11.33    0.15  195.18 v _402_/A2 (AO21x1_ASAP7_75t_R)
     3    2.55   16.21   20.28  215.46 v _402_/Y (AO21x1_ASAP7_75t_R)
                                         _163_ (net)
                 16.21    0.06  215.52 v _417_/A2 (AO32x1_ASAP7_75t_R)
     1    1.16   11.31   24.31  239.83 v _417_/Y (AO32x1_ASAP7_75t_R)
                                         _175_ (net)
                 11.31    0.02  239.85 v _418_/B (XOR2x2_ASAP7_75t_R)
     2    0.82    9.15   28.22  268.07 ^ _418_/Y (XOR2x2_ASAP7_75t_R)
                                         resp_msg[13] (net)
                  9.15    0.01  268.08 ^ resp_msg[13] (out)
                                268.08   data arrival time

                  0.00  310.00  310.00   clock core_clock (rise edge)
                          0.00  310.00   clock network delay (ideal)
                          0.00  310.00   clock reconvergence pessimism
                        -62.00  248.00   output external delay
                                248.00   data required time
-----------------------------------------------------------------------------
                                248.00   data required time
                               -268.08   data arrival time
-----------------------------------------------------------------------------
                                -20.08   slack (VIOLATED)



==========================================================================
global place report_power
--------------------------------------------------------------------------
Group                  Internal  Switching    Leakage      Total
                          Power      Power      Power      Power (Watts)
----------------------------------------------------------------
Sequential             2.11e-04   2.33e-05   5.34e-09   2.34e-04  42.1%
Combinational          1.70e-04   1.53e-04   2.17e-08   3.23e-04  57.9%
Clock                  0.00e+00   0.00e+00   0.00e+00   0.00e+00   0.0%
Macro                  0.00e+00   0.00e+00   0.00e+00   0.00e+00   0.0%
Pad                    0.00e+00   0.00e+00   0.00e+00   0.00e+00   0.0%
----------------------------------------------------------------
Total                  3.81e-04   1.76e-04   2.70e-08   5.57e-04 100.0%
                          68.4%      31.6%       0.0%
