
==========================================================================
global place report_tns
--------------------------------------------------------------------------
tns -16.64

==========================================================================
global place report_wns
--------------------------------------------------------------------------
wns -0.18

==========================================================================
global place report_worst_slack
--------------------------------------------------------------------------
worst slack -0.18

==========================================================================
global place report_checks -path_delay min
--------------------------------------------------------------------------
Startpoint: u0.u3.d[3]$_DFF_P_ (rising edge-triggered flip-flop clocked by clk)
Endpoint: u0.w[1][3]$_DFF_P_ (rising edge-triggered flip-flop clocked by clk)
Path Group: clk
Path Type: min

Fanout     Cap    Slew   Delay    Time   Description
-----------------------------------------------------------------------------
                  0.00    0.00    0.00   clock clk (rise edge)
                          0.00    0.00   clock network delay (ideal)
                  0.00    0.00    0.00 ^ u0.u3.d[3]$_DFF_P_/CK (DFF_X1)
     1    2.36    0.01    0.06    0.06 ^ u0.u3.d[3]$_DFF_P_/QN (DFF_X1)
                                         _00413_ (net)
                  0.01    0.00    0.06 ^ _15878_/A (XNOR2_X1)
     2    3.93    0.01    0.02    0.08 v _15878_/ZN (XNOR2_X1)
                                         _06727_ (net)
                  0.01    0.00    0.08 v _15987_/B1 (AOI21_X1)
     1    1.33    0.01    0.03    0.11 ^ _15987_/ZN (AOI21_X1)
                                         _00346_ (net)
                  0.01    0.00    0.11 ^ u0.w[1][3]$_DFF_P_/D (DFF_X1)
                                  0.11   data arrival time

                  0.00    0.00    0.00   clock clk (rise edge)
                          0.00    0.00   clock network delay (ideal)
                          0.00    0.00   clock reconvergence pessimism
                                  0.00 ^ u0.w[1][3]$_DFF_P_/CK (DFF_X1)
                          0.01    0.01   library hold time
                                  0.01   data required time
-----------------------------------------------------------------------------
                                  0.01   data required time
                                 -0.11   data arrival time
-----------------------------------------------------------------------------
                                  0.10   slack (MET)



==========================================================================
global place report_checks -path_delay max
--------------------------------------------------------------------------
Startpoint: ld_r$_DFF_P_ (rising edge-triggered flip-flop clocked by clk)
Endpoint: sa21_sr[2]$_DFF_P_ (rising edge-triggered flip-flop clocked by clk)
Path Group: clk
Path Type: max

Fanout     Cap    Slew   Delay    Time   Description
-----------------------------------------------------------------------------
                  0.00    0.00    0.00   clock clk (rise edge)
                          0.00    0.00   clock network delay (ideal)
                  0.00    0.00    0.00 ^ ld_r$_DFF_P_/CK (DFF_X1)
     1    3.51    0.01    0.09    0.09 ^ ld_r$_DFF_P_/Q (DFF_X1)
                                         ld_r (net)
                  0.01    0.00    0.09 ^ _18258_/A (BUF_X4)
     5   24.85    0.02    0.03    0.12 ^ _18258_/Z (BUF_X4)
                                         _08970_ (net)
                  0.02    0.00    0.12 ^ _18280_/A (BUF_X4)
    10   41.16    0.02    0.04    0.17 ^ _18280_/Z (BUF_X4)
                                         _08992_ (net)
                  0.03    0.00    0.17 ^ _18304_/A (BUF_X4)
    10   38.85    0.02    0.04    0.21 ^ _18304_/Z (BUF_X4)
                                         _09015_ (net)
                  0.02    0.01    0.22 ^ _18395_/A (BUF_X8)
    10   33.76    0.01    0.03    0.25 ^ _18395_/Z (BUF_X8)
                                         _09102_ (net)
                  0.01    0.00    0.25 ^ _18396_/A (BUF_X2)
    10   34.05    0.04    0.06    0.31 ^ _18396_/Z (BUF_X2)
                                         _09103_ (net)
                  0.04    0.00    0.31 ^ _18428_/A (BUF_X2)
    10   36.30    0.04    0.06    0.37 ^ _18428_/Z (BUF_X2)
                                         _09135_ (net)
                  0.04    0.01    0.39 ^ _25924_/A2 (NAND3_X1)
     1    1.64    0.02    0.03    0.41 v _25924_/ZN (NAND3_X1)
                                         _02933_ (net)
                  0.02    0.00    0.41 v _25926_/A (OAI21_X1)
     1    3.47    0.03    0.03    0.44 ^ _25926_/ZN (OAI21_X1)
                                         _02935_ (net)
                  0.03    0.00    0.44 ^ _25927_/A2 (NOR2_X2)
     4    9.33    0.01    0.02    0.46 v _25927_/ZN (NOR2_X2)
                                         _02936_ (net)
                  0.01    0.00    0.46 v _25928_/A (INV_X1)
     3    5.45    0.01    0.02    0.48 ^ _25928_/ZN (INV_X1)
                                         _02937_ (net)
                  0.01    0.00    0.48 ^ _25929_/A (BUF_X2)
    10   26.54    0.03    0.05    0.54 ^ _25929_/Z (BUF_X2)
                                         _02938_ (net)
                  0.03    0.00    0.54 ^ _25930_/A (BUF_X8)
    17   52.21    0.02    0.04    0.57 ^ _25930_/Z (BUF_X8)
                                         _15164_ (net)
                  0.02    0.00    0.58 ^ _29757_/B (HA_X1)
    10   24.45    0.06    0.09    0.66 ^ _29757_/CO (HA_X1)
                                         _15165_ (net)
                  0.06    0.00    0.66 ^ _26094_/A (INV_X1)
     6   11.91    0.02    0.03    0.70 v _26094_/ZN (INV_X1)
                                         _03098_ (net)
                  0.02    0.00    0.70 v _26095_/A (AOI21_X2)
     6   13.74    0.04    0.07    0.77 ^ _26095_/ZN (AOI21_X2)
                                         _03099_ (net)
                  0.04    0.00    0.77 ^ _26302_/A1 (NOR2_X1)
     1    0.93    0.02    0.01    0.78 v _26302_/ZN (NOR2_X1)
                                         _03303_ (net)
                  0.02    0.00    0.78 v _26304_/A (MUX2_X1)
     1    1.69    0.01    0.06    0.84 v _26304_/Z (MUX2_X1)
                                         _03305_ (net)
                  0.01    0.00    0.84 v _26305_/C1 (AOI221_X1)
     1    3.26    0.05    0.06    0.90 ^ _26305_/ZN (AOI221_X1)
                                         _03306_ (net)
                  0.05    0.00    0.90 ^ _26306_/A3 (OR3_X1)
     1    1.59    0.01    0.04    0.94 ^ _26306_/ZN (OR3_X1)
                                         _03307_ (net)
                  0.01    0.00    0.94 ^ _26322_/B1 (AOI22_X1)
     1    1.99    0.01    0.02    0.96 v _26322_/ZN (AOI22_X1)
                                         _00122_ (net)
                  0.01    0.00    0.96 v sa21_sr[2]$_DFF_P_/D (DFF_X1)
                                  0.96   data arrival time

                  0.00    0.82    0.82   clock clk (rise edge)
                          0.00    0.82   clock network delay (ideal)
                          0.00    0.82   clock reconvergence pessimism
                                  0.82 ^ sa21_sr[2]$_DFF_P_/CK (DFF_X1)
                         -0.04    0.78   library setup time
                                  0.78   data required time
-----------------------------------------------------------------------------
                                  0.78   data required time
                                 -0.96   data arrival time
-----------------------------------------------------------------------------
                                 -0.18   slack (VIOLATED)



==========================================================================
global place report_checks -unconstrained
--------------------------------------------------------------------------
Startpoint: ld_r$_DFF_P_ (rising edge-triggered flip-flop clocked by clk)
Endpoint: sa21_sr[2]$_DFF_P_ (rising edge-triggered flip-flop clocked by clk)
Path Group: clk
Path Type: max

Fanout     Cap    Slew   Delay    Time   Description
-----------------------------------------------------------------------------
                  0.00    0.00    0.00   clock clk (rise edge)
                          0.00    0.00   clock network delay (ideal)
                  0.00    0.00    0.00 ^ ld_r$_DFF_P_/CK (DFF_X1)
     1    3.51    0.01    0.09    0.09 ^ ld_r$_DFF_P_/Q (DFF_X1)
                                         ld_r (net)
                  0.01    0.00    0.09 ^ _18258_/A (BUF_X4)
     5   24.85    0.02    0.03    0.12 ^ _18258_/Z (BUF_X4)
                                         _08970_ (net)
                  0.02    0.00    0.12 ^ _18280_/A (BUF_X4)
    10   41.16    0.02    0.04    0.17 ^ _18280_/Z (BUF_X4)
                                         _08992_ (net)
                  0.03    0.00    0.17 ^ _18304_/A (BUF_X4)
    10   38.85    0.02    0.04    0.21 ^ _18304_/Z (BUF_X4)
                                         _09015_ (net)
                  0.02    0.01    0.22 ^ _18395_/A (BUF_X8)
    10   33.76    0.01    0.03    0.25 ^ _18395_/Z (BUF_X8)
                                         _09102_ (net)
                  0.01    0.00    0.25 ^ _18396_/A (BUF_X2)
    10   34.05    0.04    0.06    0.31 ^ _18396_/Z (BUF_X2)
                                         _09103_ (net)
                  0.04    0.00    0.31 ^ _18428_/A (BUF_X2)
    10   36.30    0.04    0.06    0.37 ^ _18428_/Z (BUF_X2)
                                         _09135_ (net)
                  0.04    0.01    0.39 ^ _25924_/A2 (NAND3_X1)
     1    1.64    0.02    0.03    0.41 v _25924_/ZN (NAND3_X1)
                                         _02933_ (net)
                  0.02    0.00    0.41 v _25926_/A (OAI21_X1)
     1    3.47    0.03    0.03    0.44 ^ _25926_/ZN (OAI21_X1)
                                         _02935_ (net)
                  0.03    0.00    0.44 ^ _25927_/A2 (NOR2_X2)
     4    9.33    0.01    0.02    0.46 v _25927_/ZN (NOR2_X2)
                                         _02936_ (net)
                  0.01    0.00    0.46 v _25928_/A (INV_X1)
     3    5.45    0.01    0.02    0.48 ^ _25928_/ZN (INV_X1)
                                         _02937_ (net)
                  0.01    0.00    0.48 ^ _25929_/A (BUF_X2)
    10   26.54    0.03    0.05    0.54 ^ _25929_/Z (BUF_X2)
                                         _02938_ (net)
                  0.03    0.00    0.54 ^ _25930_/A (BUF_X8)
    17   52.21    0.02    0.04    0.57 ^ _25930_/Z (BUF_X8)
                                         _15164_ (net)
                  0.02    0.00    0.58 ^ _29757_/B (HA_X1)
    10   24.45    0.06    0.09    0.66 ^ _29757_/CO (HA_X1)
                                         _15165_ (net)
                  0.06    0.00    0.66 ^ _26094_/A (INV_X1)
     6   11.91    0.02    0.03    0.70 v _26094_/ZN (INV_X1)
                                         _03098_ (net)
                  0.02    0.00    0.70 v _26095_/A (AOI21_X2)
     6   13.74    0.04    0.07    0.77 ^ _26095_/ZN (AOI21_X2)
                                         _03099_ (net)
                  0.04    0.00    0.77 ^ _26302_/A1 (NOR2_X1)
     1    0.93    0.02    0.01    0.78 v _26302_/ZN (NOR2_X1)
                                         _03303_ (net)
                  0.02    0.00    0.78 v _26304_/A (MUX2_X1)
     1    1.69    0.01    0.06    0.84 v _26304_/Z (MUX2_X1)
                                         _03305_ (net)
                  0.01    0.00    0.84 v _26305_/C1 (AOI221_X1)
     1    3.26    0.05    0.06    0.90 ^ _26305_/ZN (AOI221_X1)
                                         _03306_ (net)
                  0.05    0.00    0.90 ^ _26306_/A3 (OR3_X1)
     1    1.59    0.01    0.04    0.94 ^ _26306_/ZN (OR3_X1)
                                         _03307_ (net)
                  0.01    0.00    0.94 ^ _26322_/B1 (AOI22_X1)
     1    1.99    0.01    0.02    0.96 v _26322_/ZN (AOI22_X1)
                                         _00122_ (net)
                  0.01    0.00    0.96 v sa21_sr[2]$_DFF_P_/D (DFF_X1)
                                  0.96   data arrival time

                  0.00    0.82    0.82   clock clk (rise edge)
                          0.00    0.82   clock network delay (ideal)
                          0.00    0.82   clock reconvergence pessimism
                                  0.82 ^ sa21_sr[2]$_DFF_P_/CK (DFF_X1)
                         -0.04    0.78   library setup time
                                  0.78   data required time
-----------------------------------------------------------------------------
                                  0.78   data required time
                                 -0.96   data arrival time
-----------------------------------------------------------------------------
                                 -0.18   slack (VIOLATED)



==========================================================================
global place report_power
--------------------------------------------------------------------------
Group                  Internal  Switching    Leakage      Total
                          Power      Power      Power      Power (Watts)
----------------------------------------------------------------
Sequential             9.23e-03   1.09e-03   4.44e-05   1.04e-02   2.9%
Combinational          1.67e-01   1.78e-01   5.07e-04   3.46e-01  97.1%
Clock                  0.00e+00   0.00e+00   0.00e+00   0.00e+00   0.0%
Macro                  0.00e+00   0.00e+00   0.00e+00   0.00e+00   0.0%
Pad                    0.00e+00   0.00e+00   0.00e+00   0.00e+00   0.0%
----------------------------------------------------------------
Total                  1.76e-01   1.79e-01   5.51e-04   3.56e-01 100.0%
                          49.5%      50.4%       0.2%
