
==========================================================================
detailed place report_tns
--------------------------------------------------------------------------
tns -17.29

==========================================================================
detailed place report_wns
--------------------------------------------------------------------------
wns -0.19

==========================================================================
detailed place report_worst_slack
--------------------------------------------------------------------------
worst slack -0.19

==========================================================================
detailed place report_checks -path_delay min
--------------------------------------------------------------------------
Startpoint: u0.u3.d[4]$_DFF_P_ (rising edge-triggered flip-flop clocked by clk)
Endpoint: u0.w[1][4]$_DFF_P_ (rising edge-triggered flip-flop clocked by clk)
Path Group: clk
Path Type: min

Fanout     Cap    Slew   Delay    Time   Description
-----------------------------------------------------------------------------
                  0.00    0.00    0.00   clock clk (rise edge)
                          0.00    0.00   clock network delay (ideal)
                  0.00    0.00    0.00 ^ u0.u3.d[4]$_DFF_P_/CK (DFF_X1)
     1    2.32    0.01    0.06    0.06 ^ u0.u3.d[4]$_DFF_P_/QN (DFF_X1)
                                         _00414_ (net)
                  0.01    0.00    0.06 ^ _15881_/A (XNOR2_X1)
     2    4.07    0.01    0.02    0.08 v _15881_/ZN (XNOR2_X1)
                                         _06729_ (net)
                  0.01    0.00    0.08 v _15989_/B1 (AOI21_X1)
     1    1.26    0.01    0.02    0.11 ^ _15989_/ZN (AOI21_X1)
                                         _00347_ (net)
                  0.01    0.00    0.11 ^ u0.w[1][4]$_DFF_P_/D (DFF_X1)
                                  0.11   data arrival time

                  0.00    0.00    0.00   clock clk (rise edge)
                          0.00    0.00   clock network delay (ideal)
                          0.00    0.00   clock reconvergence pessimism
                                  0.00 ^ u0.w[1][4]$_DFF_P_/CK (DFF_X1)
                          0.01    0.01   library hold time
                                  0.01   data required time
-----------------------------------------------------------------------------
                                  0.01   data required time
                                 -0.11   data arrival time
-----------------------------------------------------------------------------
                                  0.10   slack (MET)



==========================================================================
detailed place report_checks -path_delay max
--------------------------------------------------------------------------
Startpoint: ld_r$_DFF_P_ (rising edge-triggered flip-flop clocked by clk)
Endpoint: sa21_sr[2]$_DFF_P_ (rising edge-triggered flip-flop clocked by clk)
Path Group: clk
Path Type: max

Fanout     Cap    Slew   Delay    Time   Description
-----------------------------------------------------------------------------
                  0.00    0.00    0.00   clock clk (rise edge)
                          0.00    0.00   clock network delay (ideal)
                  0.00    0.00    0.00 ^ ld_r$_DFF_P_/CK (DFF_X1)
     1    3.75    0.01    0.09    0.09 ^ ld_r$_DFF_P_/Q (DFF_X1)
                                         ld_r (net)
                  0.01    0.00    0.09 ^ _18258_/A (BUF_X4)
     5   27.23    0.02    0.03    0.12 ^ _18258_/Z (BUF_X4)
                                         _08970_ (net)
                  0.02    0.01    0.13 ^ _18280_/A (BUF_X4)
    10   36.99    0.02    0.04    0.17 ^ _18280_/Z (BUF_X4)
                                         _08992_ (net)
                  0.02    0.00    0.17 ^ _18304_/A (BUF_X4)
    10   36.14    0.02    0.04    0.21 ^ _18304_/Z (BUF_X4)
                                         _09015_ (net)
                  0.02    0.00    0.21 ^ _18395_/A (BUF_X8)
    10   35.58    0.01    0.03    0.24 ^ _18395_/Z (BUF_X8)
                                         _09102_ (net)
                  0.01    0.00    0.24 ^ _18396_/A (BUF_X2)
    10   34.07    0.04    0.06    0.30 ^ _18396_/Z (BUF_X2)
                                         _09103_ (net)
                  0.04    0.00    0.30 ^ _18428_/A (BUF_X2)
    10   40.36    0.04    0.07    0.37 ^ _18428_/Z (BUF_X2)
                                         _09135_ (net)
                  0.05    0.02    0.38 ^ _25924_/A2 (NAND3_X1)
     1    1.69    0.02    0.03    0.41 v _25924_/ZN (NAND3_X1)
                                         _02933_ (net)
                  0.02    0.00    0.41 v _25926_/A (OAI21_X1)
     1    3.50    0.03    0.03    0.44 ^ _25926_/ZN (OAI21_X1)
                                         _02935_ (net)
                  0.03    0.00    0.44 ^ _25927_/A2 (NOR2_X2)
     4   11.99    0.01    0.02    0.46 v _25927_/ZN (NOR2_X2)
                                         _02936_ (net)
                  0.01    0.00    0.46 v _25928_/A (INV_X1)
     3    5.71    0.02    0.02    0.49 ^ _25928_/ZN (INV_X1)
                                         _02937_ (net)
                  0.02    0.00    0.49 ^ _25929_/A (BUF_X2)
    10   25.39    0.03    0.05    0.54 ^ _25929_/Z (BUF_X2)
                                         _02938_ (net)
                  0.03    0.00    0.54 ^ _25930_/A (BUF_X8)
    17   52.64    0.02    0.04    0.57 ^ _25930_/Z (BUF_X8)
                                         _15164_ (net)
                  0.02    0.00    0.58 ^ _29757_/B (HA_X1)
    10   24.55    0.06    0.09    0.66 ^ _29757_/CO (HA_X1)
                                         _15165_ (net)
                  0.06    0.00    0.66 ^ _26094_/A (INV_X1)
     6   12.48    0.02    0.04    0.70 v _26094_/ZN (INV_X1)
                                         _03098_ (net)
                  0.02    0.00    0.70 v _26095_/A (AOI21_X2)
     6   14.08    0.05    0.07    0.77 ^ _26095_/ZN (AOI21_X2)
                                         _03099_ (net)
                  0.05    0.00    0.77 ^ _26302_/A1 (NOR2_X1)
     1    1.15    0.02    0.01    0.78 v _26302_/ZN (NOR2_X1)
                                         _03303_ (net)
                  0.02    0.00    0.78 v _26304_/A (MUX2_X1)
     1    1.68    0.01    0.06    0.84 v _26304_/Z (MUX2_X1)
                                         _03305_ (net)
                  0.01    0.00    0.84 v _26305_/C1 (AOI221_X1)
     1    3.39    0.05    0.06    0.90 ^ _26305_/ZN (AOI221_X1)
                                         _03306_ (net)
                  0.05    0.00    0.90 ^ _26306_/A3 (OR3_X1)
     1    1.72    0.01    0.04    0.94 ^ _26306_/ZN (OR3_X1)
                                         _03307_ (net)
                  0.01    0.00    0.94 ^ _26322_/B1 (AOI22_X1)
     1    1.63    0.01    0.02    0.96 v _26322_/ZN (AOI22_X1)
                                         _00122_ (net)
                  0.01    0.00    0.96 v sa21_sr[2]$_DFF_P_/D (DFF_X1)
                                  0.96   data arrival time

                  0.00    0.82    0.82   clock clk (rise edge)
                          0.00    0.82   clock network delay (ideal)
                          0.00    0.82   clock reconvergence pessimism
                                  0.82 ^ sa21_sr[2]$_DFF_P_/CK (DFF_X1)
                         -0.04    0.78   library setup time
                                  0.78   data required time
-----------------------------------------------------------------------------
                                  0.78   data required time
                                 -0.96   data arrival time
-----------------------------------------------------------------------------
                                 -0.19   slack (VIOLATED)



==========================================================================
detailed place report_checks -unconstrained
--------------------------------------------------------------------------
Startpoint: ld_r$_DFF_P_ (rising edge-triggered flip-flop clocked by clk)
Endpoint: sa21_sr[2]$_DFF_P_ (rising edge-triggered flip-flop clocked by clk)
Path Group: clk
Path Type: max

Fanout     Cap    Slew   Delay    Time   Description
-----------------------------------------------------------------------------
                  0.00    0.00    0.00   clock clk (rise edge)
                          0.00    0.00   clock network delay (ideal)
                  0.00    0.00    0.00 ^ ld_r$_DFF_P_/CK (DFF_X1)
     1    3.75    0.01    0.09    0.09 ^ ld_r$_DFF_P_/Q (DFF_X1)
                                         ld_r (net)
                  0.01    0.00    0.09 ^ _18258_/A (BUF_X4)
     5   27.23    0.02    0.03    0.12 ^ _18258_/Z (BUF_X4)
                                         _08970_ (net)
                  0.02    0.01    0.13 ^ _18280_/A (BUF_X4)
    10   36.99    0.02    0.04    0.17 ^ _18280_/Z (BUF_X4)
                                         _08992_ (net)
                  0.02    0.00    0.17 ^ _18304_/A (BUF_X4)
    10   36.14    0.02    0.04    0.21 ^ _18304_/Z (BUF_X4)
                                         _09015_ (net)
                  0.02    0.00    0.21 ^ _18395_/A (BUF_X8)
    10   35.58    0.01    0.03    0.24 ^ _18395_/Z (BUF_X8)
                                         _09102_ (net)
                  0.01    0.00    0.24 ^ _18396_/A (BUF_X2)
    10   34.07    0.04    0.06    0.30 ^ _18396_/Z (BUF_X2)
                                         _09103_ (net)
                  0.04    0.00    0.30 ^ _18428_/A (BUF_X2)
    10   40.36    0.04    0.07    0.37 ^ _18428_/Z (BUF_X2)
                                         _09135_ (net)
                  0.05    0.02    0.38 ^ _25924_/A2 (NAND3_X1)
     1    1.69    0.02    0.03    0.41 v _25924_/ZN (NAND3_X1)
                                         _02933_ (net)
                  0.02    0.00    0.41 v _25926_/A (OAI21_X1)
     1    3.50    0.03    0.03    0.44 ^ _25926_/ZN (OAI21_X1)
                                         _02935_ (net)
                  0.03    0.00    0.44 ^ _25927_/A2 (NOR2_X2)
     4   11.99    0.01    0.02    0.46 v _25927_/ZN (NOR2_X2)
                                         _02936_ (net)
                  0.01    0.00    0.46 v _25928_/A (INV_X1)
     3    5.71    0.02    0.02    0.49 ^ _25928_/ZN (INV_X1)
                                         _02937_ (net)
                  0.02    0.00    0.49 ^ _25929_/A (BUF_X2)
    10   25.39    0.03    0.05    0.54 ^ _25929_/Z (BUF_X2)
                                         _02938_ (net)
                  0.03    0.00    0.54 ^ _25930_/A (BUF_X8)
    17   52.64    0.02    0.04    0.57 ^ _25930_/Z (BUF_X8)
                                         _15164_ (net)
                  0.02    0.00    0.58 ^ _29757_/B (HA_X1)
    10   24.55    0.06    0.09    0.66 ^ _29757_/CO (HA_X1)
                                         _15165_ (net)
                  0.06    0.00    0.66 ^ _26094_/A (INV_X1)
     6   12.48    0.02    0.04    0.70 v _26094_/ZN (INV_X1)
                                         _03098_ (net)
                  0.02    0.00    0.70 v _26095_/A (AOI21_X2)
     6   14.08    0.05    0.07    0.77 ^ _26095_/ZN (AOI21_X2)
                                         _03099_ (net)
                  0.05    0.00    0.77 ^ _26302_/A1 (NOR2_X1)
     1    1.15    0.02    0.01    0.78 v _26302_/ZN (NOR2_X1)
                                         _03303_ (net)
                  0.02    0.00    0.78 v _26304_/A (MUX2_X1)
     1    1.68    0.01    0.06    0.84 v _26304_/Z (MUX2_X1)
                                         _03305_ (net)
                  0.01    0.00    0.84 v _26305_/C1 (AOI221_X1)
     1    3.39    0.05    0.06    0.90 ^ _26305_/ZN (AOI221_X1)
                                         _03306_ (net)
                  0.05    0.00    0.90 ^ _26306_/A3 (OR3_X1)
     1    1.72    0.01    0.04    0.94 ^ _26306_/ZN (OR3_X1)
                                         _03307_ (net)
                  0.01    0.00    0.94 ^ _26322_/B1 (AOI22_X1)
     1    1.63    0.01    0.02    0.96 v _26322_/ZN (AOI22_X1)
                                         _00122_ (net)
                  0.01    0.00    0.96 v sa21_sr[2]$_DFF_P_/D (DFF_X1)
                                  0.96   data arrival time

                  0.00    0.82    0.82   clock clk (rise edge)
                          0.00    0.82   clock network delay (ideal)
                          0.00    0.82   clock reconvergence pessimism
                                  0.82 ^ sa21_sr[2]$_DFF_P_/CK (DFF_X1)
                         -0.04    0.78   library setup time
                                  0.78   data required time
-----------------------------------------------------------------------------
                                  0.78   data required time
                                 -0.96   data arrival time
-----------------------------------------------------------------------------
                                 -0.19   slack (VIOLATED)



==========================================================================
detailed place report_check_types -max_slew -max_cap -max_fanout -violators
--------------------------------------------------------------------------
max capacitance

Pin                                    Limit     Cap   Slack
------------------------------------------------------------
_21354_/ZN                             31.74   33.56   -1.82 (VIOLATED)
_17290_/ZN                             10.47   10.76   -0.29 (VIOLATED)
_21903_/ZN                             16.02   16.03   -0.01 (VIOLATED)


==========================================================================
detailed place max_slew_check_slack
--------------------------------------------------------------------------
0.0725884810090065

==========================================================================
detailed place max_slew_check_limit
--------------------------------------------------------------------------
0.1985349953174591

==========================================================================
detailed place max_slew_check_slack_limit
--------------------------------------------------------------------------
0.3656

==========================================================================
detailed place max_fanout_check_slack
--------------------------------------------------------------------------
1.0000000150474662e+30

==========================================================================
detailed place max_fanout_check_limit
--------------------------------------------------------------------------
1.0000000150474662e+30

==========================================================================
detailed place max_capacitance_check_slack
--------------------------------------------------------------------------
-1.8222525119781494

==========================================================================
detailed place max_capacitance_check_limit
--------------------------------------------------------------------------
31.738300323486328

==========================================================================
detailed place max_capacitance_check_slack_limit
--------------------------------------------------------------------------
-0.0574

==========================================================================
detailed place max_slew_violation_count
--------------------------------------------------------------------------
max slew violation count 0

==========================================================================
detailed place max_fanout_violation_count
--------------------------------------------------------------------------
max fanout violation count 0

==========================================================================
detailed place max_cap_violation_count
--------------------------------------------------------------------------
max cap violation count 3

==========================================================================
detailed place setup_violation_count
--------------------------------------------------------------------------
setup violation count 160

==========================================================================
detailed place hold_violation_count
--------------------------------------------------------------------------
hold violation count 0

==========================================================================
detailed place report_checks -path_delay max reg to reg
--------------------------------------------------------------------------
Startpoint: ld_r$_DFF_P_ (rising edge-triggered flip-flop clocked by clk)
Endpoint: sa21_sr[2]$_DFF_P_ (rising edge-triggered flip-flop clocked by clk)
Path Group: clk
Path Type: max

  Delay    Time   Description
---------------------------------------------------------
   0.00    0.00   clock clk (rise edge)
   0.00    0.00   clock network delay (ideal)
   0.00    0.00 ^ ld_r$_DFF_P_/CK (DFF_X1)
   0.09    0.09 ^ ld_r$_DFF_P_/Q (DFF_X1)
   0.03    0.12 ^ _18258_/Z (BUF_X4)
   0.05    0.17 ^ _18280_/Z (BUF_X4)
   0.04    0.21 ^ _18304_/Z (BUF_X4)
   0.03    0.24 ^ _18395_/Z (BUF_X8)
   0.06    0.30 ^ _18396_/Z (BUF_X2)
   0.07    0.37 ^ _18428_/Z (BUF_X2)
   0.04    0.41 v _25924_/ZN (NAND3_X1)
   0.03    0.44 ^ _25926_/ZN (OAI21_X1)
   0.02    0.46 v _25927_/ZN (NOR2_X2)
   0.03    0.49 ^ _25928_/ZN (INV_X1)
   0.05    0.54 ^ _25929_/Z (BUF_X2)
   0.04    0.57 ^ _25930_/Z (BUF_X8)
   0.09    0.66 ^ _29757_/CO (HA_X1)
   0.04    0.70 v _26094_/ZN (INV_X1)
   0.07    0.77 ^ _26095_/ZN (AOI21_X2)
   0.01    0.78 v _26302_/ZN (NOR2_X1)
   0.06    0.84 v _26304_/Z (MUX2_X1)
   0.06    0.90 ^ _26305_/ZN (AOI221_X1)
   0.04    0.94 ^ _26306_/ZN (OR3_X1)
   0.02    0.96 v _26322_/ZN (AOI22_X1)
   0.00    0.96 v sa21_sr[2]$_DFF_P_/D (DFF_X1)
           0.96   data arrival time

   0.82    0.82   clock clk (rise edge)
   0.00    0.82   clock network delay (ideal)
   0.00    0.82   clock reconvergence pessimism
           0.82 ^ sa21_sr[2]$_DFF_P_/CK (DFF_X1)
  -0.04    0.78   library setup time
           0.78   data required time
---------------------------------------------------------
           0.78   data required time
          -0.96   data arrival time
---------------------------------------------------------
          -0.19   slack (VIOLATED)



==========================================================================
detailed place report_checks -path_delay min reg to reg
--------------------------------------------------------------------------
Startpoint: u0.u3.d[4]$_DFF_P_ (rising edge-triggered flip-flop clocked by clk)
Endpoint: u0.w[1][4]$_DFF_P_ (rising edge-triggered flip-flop clocked by clk)
Path Group: clk
Path Type: min

  Delay    Time   Description
---------------------------------------------------------
   0.00    0.00   clock clk (rise edge)
   0.00    0.00   clock network delay (ideal)
   0.00    0.00 ^ u0.u3.d[4]$_DFF_P_/CK (DFF_X1)
   0.06    0.06 ^ u0.u3.d[4]$_DFF_P_/QN (DFF_X1)
   0.02    0.08 v _15881_/ZN (XNOR2_X1)
   0.02    0.11 ^ _15989_/ZN (AOI21_X1)
   0.00    0.11 ^ u0.w[1][4]$_DFF_P_/D (DFF_X1)
           0.11   data arrival time

   0.00    0.00   clock clk (rise edge)
   0.00    0.00   clock network delay (ideal)
   0.00    0.00   clock reconvergence pessimism
           0.00 ^ u0.w[1][4]$_DFF_P_/CK (DFF_X1)
   0.01    0.01   library hold time
           0.01   data required time
---------------------------------------------------------
           0.01   data required time
          -0.11   data arrival time
---------------------------------------------------------
           0.10   slack (MET)



==========================================================================
detailed place critical path target clock latency max path
--------------------------------------------------------------------------
0.0000

==========================================================================
detailed place critical path target clock latency min path
--------------------------------------------------------------------------
0.0000

==========================================================================
detailed place critical path source clock latency min path
--------------------------------------------------------------------------
0.0000

==========================================================================
detailed place critical path delay
--------------------------------------------------------------------------
0.9631

==========================================================================
detailed place critical path slack
--------------------------------------------------------------------------
-0.1851

==========================================================================
detailed place slack div critical path delay
--------------------------------------------------------------------------
-19.219188

==========================================================================
detailed place report_power
--------------------------------------------------------------------------
Group                  Internal  Switching    Leakage      Total
                          Power      Power      Power      Power (Watts)
----------------------------------------------------------------
Sequential             9.23e-03   1.13e-03   4.44e-05   1.04e-02   2.9%
Combinational          1.67e-01   1.79e-01   5.07e-04   3.46e-01  97.1%
Clock                  0.00e+00   0.00e+00   0.00e+00   0.00e+00   0.0%
Macro                  0.00e+00   0.00e+00   0.00e+00   0.00e+00   0.0%
Pad                    0.00e+00   0.00e+00   0.00e+00   0.00e+00   0.0%
----------------------------------------------------------------
Total                  1.76e-01   1.80e-01   5.51e-04   3.57e-01 100.0%
                          49.4%      50.5%       0.2%
