
==========================================================================
detailed place report_tns
--------------------------------------------------------------------------
tns -257.75

==========================================================================
detailed place report_wns
--------------------------------------------------------------------------
wns -0.37

==========================================================================
detailed place report_worst_slack
--------------------------------------------------------------------------
worst slack -0.37

==========================================================================
detailed place report_checks -path_delay min
--------------------------------------------------------------------------
Startpoint: rst_ni (input port clocked by core_clock)
Endpoint: gen_regfile_ff.register_file_i.rf_reg_q[763]$_DFFE_PN0P_
          (removal check against rising-edge clock core_clock)
Path Group: asynchronous
Path Type: min

Fanout     Cap    Slew   Delay    Time   Description
-----------------------------------------------------------------------------
                  0.00    0.00    0.00   clock core_clock (rise edge)
                          0.00    0.00   clock network delay (ideal)
                          0.44    0.44 ^ input external delay
  1658 3466.62    0.00    0.00    0.44 ^ rst_ni (in)
                                         rst_ni (net)
                  1.28    1.05    1.49 ^ gen_regfile_ff.register_file_i.rf_reg_q[763]$_DFFE_PN0P_/RN (DFFR_X1)
                                  1.49   data arrival time

                  0.00    0.00    0.00   clock core_clock (rise edge)
                          0.00    0.00   clock network delay (ideal)
                          0.00    0.00   clock reconvergence pessimism
                                  0.00 ^ gen_regfile_ff.register_file_i.rf_reg_q[763]$_DFFE_PN0P_/CK (DFFR_X1)
                          1.79    1.79   library removal time
                                  1.79   data required time
-----------------------------------------------------------------------------
                                  1.79   data required time
                                 -1.49   data arrival time
-----------------------------------------------------------------------------
                                 -0.30   slack (VIOLATED)


Startpoint: core_clock_gate_i.en_latch$_DLATCH_N_
            (negative level-sensitive latch clocked by core_clock)
Endpoint: _29919_ (rising clock gating-check end-point clocked by core_clock)
Path Group: gated clock
Path Type: min

Fanout     Cap    Slew   Delay    Time   Description
-----------------------------------------------------------------------------
                  0.00    1.10    1.10   clock core_clock (fall edge)
                          0.00    1.10   clock network delay (ideal)
                  0.00    0.00    1.10 v core_clock_gate_i.en_latch$_DLATCH_N_/GN (DLL_X1)
     1    1.05    0.01    0.04    1.14 ^ core_clock_gate_i.en_latch$_DLATCH_N_/Q (DLL_X1)
                                         core_clock_gate_i.en_latch (net)
                  0.01    0.00    1.14 ^ _29919_/A2 (AND2_X1)
                                  1.14   data arrival time

                  0.00    1.10    1.10   clock core_clock (fall edge)
                          0.00    1.10   clock network delay (ideal)
                          0.00    1.10   clock reconvergence pessimism
                                  1.10 v _29919_/A1 (AND2_X1)
                          0.00    1.10   clock gating hold time
                                  1.10   data required time
-----------------------------------------------------------------------------
                                  1.10   data required time
                                 -1.14   data arrival time
-----------------------------------------------------------------------------
                                  0.04   slack (MET)


Startpoint: load_store_unit_i.data_we_q$_DFFE_PN0P_
            (rising edge-triggered flip-flop clocked by core_clock)
Endpoint: id_stage_i.controller_i.store_err_q$_DFF_PN0_
          (rising edge-triggered flip-flop clocked by core_clock)
Path Group: core_clock
Path Type: min

Fanout     Cap    Slew   Delay    Time   Description
-----------------------------------------------------------------------------
                  0.00    0.00    0.00   clock core_clock (rise edge)
                          0.00    0.00   clock network delay (ideal)
                  0.00    0.00    0.00 ^ load_store_unit_i.data_we_q$_DFFE_PN0P_/CK (DFFR_X1)
     2    2.91    0.01    0.07    0.07 ^ load_store_unit_i.data_we_q$_DFFE_PN0P_/QN (DFFR_X1)
                                         _01159_ (net)
                  0.01    0.00    0.07 ^ _20134_/A1 (NOR3_X1)
     2    5.18    0.01    0.01    0.08 v _20134_/ZN (NOR3_X1)
                                         id_stage_i.controller_i.store_err_d (net)
                  0.01    0.00    0.08 v id_stage_i.controller_i.store_err_q$_DFF_PN0_/D (DFFR_X1)
                                  0.08   data arrival time

                  0.00    0.00    0.00   clock core_clock (rise edge)
                          0.00    0.00   clock network delay (ideal)
                          0.00    0.00   clock reconvergence pessimism
                                  0.00 ^ id_stage_i.controller_i.store_err_q$_DFF_PN0_/CK (DFFR_X1)
                          0.00    0.00   library hold time
                                  0.00   data required time
-----------------------------------------------------------------------------
                                  0.00   data required time
                                 -0.08   data arrival time
-----------------------------------------------------------------------------
                                  0.08   slack (MET)



==========================================================================
detailed place report_checks -path_delay max
--------------------------------------------------------------------------
Startpoint: rst_ni (input port clocked by core_clock)
Endpoint: gen_regfile_ff.register_file_i.rf_reg_q[763]$_DFFE_PN0P_
          (recovery check against rising-edge clock core_clock)
Path Group: asynchronous
Path Type: max

Fanout     Cap    Slew   Delay    Time   Description
-----------------------------------------------------------------------------
                  0.00    0.00    0.00   clock core_clock (rise edge)
                          0.00    0.00   clock network delay (ideal)
                          0.44    0.44 ^ input external delay
  1658 3466.62    0.00    0.00    0.44 ^ rst_ni (in)
                                         rst_ni (net)
                  1.28    1.05    1.49 ^ gen_regfile_ff.register_file_i.rf_reg_q[763]$_DFFE_PN0P_/RN (DFFR_X1)
                                  1.49   data arrival time

                  0.00    2.20    2.20   clock core_clock (rise edge)
                          0.00    2.20   clock network delay (ideal)
                          0.00    2.20   clock reconvergence pessimism
                                  2.20 ^ gen_regfile_ff.register_file_i.rf_reg_q[763]$_DFFE_PN0P_/CK (DFFR_X1)
                         -0.25    1.95   library recovery time
                                  1.95   data required time
-----------------------------------------------------------------------------
                                  1.95   data required time
                                 -1.49   data arrival time
-----------------------------------------------------------------------------
                                  0.46   slack (MET)


Startpoint: core_clock_gate_i.en_latch$_DLATCH_N_
            (negative level-sensitive latch clocked by core_clock)
Endpoint: _29919_ (rising clock gating-check end-point clocked by core_clock)
Path Group: gated clock
Path Type: max

Fanout     Cap    Slew   Delay    Time   Description
-----------------------------------------------------------------------------
                  0.00    1.10    1.10   clock core_clock (fall edge)
                          0.00    1.10   clock network delay (ideal)
                  0.00    0.00    1.10 v core_clock_gate_i.en_latch$_DLATCH_N_/GN (DLL_X1)
     1    0.97    0.01    0.07    1.17 v core_clock_gate_i.en_latch$_DLATCH_N_/Q (DLL_X1)
                                         core_clock_gate_i.en_latch (net)
                  0.01    0.00    1.17 v _29919_/A2 (AND2_X1)
                                  1.17   data arrival time

                  0.00    2.20    2.20   clock core_clock (rise edge)
                          0.00    2.20   clock network delay (ideal)
                          0.00    2.20   clock reconvergence pessimism
                                  2.20 ^ _29919_/A1 (AND2_X1)
                          0.00    2.20   clock gating setup time
                                  2.20   data required time
-----------------------------------------------------------------------------
                                  2.20   data required time
                                 -1.17   data arrival time
-----------------------------------------------------------------------------
                                  1.03   slack (MET)


Startpoint: if_stage_i.instr_rdata_alu_id_o[20]$_DFFE_PN_
            (rising edge-triggered flip-flop clocked by core_clock)
Endpoint: gen_regfile_ff.register_file_i.rf_reg_q[246]$_DFFE_PN0P_
          (rising edge-triggered flip-flop clocked by core_clock)
Path Group: core_clock
Path Type: max

Fanout     Cap    Slew   Delay    Time   Description
-----------------------------------------------------------------------------
                  0.00    0.00    0.00   clock core_clock (rise edge)
                          0.00    0.00   clock network delay (ideal)
                  0.00    0.00    0.00 ^ if_stage_i.instr_rdata_alu_id_o[20]$_DFFE_PN_/CK (DFF_X1)
     1    4.05    0.01    0.09    0.09 ^ if_stage_i.instr_rdata_alu_id_o[20]$_DFFE_PN_/Q (DFF_X1)
                                         gen_regfile_ff.register_file_i.raddr_b_i[0] (net)
                  0.01    0.00    0.09 ^ _16524_/A (BUF_X4)
     9   24.70    0.02    0.03    0.12 ^ _16524_/Z (BUF_X4)
                                         _10708_ (net)
                  0.02    0.00    0.12 ^ _16525_/A (BUF_X4)
    10   45.46    0.02    0.04    0.16 ^ _16525_/Z (BUF_X4)
                                         _10709_ (net)
                  0.03    0.02    0.18 ^ _16526_/A (BUF_X2)
    10   42.04    0.05    0.07    0.25 ^ _16526_/Z (BUF_X2)
                                         _10710_ (net)
                  0.05    0.02    0.26 ^ _16527_/A (BUF_X2)
    19   55.44    0.06    0.09    0.35 ^ _16527_/Z (BUF_X2)
                                         _10711_ (net)
                  0.06    0.01    0.36 ^ _18242_/A (BUF_X2)
    10   19.43    0.02    0.05    0.41 ^ _18242_/Z (BUF_X2)
                                         _12359_ (net)
                  0.02    0.00    0.41 ^ _18271_/A (BUF_X2)
    10   33.59    0.04    0.06    0.47 ^ _18271_/Z (BUF_X2)
                                         _12388_ (net)
                  0.04    0.00    0.47 ^ _18325_/A (BUF_X1)
    10   29.06    0.07    0.09    0.57 ^ _18325_/Z (BUF_X1)
                                         _12440_ (net)
                  0.07    0.00    0.57 ^ _18355_/S (MUX2_X1)
     1    0.97    0.01    0.06    0.63 v _18355_/Z (MUX2_X1)
                                         _12470_ (net)
                  0.01    0.00    0.63 v _18356_/B (MUX2_X1)
     1    1.13    0.01    0.06    0.69 v _18356_/Z (MUX2_X1)
                                         _12471_ (net)
                  0.01    0.00    0.69 v _18357_/B (MUX2_X1)
     1    3.07    0.01    0.06    0.75 v _18357_/Z (MUX2_X1)
                                         _12472_ (net)
                  0.01    0.00    0.75 v _18358_/B1 (AOI21_X1)
     8   31.52    0.15    0.17    0.92 ^ _18358_/ZN (AOI21_X1)
                                         _12473_ (net)
                  0.15    0.01    0.94 ^ _20581_/A1 (AND2_X1)
     1    1.70    0.01    0.05    0.99 ^ _20581_/ZN (AND2_X1)
                                         _03899_ (net)
                  0.01    0.00    0.99 ^ _20582_/A (AOI21_X1)
     2    7.28    0.03    0.02    1.01 v _20582_/ZN (AOI21_X1)
                                         _03900_ (net)
                  0.03    0.00    1.01 v _20603_/A (INV_X1)
     7   13.96    0.03    0.05    1.06 ^ _20603_/ZN (INV_X1)
                                         _03911_ (net)
                  0.03    0.00    1.06 ^ _20604_/A2 (NAND2_X1)
     1    3.57    0.02    0.02    1.09 v _20604_/ZN (NAND2_X1)
                                         _14828_ (net)
                  0.02    0.00    1.09 v _30153_/B (FA_X1)
     1    4.27    0.02    0.09    1.17 v _30153_/CO (FA_X1)
                                         _14830_ (net)
                  0.02    0.00    1.17 v _30168_/CI (FA_X1)
     1    1.85    0.01    0.11    1.29 ^ _30168_/S (FA_X1)
                                         _14892_ (net)
                  0.01    0.00    1.29 ^ _21493_/A (INV_X1)
     1    2.82    0.01    0.01    1.30 v _21493_/ZN (INV_X1)
                                         _14895_ (net)
                  0.01    0.00    1.30 v _30169_/CI (FA_X1)
     1    4.55    0.02    0.09    1.39 v _30169_/S (FA_X1)
                                         _14897_ (net)
                  0.02    0.00    1.39 v _30174_/A (FA_X1)
     1    2.17    0.01    0.12    1.51 ^ _30174_/S (FA_X1)
                                         _14916_ (net)
                  0.01    0.00    1.51 ^ _21168_/A (INV_X1)
     1    3.82    0.01    0.01    1.52 v _21168_/ZN (INV_X1)
                                         _14930_ (net)
                  0.01    0.00    1.52 v _30178_/A (FA_X1)
     1    4.15    0.02    0.12    1.63 ^ _30178_/S (FA_X1)
                                         _14934_ (net)
                  0.02    0.00    1.63 ^ _30179_/A (FA_X1)
     1    1.97    0.02    0.09    1.72 v _30179_/S (FA_X1)
                                         _14937_ (net)
                  0.02    0.00    1.72 v _21495_/A (INV_X1)
     1    3.73    0.01    0.02    1.74 ^ _21495_/ZN (INV_X1)
                                         _16125_ (net)
                  0.01    0.00    1.74 ^ _30534_/A (HA_X1)
     2    4.48    0.03    0.06    1.80 ^ _30534_/S (HA_X1)
                                         _16128_ (net)
                  0.03    0.00    1.80 ^ _23568_/B2 (AOI21_X1)
     3    5.04    0.01    0.03    1.83 v _23568_/ZN (AOI21_X1)
                                         _06079_ (net)
                  0.01    0.00    1.83 v _23570_/A (AOI21_X1)
     3    5.42    0.04    0.06    1.89 ^ _23570_/ZN (AOI21_X1)
                                         _06081_ (net)
                  0.04    0.00    1.89 ^ _23655_/A4 (AND4_X1)
     2    4.33    0.02    0.07    1.96 ^ _23655_/ZN (AND4_X1)
                                         _06162_ (net)
                  0.02    0.00    1.96 ^ _23717_/A1 (NOR2_X1)
     1    1.53    0.01    0.01    1.97 v _23717_/ZN (NOR2_X1)
                                         _06222_ (net)
                  0.01    0.00    1.97 v _23718_/B2 (AOI21_X1)
     3   10.24    0.06    0.08    2.05 ^ _23718_/ZN (AOI21_X1)
                                         _06223_ (net)
                  0.06    0.00    2.05 ^ _23719_/B1 (AOI21_X1)
     1    2.64    0.02    0.02    2.07 v _23719_/ZN (AOI21_X1)
                                         _06224_ (net)
                  0.02    0.00    2.07 v _23720_/B (XOR2_X1)
     1    4.27    0.03    0.05    2.12 ^ _23720_/Z (XOR2_X1)
                                         _06225_ (net)
                  0.03    0.00    2.12 ^ _23721_/A2 (NOR2_X1)
     1    1.79    0.02    0.01    2.14 v _23721_/ZN (NOR2_X1)
                                         _06226_ (net)
                  0.02    0.00    2.14 v _23722_/A3 (NOR3_X1)
     2    9.99    0.08    0.12    2.26 ^ _23722_/ZN (NOR3_X1)
                                         _06227_ (net)
                  0.08    0.00    2.26 ^ _23724_/B1 (OAI22_X1)
     1    1.80    0.02    0.03    2.29 v _23724_/ZN (OAI22_X1)
                                         _06229_ (net)
                  0.02    0.00    2.29 v _23725_/B2 (AOI21_X1)
     4   18.22    0.09    0.12    2.40 ^ _23725_/ZN (AOI21_X1)
                                         _06230_ (net)
                  0.09    0.00    2.41 ^ _23726_/A (BUF_X1)
    10   24.79    0.06    0.09    2.50 ^ _23726_/Z (BUF_X1)
                                         _06231_ (net)
                  0.06    0.00    2.50 ^ _24335_/B2 (OAI21_X1)
     1    1.32    0.02    0.02    2.52 v _24335_/ZN (OAI21_X1)
                                         _01442_ (net)
                  0.02    0.00    2.52 v gen_regfile_ff.register_file_i.rf_reg_q[246]$_DFFE_PN0P_/D (DFFR_X1)
                                  2.52   data arrival time

                  0.00    2.20    2.20   clock core_clock (rise edge)
                          0.00    2.20   clock network delay (ideal)
                          0.00    2.20   clock reconvergence pessimism
                                  2.20 ^ gen_regfile_ff.register_file_i.rf_reg_q[246]$_DFFE_PN0P_/CK (DFFR_X1)
                         -0.04    2.16   library setup time
                                  2.16   data required time
-----------------------------------------------------------------------------
                                  2.16   data required time
                                 -2.52   data arrival time
-----------------------------------------------------------------------------
                                 -0.37   slack (VIOLATED)



==========================================================================
detailed place report_checks -unconstrained
--------------------------------------------------------------------------
Startpoint: rst_ni (input port clocked by core_clock)
Endpoint: gen_regfile_ff.register_file_i.rf_reg_q[763]$_DFFE_PN0P_
          (recovery check against rising-edge clock core_clock)
Path Group: asynchronous
Path Type: max

Fanout     Cap    Slew   Delay    Time   Description
-----------------------------------------------------------------------------
                  0.00    0.00    0.00   clock core_clock (rise edge)
                          0.00    0.00   clock network delay (ideal)
                          0.44    0.44 ^ input external delay
  1658 3466.62    0.00    0.00    0.44 ^ rst_ni (in)
                                         rst_ni (net)
                  1.28    1.05    1.49 ^ gen_regfile_ff.register_file_i.rf_reg_q[763]$_DFFE_PN0P_/RN (DFFR_X1)
                                  1.49   data arrival time

                  0.00    2.20    2.20   clock core_clock (rise edge)
                          0.00    2.20   clock network delay (ideal)
                          0.00    2.20   clock reconvergence pessimism
                                  2.20 ^ gen_regfile_ff.register_file_i.rf_reg_q[763]$_DFFE_PN0P_/CK (DFFR_X1)
                         -0.25    1.95   library recovery time
                                  1.95   data required time
-----------------------------------------------------------------------------
                                  1.95   data required time
                                 -1.49   data arrival time
-----------------------------------------------------------------------------
                                  0.46   slack (MET)


Startpoint: core_clock_gate_i.en_latch$_DLATCH_N_
            (negative level-sensitive latch clocked by core_clock)
Endpoint: _29919_ (rising clock gating-check end-point clocked by core_clock)
Path Group: gated clock
Path Type: max

Fanout     Cap    Slew   Delay    Time   Description
-----------------------------------------------------------------------------
                  0.00    1.10    1.10   clock core_clock (fall edge)
                          0.00    1.10   clock network delay (ideal)
                  0.00    0.00    1.10 v core_clock_gate_i.en_latch$_DLATCH_N_/GN (DLL_X1)
     1    0.97    0.01    0.07    1.17 v core_clock_gate_i.en_latch$_DLATCH_N_/Q (DLL_X1)
                                         core_clock_gate_i.en_latch (net)
                  0.01    0.00    1.17 v _29919_/A2 (AND2_X1)
                                  1.17   data arrival time

                  0.00    2.20    2.20   clock core_clock (rise edge)
                          0.00    2.20   clock network delay (ideal)
                          0.00    2.20   clock reconvergence pessimism
                                  2.20 ^ _29919_/A1 (AND2_X1)
                          0.00    2.20   clock gating setup time
                                  2.20   data required time
-----------------------------------------------------------------------------
                                  2.20   data required time
                                 -1.17   data arrival time
-----------------------------------------------------------------------------
                                  1.03   slack (MET)


Startpoint: if_stage_i.instr_rdata_alu_id_o[20]$_DFFE_PN_
            (rising edge-triggered flip-flop clocked by core_clock)
Endpoint: gen_regfile_ff.register_file_i.rf_reg_q[246]$_DFFE_PN0P_
          (rising edge-triggered flip-flop clocked by core_clock)
Path Group: core_clock
Path Type: max

Fanout     Cap    Slew   Delay    Time   Description
-----------------------------------------------------------------------------
                  0.00    0.00    0.00   clock core_clock (rise edge)
                          0.00    0.00   clock network delay (ideal)
                  0.00    0.00    0.00 ^ if_stage_i.instr_rdata_alu_id_o[20]$_DFFE_PN_/CK (DFF_X1)
     1    4.05    0.01    0.09    0.09 ^ if_stage_i.instr_rdata_alu_id_o[20]$_DFFE_PN_/Q (DFF_X1)
                                         gen_regfile_ff.register_file_i.raddr_b_i[0] (net)
                  0.01    0.00    0.09 ^ _16524_/A (BUF_X4)
     9   24.70    0.02    0.03    0.12 ^ _16524_/Z (BUF_X4)
                                         _10708_ (net)
                  0.02    0.00    0.12 ^ _16525_/A (BUF_X4)
    10   45.46    0.02    0.04    0.16 ^ _16525_/Z (BUF_X4)
                                         _10709_ (net)
                  0.03    0.02    0.18 ^ _16526_/A (BUF_X2)
    10   42.04    0.05    0.07    0.25 ^ _16526_/Z (BUF_X2)
                                         _10710_ (net)
                  0.05    0.02    0.26 ^ _16527_/A (BUF_X2)
    19   55.44    0.06    0.09    0.35 ^ _16527_/Z (BUF_X2)
                                         _10711_ (net)
                  0.06    0.01    0.36 ^ _18242_/A (BUF_X2)
    10   19.43    0.02    0.05    0.41 ^ _18242_/Z (BUF_X2)
                                         _12359_ (net)
                  0.02    0.00    0.41 ^ _18271_/A (BUF_X2)
    10   33.59    0.04    0.06    0.47 ^ _18271_/Z (BUF_X2)
                                         _12388_ (net)
                  0.04    0.00    0.47 ^ _18325_/A (BUF_X1)
    10   29.06    0.07    0.09    0.57 ^ _18325_/Z (BUF_X1)
                                         _12440_ (net)
                  0.07    0.00    0.57 ^ _18355_/S (MUX2_X1)
     1    0.97    0.01    0.06    0.63 v _18355_/Z (MUX2_X1)
                                         _12470_ (net)
                  0.01    0.00    0.63 v _18356_/B (MUX2_X1)
     1    1.13    0.01    0.06    0.69 v _18356_/Z (MUX2_X1)
                                         _12471_ (net)
                  0.01    0.00    0.69 v _18357_/B (MUX2_X1)
     1    3.07    0.01    0.06    0.75 v _18357_/Z (MUX2_X1)
                                         _12472_ (net)
                  0.01    0.00    0.75 v _18358_/B1 (AOI21_X1)
     8   31.52    0.15    0.17    0.92 ^ _18358_/ZN (AOI21_X1)
                                         _12473_ (net)
                  0.15    0.01    0.94 ^ _20581_/A1 (AND2_X1)
     1    1.70    0.01    0.05    0.99 ^ _20581_/ZN (AND2_X1)
                                         _03899_ (net)
                  0.01    0.00    0.99 ^ _20582_/A (AOI21_X1)
     2    7.28    0.03    0.02    1.01 v _20582_/ZN (AOI21_X1)
                                         _03900_ (net)
                  0.03    0.00    1.01 v _20603_/A (INV_X1)
     7   13.96    0.03    0.05    1.06 ^ _20603_/ZN (INV_X1)
                                         _03911_ (net)
                  0.03    0.00    1.06 ^ _20604_/A2 (NAND2_X1)
     1    3.57    0.02    0.02    1.09 v _20604_/ZN (NAND2_X1)
                                         _14828_ (net)
                  0.02    0.00    1.09 v _30153_/B (FA_X1)
     1    4.27    0.02    0.09    1.17 v _30153_/CO (FA_X1)
                                         _14830_ (net)
                  0.02    0.00    1.17 v _30168_/CI (FA_X1)
     1    1.85    0.01    0.11    1.29 ^ _30168_/S (FA_X1)
                                         _14892_ (net)
                  0.01    0.00    1.29 ^ _21493_/A (INV_X1)
     1    2.82    0.01    0.01    1.30 v _21493_/ZN (INV_X1)
                                         _14895_ (net)
                  0.01    0.00    1.30 v _30169_/CI (FA_X1)
     1    4.55    0.02    0.09    1.39 v _30169_/S (FA_X1)
                                         _14897_ (net)
                  0.02    0.00    1.39 v _30174_/A (FA_X1)
     1    2.17    0.01    0.12    1.51 ^ _30174_/S (FA_X1)
                                         _14916_ (net)
                  0.01    0.00    1.51 ^ _21168_/A (INV_X1)
     1    3.82    0.01    0.01    1.52 v _21168_/ZN (INV_X1)
                                         _14930_ (net)
                  0.01    0.00    1.52 v _30178_/A (FA_X1)
     1    4.15    0.02    0.12    1.63 ^ _30178_/S (FA_X1)
                                         _14934_ (net)
                  0.02    0.00    1.63 ^ _30179_/A (FA_X1)
     1    1.97    0.02    0.09    1.72 v _30179_/S (FA_X1)
                                         _14937_ (net)
                  0.02    0.00    1.72 v _21495_/A (INV_X1)
     1    3.73    0.01    0.02    1.74 ^ _21495_/ZN (INV_X1)
                                         _16125_ (net)
                  0.01    0.00    1.74 ^ _30534_/A (HA_X1)
     2    4.48    0.03    0.06    1.80 ^ _30534_/S (HA_X1)
                                         _16128_ (net)
                  0.03    0.00    1.80 ^ _23568_/B2 (AOI21_X1)
     3    5.04    0.01    0.03    1.83 v _23568_/ZN (AOI21_X1)
                                         _06079_ (net)
                  0.01    0.00    1.83 v _23570_/A (AOI21_X1)
     3    5.42    0.04    0.06    1.89 ^ _23570_/ZN (AOI21_X1)
                                         _06081_ (net)
                  0.04    0.00    1.89 ^ _23655_/A4 (AND4_X1)
     2    4.33    0.02    0.07    1.96 ^ _23655_/ZN (AND4_X1)
                                         _06162_ (net)
                  0.02    0.00    1.96 ^ _23717_/A1 (NOR2_X1)
     1    1.53    0.01    0.01    1.97 v _23717_/ZN (NOR2_X1)
                                         _06222_ (net)
                  0.01    0.00    1.97 v _23718_/B2 (AOI21_X1)
     3   10.24    0.06    0.08    2.05 ^ _23718_/ZN (AOI21_X1)
                                         _06223_ (net)
                  0.06    0.00    2.05 ^ _23719_/B1 (AOI21_X1)
     1    2.64    0.02    0.02    2.07 v _23719_/ZN (AOI21_X1)
                                         _06224_ (net)
                  0.02    0.00    2.07 v _23720_/B (XOR2_X1)
     1    4.27    0.03    0.05    2.12 ^ _23720_/Z (XOR2_X1)
                                         _06225_ (net)
                  0.03    0.00    2.12 ^ _23721_/A2 (NOR2_X1)
     1    1.79    0.02    0.01    2.14 v _23721_/ZN (NOR2_X1)
                                         _06226_ (net)
                  0.02    0.00    2.14 v _23722_/A3 (NOR3_X1)
     2    9.99    0.08    0.12    2.26 ^ _23722_/ZN (NOR3_X1)
                                         _06227_ (net)
                  0.08    0.00    2.26 ^ _23724_/B1 (OAI22_X1)
     1    1.80    0.02    0.03    2.29 v _23724_/ZN (OAI22_X1)
                                         _06229_ (net)
                  0.02    0.00    2.29 v _23725_/B2 (AOI21_X1)
     4   18.22    0.09    0.12    2.40 ^ _23725_/ZN (AOI21_X1)
                                         _06230_ (net)
                  0.09    0.00    2.41 ^ _23726_/A (BUF_X1)
    10   24.79    0.06    0.09    2.50 ^ _23726_/Z (BUF_X1)
                                         _06231_ (net)
                  0.06    0.00    2.50 ^ _24335_/B2 (OAI21_X1)
     1    1.32    0.02    0.02    2.52 v _24335_/ZN (OAI21_X1)
                                         _01442_ (net)
                  0.02    0.00    2.52 v gen_regfile_ff.register_file_i.rf_reg_q[246]$_DFFE_PN0P_/D (DFFR_X1)
                                  2.52   data arrival time

                  0.00    2.20    2.20   clock core_clock (rise edge)
                          0.00    2.20   clock network delay (ideal)
                          0.00    2.20   clock reconvergence pessimism
                                  2.20 ^ gen_regfile_ff.register_file_i.rf_reg_q[246]$_DFFE_PN0P_/CK (DFFR_X1)
                         -0.04    2.16   library setup time
                                  2.16   data required time
-----------------------------------------------------------------------------
                                  2.16   data required time
                                 -2.52   data arrival time
-----------------------------------------------------------------------------
                                 -0.37   slack (VIOLATED)



==========================================================================
detailed place report_check_types -max_slew -max_cap -max_fanout -violators
--------------------------------------------------------------------------
max slew

Pin                                    Limit    Slew   Slack
------------------------------------------------------------
_17048_/Z                               0.20    0.25   -0.05 (VIOLATED)
_20440_/ZN                              0.20    0.25   -0.05 (VIOLATED)
_22911_/ZN                              0.20    0.21   -0.02 (VIOLATED)
_24776_/ZN                              0.20    0.20   -0.00 (VIOLATED)
_20890_/ZN                              0.20    0.20   -0.00 (VIOLATED)

max capacitance

Pin                                    Limit     Cap   Slack
------------------------------------------------------------
_17048_/Z                              25.33   53.06  -27.73 (VIOLATED)
_20440_/ZN                             10.47   24.65  -14.17 (VIOLATED)
_18225_/ZN                             26.02   38.68  -12.66 (VIOLATED)
_19183_/ZN                             26.70   39.00  -12.30 (VIOLATED)
_24776_/ZN                             16.02   27.93  -11.91 (VIOLATED)
_19553_/ZN                             26.02   37.82  -11.80 (VIOLATED)
_20890_/ZN                             16.02   27.31  -11.28 (VIOLATED)
_18977_/ZN                             26.02   37.28  -11.27 (VIOLATED)
_20319_/Z                              25.33   36.07  -10.74 (VIOLATED)
_20328_/ZN                             16.02   26.48  -10.46 (VIOLATED)
_22911_/ZN                             10.47   20.59  -10.12 (VIOLATED)
_22344_/ZN                             23.23   33.00   -9.77 (VIOLATED)
_27504_/ZN                             23.23   32.78   -9.55 (VIOLATED)
_18429_/ZN                             26.02   35.46   -9.44 (VIOLATED)
_19731_/ZN                             26.02   35.03   -9.02 (VIOLATED)
_27512_/ZN                             23.23   32.01   -8.78 (VIOLATED)
_27522_/ZN                             23.23   31.82   -8.59 (VIOLATED)
_18055_/ZN                             28.99   37.49   -8.50 (VIOLATED)
_22868_/ZN                             10.47   18.57   -8.10 (VIOLATED)
_22284_/ZN                             23.23   31.20   -7.97 (VIOLATED)
_20318_/Z                              25.33   33.26   -7.93 (VIOLATED)
_18615_/ZN                             28.99   36.80   -7.81 (VIOLATED)
_18215_/ZN                             26.02   33.58   -7.56 (VIOLATED)
_18417_/ZN                             26.02   33.56   -7.54 (VIOLATED)
_20147_/ZN                             10.47   17.98   -7.51 (VIOLATED)
_22217_/ZN                             23.23   30.58   -7.35 (VIOLATED)
_18028_/ZN                             26.02   33.26   -7.25 (VIOLATED)
_19924_/ZN                             25.33   32.53   -7.20 (VIOLATED)
_19370_/ZN                             26.02   33.12   -7.10 (VIOLATED)
_23147_/ZN                             25.33   32.06   -6.73 (VIOLATED)
_25831_/ZN                             10.47   16.96   -6.49 (VIOLATED)
_18358_/ZN                             25.33   31.52   -6.19 (VIOLATED)
_22176_/ZN                             23.23   29.35   -6.12 (VIOLATED)
_18603_/ZN                             26.02   32.08   -6.06 (VIOLATED)
_18471_/ZN                             25.33   31.34   -6.01 (VIOLATED)
_22089_/ZN                             23.23   28.80   -5.57 (VIOLATED)
_22073_/ZN                             23.23   28.74   -5.50 (VIOLATED)
_20352_/ZN                             16.02   21.16   -5.14 (VIOLATED)
_26289_/ZN                             13.81   17.84   -4.03 (VIOLATED)
_20148_/ZN                             10.47   14.02   -3.55 (VIOLATED)
_17534_/ZN                             13.81   16.75   -2.94 (VIOLATED)
_22133_/ZN                             23.23   25.90   -2.67 (VIOLATED)
_22363_/ZN                             26.05   28.65   -2.59 (VIOLATED)
_22052_/ZN                             23.23   25.77   -2.53 (VIOLATED)
_18303_/ZN                             25.33   27.35   -2.03 (VIOLATED)
_23322_/ZN                             10.47   12.38   -1.91 (VIOLATED)
_17917_/ZN                             25.33   27.05   -1.72 (VIOLATED)
_26292_/ZN                             26.70   28.08   -1.37 (VIOLATED)
_28321_/ZN                             16.02   17.12   -1.10 (VIOLATED)
_23367_/ZN                             16.02   16.91   -0.89 (VIOLATED)
_19384_/ZN                             26.70   27.47   -0.76 (VIOLATED)
_27150_/ZN                             26.05   26.64   -0.58 (VIOLATED)
_21793_/ZN                             10.47   10.80   -0.33 (VIOLATED)
_17829_/ZN                             26.05   26.34   -0.28 (VIOLATED)
_24996_/ZN                             26.70   26.92   -0.22 (VIOLATED)
_21836_/ZN                             10.47   10.68   -0.21 (VIOLATED)
_21844_/ZN                             10.47   10.48   -0.01 (VIOLATED)


==========================================================================
detailed place max_slew_check_slack
--------------------------------------------------------------------------
-0.052866462618112564

==========================================================================
detailed place max_slew_check_limit
--------------------------------------------------------------------------
0.1985349953174591

==========================================================================
detailed place max_slew_check_slack_limit
--------------------------------------------------------------------------
-0.2663

==========================================================================
detailed place max_fanout_check_slack
--------------------------------------------------------------------------
1.0000000150474662e+30

==========================================================================
detailed place max_fanout_check_limit
--------------------------------------------------------------------------
1.0000000150474662e+30

==========================================================================
detailed place max_capacitance_check_slack
--------------------------------------------------------------------------
-27.729616165161133

==========================================================================
detailed place max_capacitance_check_limit
--------------------------------------------------------------------------
25.329599380493164

==========================================================================
detailed place max_capacitance_check_slack_limit
--------------------------------------------------------------------------
-1.0948

==========================================================================
detailed place max_slew_violation_count
--------------------------------------------------------------------------
max slew violation count 5

==========================================================================
detailed place max_fanout_violation_count
--------------------------------------------------------------------------
max fanout violation count 0

==========================================================================
detailed place max_cap_violation_count
--------------------------------------------------------------------------
max cap violation count 57

==========================================================================
detailed place setup_violation_count
--------------------------------------------------------------------------
setup violation count 1239

==========================================================================
detailed place hold_violation_count
--------------------------------------------------------------------------
hold violation count 1475

==========================================================================
detailed place report_checks -path_delay max reg to reg
--------------------------------------------------------------------------
Startpoint: if_stage_i.instr_rdata_alu_id_o[20]$_DFFE_PN_
            (rising edge-triggered flip-flop clocked by core_clock)
Endpoint: gen_regfile_ff.register_file_i.rf_reg_q[246]$_DFFE_PN0P_
          (rising edge-triggered flip-flop clocked by core_clock)
Path Group: core_clock
Path Type: max

  Delay    Time   Description
---------------------------------------------------------
   0.00    0.00   clock core_clock (rise edge)
   0.00    0.00   clock network delay (ideal)
   0.00    0.00 ^ if_stage_i.instr_rdata_alu_id_o[20]$_DFFE_PN_/CK (DFF_X1)
   0.09    0.09 ^ if_stage_i.instr_rdata_alu_id_o[20]$_DFFE_PN_/Q (DFF_X1)
   0.03    0.12 ^ _16524_/Z (BUF_X4)
   0.04    0.16 ^ _16525_/Z (BUF_X4)
   0.08    0.25 ^ _16526_/Z (BUF_X2)
   0.10    0.35 ^ _16527_/Z (BUF_X2)
   0.06    0.41 ^ _18242_/Z (BUF_X2)
   0.06    0.47 ^ _18271_/Z (BUF_X2)
   0.09    0.57 ^ _18325_/Z (BUF_X1)
   0.07    0.63 v _18355_/Z (MUX2_X1)
   0.06    0.69 v _18356_/Z (MUX2_X1)
   0.06    0.75 v _18357_/Z (MUX2_X1)
   0.17    0.92 ^ _18358_/ZN (AOI21_X1)
   0.07    0.99 ^ _20581_/ZN (AND2_X1)
   0.02    1.01 v _20582_/ZN (AOI21_X1)
   0.05    1.06 ^ _20603_/ZN (INV_X1)
   0.02    1.09 v _20604_/ZN (NAND2_X1)
   0.09    1.17 v _30153_/CO (FA_X1)
   0.11    1.29 ^ _30168_/S (FA_X1)
   0.01    1.30 v _21493_/ZN (INV_X1)
   0.09    1.39 v _30169_/S (FA_X1)
   0.12    1.51 ^ _30174_/S (FA_X1)
   0.01    1.52 v _21168_/ZN (INV_X1)
   0.12    1.63 ^ _30178_/S (FA_X1)
   0.09    1.72 v _30179_/S (FA_X1)
   0.02    1.74 ^ _21495_/ZN (INV_X1)
   0.06    1.80 ^ _30534_/S (HA_X1)
   0.03    1.83 v _23568_/ZN (AOI21_X1)
   0.06    1.89 ^ _23570_/ZN (AOI21_X1)
   0.07    1.96 ^ _23655_/ZN (AND4_X1)
   0.01    1.97 v _23717_/ZN (NOR2_X1)
   0.08    2.05 ^ _23718_/ZN (AOI21_X1)
   0.03    2.07 v _23719_/ZN (AOI21_X1)
   0.05    2.12 ^ _23720_/Z (XOR2_X1)
   0.01    2.14 v _23721_/ZN (NOR2_X1)
   0.12    2.26 ^ _23722_/ZN (NOR3_X1)
   0.03    2.29 v _23724_/ZN (OAI22_X1)
   0.12    2.40 ^ _23725_/ZN (AOI21_X1)
   0.09    2.50 ^ _23726_/Z (BUF_X1)
   0.03    2.52 v _24335_/ZN (OAI21_X1)
   0.00    2.52 v gen_regfile_ff.register_file_i.rf_reg_q[246]$_DFFE_PN0P_/D (DFFR_X1)
           2.52   data arrival time

   2.20    2.20   clock core_clock (rise edge)
   0.00    2.20   clock network delay (ideal)
   0.00    2.20   clock reconvergence pessimism
           2.20 ^ gen_regfile_ff.register_file_i.rf_reg_q[246]$_DFFE_PN0P_/CK (DFFR_X1)
  -0.04    2.16   library setup time
           2.16   data required time
---------------------------------------------------------
           2.16   data required time
          -2.52   data arrival time
---------------------------------------------------------
          -0.37   slack (VIOLATED)



==========================================================================
detailed place report_checks -path_delay min reg to reg
--------------------------------------------------------------------------
Startpoint: load_store_unit_i.data_we_q$_DFFE_PN0P_
            (rising edge-triggered flip-flop clocked by core_clock)
Endpoint: id_stage_i.controller_i.store_err_q$_DFF_PN0_
          (rising edge-triggered flip-flop clocked by core_clock)
Path Group: core_clock
Path Type: min

  Delay    Time   Description
---------------------------------------------------------
   0.00    0.00   clock core_clock (rise edge)
   0.00    0.00   clock network delay (ideal)
   0.00    0.00 ^ load_store_unit_i.data_we_q$_DFFE_PN0P_/CK (DFFR_X1)
   0.07    0.07 ^ load_store_unit_i.data_we_q$_DFFE_PN0P_/QN (DFFR_X1)
   0.01    0.08 v _20134_/ZN (NOR3_X1)
   0.00    0.08 v id_stage_i.controller_i.store_err_q$_DFF_PN0_/D (DFFR_X1)
           0.08   data arrival time

   0.00    0.00   clock core_clock (rise edge)
   0.00    0.00   clock network delay (ideal)
   0.00    0.00   clock reconvergence pessimism
           0.00 ^ id_stage_i.controller_i.store_err_q$_DFF_PN0_/CK (DFFR_X1)
   0.00    0.00   library hold time
           0.00   data required time
---------------------------------------------------------
           0.00   data required time
          -0.08   data arrival time
---------------------------------------------------------
           0.08   slack (MET)



==========================================================================
detailed place critical path target clock latency max path
--------------------------------------------------------------------------
0.0000

==========================================================================
detailed place critical path target clock latency min path
--------------------------------------------------------------------------
0.0000

==========================================================================
detailed place critical path source clock latency min path
--------------------------------------------------------------------------
0.0000

==========================================================================
detailed place critical path delay
--------------------------------------------------------------------------
2.5234

==========================================================================
detailed place critical path slack
--------------------------------------------------------------------------
-0.3675

==========================================================================
detailed place slack div critical path delay
--------------------------------------------------------------------------
-14.563684

==========================================================================
detailed place report_power
--------------------------------------------------------------------------
Group                  Internal  Switching    Leakage      Total
                          Power      Power      Power      Power (Watts)
----------------------------------------------------------------
Sequential             1.13e-02   1.50e-03   1.56e-04   1.29e-02  16.3%
Combinational          2.99e-02   3.56e-02   4.29e-04   6.59e-02  83.2%
Clock                  1.63e-06   3.75e-04   2.97e-08   3.76e-04   0.5%
Macro                  0.00e+00   0.00e+00   0.00e+00   0.00e+00   0.0%
Pad                    0.00e+00   0.00e+00   0.00e+00   0.00e+00   0.0%
----------------------------------------------------------------
Total                  4.12e-02   3.75e-02   5.85e-04   7.92e-02 100.0%
                          52.0%      47.3%       0.7%
