
==========================================================================
global place report_tns
--------------------------------------------------------------------------
tns -245.49

==========================================================================
global place report_wns
--------------------------------------------------------------------------
wns -21.91

==========================================================================
global place report_worst_slack
--------------------------------------------------------------------------
worst slack -21.91

==========================================================================
global place report_checks -path_delay min
--------------------------------------------------------------------------
Startpoint: dpath.a_reg.out[11]$_DFFE_PP_
            (rising edge-triggered flip-flop clocked by core_clock)
Endpoint: dpath.a_reg.out[11]$_DFFE_PP_
          (rising edge-triggered flip-flop clocked by core_clock)
Path Group: core_clock
Path Type: min

Fanout     Cap    Slew   Delay    Time   Description
-----------------------------------------------------------------------------
                  0.00    0.00    0.00   clock core_clock (rise edge)
                          0.00    0.00   clock network delay (ideal)
                  0.00    0.00    0.00 ^ dpath.a_reg.out[11]$_DFFE_PP_/CLK (DFFHQNx1_ASAP7_75t_R)
     2    1.55   17.89   35.98   35.98 ^ dpath.a_reg.out[11]$_DFFE_PP_/QN (DFFHQNx1_ASAP7_75t_R)
                                         _043_ (net)
                 17.89    0.02   35.99 ^ _408_/A1 (AOI22x1_ASAP7_75t_R)
     1    0.61    8.74    7.22   43.22 v _408_/Y (AOI22x1_ASAP7_75t_R)
                                         _054_ (net)
                  8.74    0.01   43.22 v dpath.a_reg.out[11]$_DFFE_PP_/D (DFFHQNx1_ASAP7_75t_R)
                                 43.22   data arrival time

                  0.00    0.00    0.00   clock core_clock (rise edge)
                          0.00    0.00   clock network delay (ideal)
                          0.00    0.00   clock reconvergence pessimism
                                  0.00 ^ dpath.a_reg.out[11]$_DFFE_PP_/CLK (DFFHQNx1_ASAP7_75t_R)
                          8.40    8.40   library hold time
                                  8.40   data required time
-----------------------------------------------------------------------------
                                  8.40   data required time
                                -43.22   data arrival time
-----------------------------------------------------------------------------
                                 34.82   slack (MET)



==========================================================================
global place report_checks -path_delay max
--------------------------------------------------------------------------
Startpoint: dpath.b_reg.out[4]$_DFFE_PP_
            (rising edge-triggered flip-flop clocked by core_clock)
Endpoint: resp_msg[13] (output port clocked by core_clock)
Path Group: core_clock
Path Type: max

Fanout     Cap    Slew   Delay    Time   Description
-----------------------------------------------------------------------------
                  0.00    0.00    0.00   clock core_clock (rise edge)
                          0.00    0.00   clock network delay (ideal)
                  0.00    0.00    0.00 ^ dpath.b_reg.out[4]$_DFFE_PP_/CLK (DFFHQNx1_ASAP7_75t_R)
     4    3.61   28.83   42.22   42.22 v dpath.b_reg.out[4]$_DFFE_PP_/QN (DFFHQNx1_ASAP7_75t_R)
                                         _291_ (net)
                 28.84    0.13   42.35 v _572_/B (HAxp5_ASAP7_75t_R)
     5    3.74   76.63   68.34  110.68 v _572_/SN (HAxp5_ASAP7_75t_R)
                                         _022_ (net)
                 76.63    0.03  110.71 v _394_/B (OR3x1_ASAP7_75t_R)
     1    0.45    9.67   34.91  145.62 v _394_/Y (OR3x1_ASAP7_75t_R)
                                         _155_ (net)
                  9.67    0.00  145.62 v _395_/B (OA211x2_ASAP7_75t_R)
     3    2.67   14.35   29.44  175.06 v _395_/Y (OA211x2_ASAP7_75t_R)
                                         _156_ (net)
                 14.35    0.16  175.22 v _400_/A1 (OA21x2_ASAP7_75t_R)
     3    2.72   11.41   21.14  196.35 v _400_/Y (OA21x2_ASAP7_75t_R)
                                         _161_ (net)
                 11.42    0.16  196.51 v _402_/A2 (AO21x1_ASAP7_75t_R)
     3    2.61   16.50   20.44  216.95 v _402_/Y (AO21x1_ASAP7_75t_R)
                                         _163_ (net)
                 16.50    0.03  216.99 v _417_/A2 (AO32x1_ASAP7_75t_R)
     1    1.12   11.14   24.25  241.24 v _417_/Y (AO32x1_ASAP7_75t_R)
                                         _175_ (net)
                 11.14    0.02  241.25 v _418_/B (XOR2x2_ASAP7_75t_R)
     2    1.04    9.84   28.61  269.87 ^ _418_/Y (XOR2x2_ASAP7_75t_R)
                                         resp_msg[13] (net)
                  9.84    0.04  269.91 ^ resp_msg[13] (out)
                                269.91   data arrival time

                  0.00  310.00  310.00   clock core_clock (rise edge)
                          0.00  310.00   clock network delay (ideal)
                          0.00  310.00   clock reconvergence pessimism
                        -62.00  248.00   output external delay
                                248.00   data required time
-----------------------------------------------------------------------------
                                248.00   data required time
                               -269.91   data arrival time
-----------------------------------------------------------------------------
                                -21.91   slack (VIOLATED)



==========================================================================
global place report_checks -unconstrained
--------------------------------------------------------------------------
Startpoint: dpath.b_reg.out[4]$_DFFE_PP_
            (rising edge-triggered flip-flop clocked by core_clock)
Endpoint: resp_msg[13] (output port clocked by core_clock)
Path Group: core_clock
Path Type: max

Fanout     Cap    Slew   Delay    Time   Description
-----------------------------------------------------------------------------
                  0.00    0.00    0.00   clock core_clock (rise edge)
                          0.00    0.00   clock network delay (ideal)
                  0.00    0.00    0.00 ^ dpath.b_reg.out[4]$_DFFE_PP_/CLK (DFFHQNx1_ASAP7_75t_R)
     4    3.61   28.83   42.22   42.22 v dpath.b_reg.out[4]$_DFFE_PP_/QN (DFFHQNx1_ASAP7_75t_R)
                                         _291_ (net)
                 28.84    0.13   42.35 v _572_/B (HAxp5_ASAP7_75t_R)
     5    3.74   76.63   68.34  110.68 v _572_/SN (HAxp5_ASAP7_75t_R)
                                         _022_ (net)
                 76.63    0.03  110.71 v _394_/B (OR3x1_ASAP7_75t_R)
     1    0.45    9.67   34.91  145.62 v _394_/Y (OR3x1_ASAP7_75t_R)
                                         _155_ (net)
                  9.67    0.00  145.62 v _395_/B (OA211x2_ASAP7_75t_R)
     3    2.67   14.35   29.44  175.06 v _395_/Y (OA211x2_ASAP7_75t_R)
                                         _156_ (net)
                 14.35    0.16  175.22 v _400_/A1 (OA21x2_ASAP7_75t_R)
     3    2.72   11.41   21.14  196.35 v _400_/Y (OA21x2_ASAP7_75t_R)
                                         _161_ (net)
                 11.42    0.16  196.51 v _402_/A2 (AO21x1_ASAP7_75t_R)
     3    2.61   16.50   20.44  216.95 v _402_/Y (AO21x1_ASAP7_75t_R)
                                         _163_ (net)
                 16.50    0.03  216.99 v _417_/A2 (AO32x1_ASAP7_75t_R)
     1    1.12   11.14   24.25  241.24 v _417_/Y (AO32x1_ASAP7_75t_R)
                                         _175_ (net)
                 11.14    0.02  241.25 v _418_/B (XOR2x2_ASAP7_75t_R)
     2    1.04    9.84   28.61  269.87 ^ _418_/Y (XOR2x2_ASAP7_75t_R)
                                         resp_msg[13] (net)
                  9.84    0.04  269.91 ^ resp_msg[13] (out)
                                269.91   data arrival time

                  0.00  310.00  310.00   clock core_clock (rise edge)
                          0.00  310.00   clock network delay (ideal)
                          0.00  310.00   clock reconvergence pessimism
                        -62.00  248.00   output external delay
                                248.00   data required time
-----------------------------------------------------------------------------
                                248.00   data required time
                               -269.91   data arrival time
-----------------------------------------------------------------------------
                                -21.91   slack (VIOLATED)



==========================================================================
global place report_power
--------------------------------------------------------------------------
Group                  Internal  Switching    Leakage      Total
                          Power      Power      Power      Power (Watts)
----------------------------------------------------------------
Sequential             2.11e-04   2.37e-05   5.34e-09   2.35e-04  42.0%
Combinational          1.70e-04   1.54e-04   2.17e-08   3.24e-04  58.0%
Clock                  0.00e+00   0.00e+00   0.00e+00   0.00e+00   0.0%
Macro                  0.00e+00   0.00e+00   0.00e+00   0.00e+00   0.0%
Pad                    0.00e+00   0.00e+00   0.00e+00   0.00e+00   0.0%
----------------------------------------------------------------
Total                  3.81e-04   1.78e-04   2.70e-08   5.59e-04 100.0%
                          68.2%      31.8%       0.0%
